Archive member included because of file (symbol)

c:/program files (x86)/gnu tools arm embedded/4.8 2014q1/bin/../lib/gcc/arm-none-eabi/4.8.3/../../../../arm-none-eabi/lib/armv7e-m/fpu\libg_s.a(lib_a-exit.o)
                              c:/program files (x86)/gnu tools arm embedded/4.8 2014q1/bin/../lib/gcc/arm-none-eabi/4.8.3/../../../../arm-none-eabi/lib/armv7e-m/fpu/crt0.o (exit)
c:/program files (x86)/gnu tools arm embedded/4.8 2014q1/bin/../lib/gcc/arm-none-eabi/4.8.3/../../../../arm-none-eabi/lib/armv7e-m/fpu\libg_s.a(lib_a-impure.o)
                              c:/program files (x86)/gnu tools arm embedded/4.8 2014q1/bin/../lib/gcc/arm-none-eabi/4.8.3/../../../../arm-none-eabi/lib/armv7e-m/fpu\libg_s.a(lib_a-exit.o) (_global_impure_ptr)
c:/program files (x86)/gnu tools arm embedded/4.8 2014q1/bin/../lib/gcc/arm-none-eabi/4.8.3/../../../../arm-none-eabi/lib/armv7e-m/fpu\libg_s.a(lib_a-init.o)
                              c:/program files (x86)/gnu tools arm embedded/4.8 2014q1/bin/../lib/gcc/arm-none-eabi/4.8.3/../../../../arm-none-eabi/lib/armv7e-m/fpu/crt0.o (__libc_init_array)
c:/program files (x86)/gnu tools arm embedded/4.8 2014q1/bin/../lib/gcc/arm-none-eabi/4.8.3/../../../../arm-none-eabi/lib/armv7e-m/fpu\libg_s.a(lib_a-memset.o)
                              c:/program files (x86)/gnu tools arm embedded/4.8 2014q1/bin/../lib/gcc/arm-none-eabi/4.8.3/../../../../arm-none-eabi/lib/armv7e-m/fpu/crt0.o (memset)
c:/program files (x86)/gnu tools arm embedded/4.8 2014q1/bin/../lib/gcc/arm-none-eabi/4.8.3/../../../../arm-none-eabi/lib/armv7e-m/fpu\libg_s.a(lib_a-strchr.o)
                              ./Generated_Code/UTIL1.o (strchr)
c:/program files (x86)/gnu tools arm embedded/4.8 2014q1/bin/../lib/gcc/arm-none-eabi/4.8.3/../../../../arm-none-eabi/lib/armv7e-m/fpu\libg_s.a(lib_a-strlen.o)
                              ./Generated_Code/UTIL1.o (strlen)
c:/program files (x86)/gnu tools arm embedded/4.8 2014q1/bin/../lib/gcc/arm-none-eabi/4.8.3/../../../../arm-none-eabi/lib/armv7e-m/fpu\libg_s.a(lib_a-strncmp.o)
                              ./Generated_Code/UTIL1.o (strncmp)
c:/program files (x86)/gnu tools arm embedded/4.8 2014q1/bin/../lib/gcc/arm-none-eabi/4.8.3/../../../../arm-none-eabi/lib/armv7e-m/fpu\libnosys.a(_exit.o)
                              c:/program files (x86)/gnu tools arm embedded/4.8 2014q1/bin/../lib/gcc/arm-none-eabi/4.8.3/../../../../arm-none-eabi/lib/armv7e-m/fpu\libg_s.a(lib_a-exit.o) (_exit)

Allocating common symbols
Common symbol       size              file

g_context           0x18              ./Sources/main.o
g_sContext          0x2c              ./Sources/grlib/gfx.o
SR_reg              0x1               ./Generated_Code/Cpu.o
gfx_invalid_bounds  0x8               ./Sources/grlib/gfx.o

Discarded input sections

 .text          0x00000000        0x0 c:/program files (x86)/gnu tools arm embedded/4.8 2014q1/bin/../lib/gcc/arm-none-eabi/4.8.3/armv7e-m/fpu/crti.o
 .data          0x00000000        0x0 c:/program files (x86)/gnu tools arm embedded/4.8 2014q1/bin/../lib/gcc/arm-none-eabi/4.8.3/armv7e-m/fpu/crti.o
 .bss           0x00000000        0x0 c:/program files (x86)/gnu tools arm embedded/4.8 2014q1/bin/../lib/gcc/arm-none-eabi/4.8.3/armv7e-m/fpu/crti.o
 .data          0x00000000        0x4 c:/program files (x86)/gnu tools arm embedded/4.8 2014q1/bin/../lib/gcc/arm-none-eabi/4.8.3/armv7e-m/fpu/crtbegin.o
 .data          0x00000000        0x0 c:/program files (x86)/gnu tools arm embedded/4.8 2014q1/bin/../lib/gcc/arm-none-eabi/4.8.3/../../../../arm-none-eabi/lib/armv7e-m/fpu/crt0.o
 .bss           0x00000000        0x0 c:/program files (x86)/gnu tools arm embedded/4.8 2014q1/bin/../lib/gcc/arm-none-eabi/4.8.3/../../../../arm-none-eabi/lib/armv7e-m/fpu/crt0.o
 .ARM.extab     0x00000000        0x0 c:/program files (x86)/gnu tools arm embedded/4.8 2014q1/bin/../lib/gcc/arm-none-eabi/4.8.3/../../../../arm-none-eabi/lib/armv7e-m/fpu/crt0.o
 .group         0x00000000        0x8 ./Sources/grlib/font/fontorbitron12.o
 .group         0x00000000        0x8 ./Sources/grlib/font/fontorbitron12.o
 .group         0x00000000        0x8 ./Sources/grlib/font/fontorbitron12.o
 .group         0x00000000        0x8 ./Sources/grlib/font/fontorbitron12.o
 .group         0x00000000        0x8 ./Sources/grlib/font/fontorbitron12.o
 .group         0x00000000        0x8 ./Sources/grlib/font/fontorbitron12.o
 .group         0x00000000        0x8 ./Sources/grlib/font/fontorbitron12.o
 .group         0x00000000        0x8 ./Sources/grlib/font/fontorbitron12.o
 .group         0x00000000        0x8 ./Sources/grlib/font/fontorbitron12.o
 .group         0x00000000        0x8 ./Sources/grlib/font/fontorbitron12.o
 .group         0x00000000        0x8 ./Sources/grlib/font/fontorbitron12.o
 .group         0x00000000        0x8 ./Sources/grlib/font/fontorbitron12.o
 .group         0x00000000        0x8 ./Sources/grlib/font/fontorbitron12.o
[...]
Memory Configuration

Name             Origin             Length             Attributes
m_interrupts     0x00010000         0x00000188         xr
m_text           0x00010400         0x000efbf0         xr
m_data           0x1fff0000         0x00010000         rw
m_data_20000000  0x20000000         0x00010000         rw
m_cfmprotrom     0x00000400         0x00000010         xr
*default*        0x00000000         0xffffffff

Linker script and memory map

LOAD c:/program files (x86)/gnu tools arm embedded/4.8 2014q1/bin/../lib/gcc/arm-none-eabi/4.8.3/armv7e-m/fpu/crti.o
LOAD c:/program files (x86)/gnu tools arm embedded/4.8 2014q1/bin/../lib/gcc/arm-none-eabi/4.8.3/armv7e-m/fpu/crtbegin.o
LOAD c:/program files (x86)/gnu tools arm embedded/4.8 2014q1/bin/../lib/gcc/arm-none-eabi/4.8.3/../../../../arm-none-eabi/lib/armv7e-m/fpu/crt0.o
LOAD ./Sources/grlib/font/fontorbitron12.o
LOAD ./Sources/grlib/font/fontorbitron16.o
LOAD ./Sources/grlib/font/fontorbitron24.o
LOAD ./Sources/grlib/font/fontorbitronb12.o
LOAD ./Sources/grlib/font/fontorbitronb16.o
LOAD ./Sources/grlib/font/fontorbitronb24.o
LOAD ./Sources/grlib/font/fontorbitronb32.o
LOAD ./Sources/grlib/font/fontorbitronb48.o
LOAD ./Sources/grlib/font/fontorbitronb72.o
LOAD ./Sources/grlib/charmap.o
LOAD ./Sources/grlib/circle.o
LOAD ./Sources/grlib/context.o
LOAD ./Sources/grlib/gfx.o
LOAD ./Sources/grlib/image.o
LOAD ./Sources/grlib/line.o
LOAD ./Sources/grlib/offscr1bpp.o
LOAD ./Sources/grlib/offscr4bpp.o
LOAD ./Sources/grlib/offscr8bpp.o
LOAD ./Sources/grlib/rectangle.o
LOAD ./Sources/grlib/st7789s.o
LOAD ./Sources/grlib/string.o
LOAD ./Sources/Events.o
LOAD ./Sources/main.o
LOAD ./Project_Settings/Startup_Code/startup.o
LOAD ./Generated_Code/CI2C1.o
LOAD ./Generated_Code/CS1.o
LOAD ./Generated_Code/Cpu.o
LOAD ./Generated_Code/GI2C1.o
LOAD ./Generated_Code/KSDK1.o
LOAD ./Generated_Code/PE_LDD.o
LOAD ./Generated_Code/SysTick.o
LOAD ./Generated_Code/TMOUT1.o
LOAD ./Generated_Code/UTIL1.o
LOAD ./Generated_Code/Vectors.o
LOAD ./Generated_Code/WAIT1.o
LOAD c:/program files (x86)/gnu tools arm embedded/4.8 2014q1/bin/../lib/gcc/arm-none-eabi/4.8.3/../../../../arm-none-eabi/lib/armv7e-m/fpu\libstdc++_s.a
LOAD c:/program files (x86)/gnu tools arm embedded/4.8 2014q1/bin/../lib/gcc/arm-none-eabi/4.8.3/../../../../arm-none-eabi/lib/armv7e-m/fpu\libm.a
START GROUP
LOAD c:/program files (x86)/gnu tools arm embedded/4.8 2014q1/bin/../lib/gcc/arm-none-eabi/4.8.3/armv7e-m/fpu\libgcc.a
LOAD c:/program files (x86)/gnu tools arm embedded/4.8 2014q1/bin/../lib/gcc/arm-none-eabi/4.8.3/../../../../arm-none-eabi/lib/armv7e-m/fpu\libg_s.a
LOAD c:/program files (x86)/gnu tools arm embedded/4.8 2014q1/bin/../lib/gcc/arm-none-eabi/4.8.3/../../../../arm-none-eabi/lib/armv7e-m/fpu\libc_s.a
END GROUP
START GROUP
LOAD c:/program files (x86)/gnu tools arm embedded/4.8 2014q1/bin/../lib/gcc/arm-none-eabi/4.8.3/armv7e-m/fpu\libgcc.a
LOAD c:/program files (x86)/gnu tools arm embedded/4.8 2014q1/bin/../lib/gcc/arm-none-eabi/4.8.3/../../../../arm-none-eabi/lib/armv7e-m/fpu\libc_s.a
LOAD c:/program files (x86)/gnu tools arm embedded/4.8 2014q1/bin/../lib/gcc/arm-none-eabi/4.8.3/../../../../arm-none-eabi/lib/armv7e-m/fpu\libnosys.a
END GROUP
START GROUP
LOAD c:/program files (x86)/gnu tools arm embedded/4.8 2014q1/bin/../lib/gcc/arm-none-eabi/4.8.3/armv7e-m/fpu\libgcc.a
LOAD c:/program files (x86)/gnu tools arm embedded/4.8 2014q1/bin/../lib/gcc/arm-none-eabi/4.8.3/../../../../arm-none-eabi/lib/armv7e-m/fpu\libc_s.a
LOAD c:/program files (x86)/gnu tools arm embedded/4.8 2014q1/bin/../lib/gcc/arm-none-eabi/4.8.3/../../../../arm-none-eabi/lib/armv7e-m/fpu\libnosys.a
END GROUP
LOAD c:/program files (x86)/gnu tools arm embedded/4.8 2014q1/bin/../lib/gcc/arm-none-eabi/4.8.3/armv7e-m/fpu/crtend.o
LOAD c:/program files (x86)/gnu tools arm embedded/4.8 2014q1/bin/../lib/gcc/arm-none-eabi/4.8.3/armv7e-m/fpu/crtn.o
                0x20000000                _estack = 0x20000000
                0x20000000                __SP_INIT = _estack
                0x20000000                __stack = _estack
                0x00001000                __heap_size = 0x1000
                0x00000400                __stack_size = 0x400

.interrupts     0x00010000      0x188
                0x00010000                __vector_table = .
                0x00010000                . = ALIGN (0x4)
 *(.vectortable)
 .vectortable   0x00010000      0x188 ./Generated_Code/Vectors.o
                0x00010000                __vect_table
                0x00010188                . = ALIGN (0x4)

.cfmprotect     0x00000400        0x0
                0x00000400                . = ALIGN (0x4)
 *(.cfmconfig)
                0x00000400                . = ALIGN (0x4)

.text           0x00010400     0x3ccc
                0x00010400                . = ALIGN (0x4)
 *(.text)
 .text          0x00010400       0x54 c:/program files (x86)/gnu tools arm embedded/4.8 2014q1/bin/../lib/gcc/arm-none-eabi/4.8.3/armv7e-m/fpu/crtbegin.o
 .text          0x00010454       0x74 c:/program files (x86)/gnu tools arm embedded/4.8 2014q1/bin/../lib/gcc/arm-none-eabi/4.8.3/../../../../arm-none-eabi/lib/armv7e-m/fpu/crt0.o
                0x00010454                _start
                0x00010454                _mainCRTStartup
 *(.text*)
 .text.GrMapISO8859_1_Unicode
                0x000104c8       0x24 ./Sources/grlib/charmap.o
                0x000104c8                GrMapISO8859_1_Unicode
 .text.GrContextInit
                0x000104ec       0xd0 ./Sources/grlib/context.o
                0x000104ec                GrContextInit
 .text.gfx_initialize
                0x000105bc       0x68 ./Sources/grlib/gfx.o
                0x000105bc                gfx_initialize
 .text.GrRectFill
                0x00010624      0x104 ./Sources/grlib/rectangle.o
                0x00010624                GrRectFill
 .text.st7789s_delay
                0x00010728       0x20 ./Sources/grlib/st7789s.o
                0x00010728                st7789s_delay
 .text.st7789s_write_command
                0x00010748       0x20 ./Sources/grlib/st7789s.o
                0x00010748                st7789s_write_command
 .text.st7789s_write_byte
                0x00010768       0x20 ./Sources/grlib/st7789s.o
                0x00010768                st7789s_write_byte
 .text.st7789s_write_word
                0x00010788       0x28 ./Sources/grlib/st7789s.o
                0x00010788                st7789s_write_word
 .text.st7789s_set_column_page
                0x000107b0       0xb0 ./Sources/grlib/st7789s.o
                0x000107b0                st7789s_set_column_page
 .text.st7789s_initialize
                0x00010860      0x1f0 ./Sources/grlib/st7789s.o
                0x00010860                st7789s_initialize
 .text.st7789s_draw_pixel
                0x00010a50       0x34 ./Sources/grlib/st7789s.o
                0x00010a50                st7789s_draw_pixel
 .text.st7789s_draw_horizontal_line
                0x00010a84       0x48 ./Sources/grlib/st7789s.o
                0x00010a84                st7789s_draw_horizontal_line
 .text.st7789s_draw_vertical_line
                0x00010acc       0x44 ./Sources/grlib/st7789s.o
                0x00010acc                st7789s_draw_vertical_line
 .text.st7789s_fill_rectangle
                0x00010b10       0x90 ./Sources/grlib/st7789s.o
                0x00010b10                st7789s_fill_rectangle
 .text.st7789s_clear
                0x00010ba0       0x48 ./Sources/grlib/st7789s.o
                0x00010ba0                st7789s_clear
 .text.st7789s_translate_color
                0x00010be8       0x30 ./Sources/grlib/st7789s.o
                0x00010be8                st7789s_translate_color
 .text.lcd_hw_translateColor
                0x00010c18       0x34 ./Sources/grlib/st7789s.o
                0x00010c18                lcd_hw_translateColor
 .text.lcd_hw_drawPixel
                0x00010c4c       0x3c ./Sources/grlib/st7789s.o
                0x00010c4c                lcd_hw_drawPixel
 .text.lcd_hw_drawPixels
                0x00010c88      0x168 ./Sources/grlib/st7789s.o
                0x00010c88                lcd_hw_drawPixels
 .text.lcd_hw_drawHorizontalLine
                0x00010df0       0x48 ./Sources/grlib/st7789s.o
                0x00010df0                lcd_hw_drawHorizontalLine
 .text.lcd_hw_drawVerticalLine
                0x00010e38       0x44 ./Sources/grlib/st7789s.o
                0x00010e38                lcd_hw_drawVerticalLine
 .text.lcd_hw_fillRectangle
                0x00010e7c       0x90 ./Sources/grlib/st7789s.o
                0x00010e7c                lcd_hw_fillRectangle
 .text.lcd_hw_flush
                0x00010f0c       0x14 ./Sources/grlib/st7789s.o
                0x00010f0c                lcd_hw_flush
 .text.GrStringWidthGet
                0x00010f20       0xc0 ./Sources/grlib/string.o
                0x00010f20                GrStringWidthGet
 .text.GrStringDraw
                0x00010fe0       0x2c ./Sources/grlib/string.o
                0x00010fe0                GrStringDraw
 .text.GrDefaultStringRenderer
                0x0001100c      0x114 ./Sources/grlib/string.o
                0x0001100c                GrDefaultStringRenderer
 .text.GrStringNextCharGet
                0x00011120       0x50 ./Sources/grlib/string.o
                0x00011120                GrStringNextCharGet
 .text.GrFontGlyphRender
                0x00011170      0x444 ./Sources/grlib/string.o
                0x00011170                GrFontGlyphRender
 .text.GrFontInfoGet
                0x000115b4       0x60 ./Sources/grlib/string.o
                0x000115b4                GrFontInfoGet
 .text.GrFontBaselineGet
                0x00011614       0x44 ./Sources/grlib/string.o
                0x00011614                GrFontBaselineGet
 .text.FontGlyphDataGet
                0x00011658       0x8c ./Sources/grlib/string.o
 .text.FontWideGlyphDataGet
                0x000116e4       0xd8 ./Sources/grlib/string.o
 .text.GrFontGlyphDataGet
                0x000117bc       0x5c ./Sources/grlib/string.o
                0x000117bc                GrFontGlyphDataGet
 .text.GrFontCodepageGet
                0x00011818       0x44 ./Sources/grlib/string.o
                0x00011818                GrFontCodepageGet
 .text.UpdateContextCharMapping
                0x0001185c       0x88 ./Sources/grlib/string.o
 .text.GrContextFontSet
                0x000118e4       0x1c ./Sources/grlib/string.o
                0x000118e4                GrContextFontSet
 .text.Cpu_OnNMIINT
                0x00011900        0xc ./Sources/Events.o
                0x00011900                Cpu_OnNMIINT
 .text.Init_GPIO
                0x0001190c      0x1a8 ./Sources/main.o
 .text.Init_Flexbus
                0x00011ab4       0xa0 ./Sources/main.o
 .text.Init_FTM
                0x00011b54      0x138 ./Sources/main.o
 .text.DisplayMessage
                0x00011c8c       0xb4 ./Sources/main.o
 .text.main     0x00011d40       0xd4 ./Sources/main.o
                0x00011d40                main
 .text.__copy_rom_section
                0x00011e14       0xe4 ./Project_Settings/Startup_Code/startup.o
                0x00011e14                __copy_rom_section
 .text.__copy_rom_sections_to_ram
                0x00011ef8       0x9c ./Project_Settings/Startup_Code/startup.o
                0x00011ef8                __copy_rom_sections_to_ram
 .text.__init_registers
                0x00011f94       0x20 ./Project_Settings/Startup_Code/startup.o
                0x00011f94                __init_registers
 .text.__init_user
                0x00011fb4        0xc ./Project_Settings/Startup_Code/startup.o
                0x00011fb4                __init_user
 .text.__thumb_startup
                0x00011fc0       0x34 ./Project_Settings/Startup_Code/startup.o
                0x00011fc0                __thumb_startup
 .text.CI2C1_Interrupt
                0x00011ff4      0x2b4 ./Generated_Code/CI2C1.o
                0x00011ff4                CI2C1_Interrupt
 .text.CI2C1_Init
                0x000122a8      0x138 ./Generated_Code/CI2C1.o
                0x000122a8                CI2C1_Init
 .text.Cpu_INT_NMIInterrupt
                0x000123e0       0x1c ./Generated_Code/Cpu.o
                0x000123e0                Cpu_INT_NMIInterrupt
 .text.Cpu_ivINT_Hard_Fault
                0x000123fc       0x18 ./Generated_Code/Cpu.o
                0x000123fc                Cpu_ivINT_Hard_Fault
 .text.Cpu_ivINT_Mem_Manage_Fault
                0x00012414       0x18 ./Generated_Code/Cpu.o
                0x00012414                Cpu_ivINT_Mem_Manage_Fault
 .text.Cpu_ivINT_Bus_Fault
                0x0001242c       0x18 ./Generated_Code/Cpu.o
                0x0001242c                Cpu_ivINT_Bus_Fault
 .text.Cpu_ivINT_Usage_Fault
                0x00012444       0x18 ./Generated_Code/Cpu.o
                0x00012444                Cpu_ivINT_Usage_Fault
 .text.Cpu_ivINT_Reserved7
                0x0001245c       0x18 ./Generated_Code/Cpu.o
                0x0001245c                Cpu_ivINT_Reserved7
 .text.Cpu_ivINT_Reserved8
                0x00012474       0x18 ./Generated_Code/Cpu.o
                0x00012474                Cpu_ivINT_Reserved8
 .text.Cpu_ivINT_Reserved9
                0x0001248c       0x18 ./Generated_Code/Cpu.o
                0x0001248c                Cpu_ivINT_Reserved9
 .text.Cpu_ivINT_Reserved10
                0x000124a4       0x18 ./Generated_Code/Cpu.o
                0x000124a4                Cpu_ivINT_Reserved10
 .text.Cpu_ivINT_SVCall
                0x000124bc       0x18 ./Generated_Code/Cpu.o
                0x000124bc                Cpu_ivINT_SVCall
 .text.Cpu_ivINT_DebugMonitor
                0x000124d4       0x18 ./Generated_Code/Cpu.o
                0x000124d4                Cpu_ivINT_DebugMonitor
 .text.Cpu_ivINT_Reserved13
                0x000124ec       0x18 ./Generated_Code/Cpu.o
                0x000124ec                Cpu_ivINT_Reserved13
 .text.Cpu_ivINT_PendableSrvReq
                0x00012504       0x18 ./Generated_Code/Cpu.o
                0x00012504                Cpu_ivINT_PendableSrvReq
 .text.Cpu_ivINT_SysTick
                0x0001251c       0x18 ./Generated_Code/Cpu.o
                0x0001251c                Cpu_ivINT_SysTick
 .text.Cpu_ivINT_DMA0
                0x00012534       0x18 ./Generated_Code/Cpu.o
                0x00012534                Cpu_ivINT_DMA0
 .text.Cpu_ivINT_DMA1
                0x0001254c       0x18 ./Generated_Code/Cpu.o
                0x0001254c                Cpu_ivINT_DMA1
 .text.Cpu_ivINT_DMA2
                0x00012564       0x18 ./Generated_Code/Cpu.o
                0x00012564                Cpu_ivINT_DMA2
 .text.Cpu_ivINT_DMA3
                0x0001257c       0x18 ./Generated_Code/Cpu.o
                0x0001257c                Cpu_ivINT_DMA3
 .text.Cpu_ivINT_DMA4
                0x00012594       0x18 ./Generated_Code/Cpu.o
                0x00012594                Cpu_ivINT_DMA4
 .text.Cpu_ivINT_DMA5
                0x000125ac       0x18 ./Generated_Code/Cpu.o
                0x000125ac                Cpu_ivINT_DMA5
 .text.Cpu_ivINT_DMA6
                0x000125c4       0x18 ./Generated_Code/Cpu.o
                0x000125c4                Cpu_ivINT_DMA6
 .text.Cpu_ivINT_DMA7
                0x000125dc       0x18 ./Generated_Code/Cpu.o
                0x000125dc                Cpu_ivINT_DMA7
 .text.Cpu_ivINT_DMA8
                0x000125f4       0x18 ./Generated_Code/Cpu.o
                0x000125f4                Cpu_ivINT_DMA8
 .text.Cpu_ivINT_DMA9
                0x0001260c       0x18 ./Generated_Code/Cpu.o
                0x0001260c                Cpu_ivINT_DMA9
 .text.Cpu_ivINT_DMA10
                0x00012624       0x18 ./Generated_Code/Cpu.o
                0x00012624                Cpu_ivINT_DMA10
 .text.Cpu_ivINT_DMA11
                0x0001263c       0x18 ./Generated_Code/Cpu.o
                0x0001263c                Cpu_ivINT_DMA11
 .text.Cpu_ivINT_DMA12
                0x00012654       0x18 ./Generated_Code/Cpu.o
                0x00012654                Cpu_ivINT_DMA12
 .text.Cpu_ivINT_DMA13
                0x0001266c       0x18 ./Generated_Code/Cpu.o
                0x0001266c                Cpu_ivINT_DMA13
 .text.Cpu_ivINT_DMA14
                0x00012684       0x18 ./Generated_Code/Cpu.o
                0x00012684                Cpu_ivINT_DMA14
 .text.Cpu_ivINT_DMA15
                0x0001269c       0x18 ./Generated_Code/Cpu.o
                0x0001269c                Cpu_ivINT_DMA15
 .text.Cpu_ivINT_DMA_Error
                0x000126b4       0x18 ./Generated_Code/Cpu.o
                0x000126b4                Cpu_ivINT_DMA_Error
 .text.Cpu_ivINT_MCM
                0x000126cc       0x18 ./Generated_Code/Cpu.o
                0x000126cc                Cpu_ivINT_MCM
 .text.Cpu_ivINT_FTFE
                0x000126e4       0x18 ./Generated_Code/Cpu.o
                0x000126e4                Cpu_ivINT_FTFE
 .text.Cpu_ivINT_Read_Collision
                0x000126fc       0x18 ./Generated_Code/Cpu.o
                0x000126fc                Cpu_ivINT_Read_Collision
 .text.Cpu_ivINT_LVD_LVW
                0x00012714       0x18 ./Generated_Code/Cpu.o
                0x00012714                Cpu_ivINT_LVD_LVW
 .text.Cpu_ivINT_LLWU
                0x0001272c       0x18 ./Generated_Code/Cpu.o
                0x0001272c                Cpu_ivINT_LLWU
 .text.Cpu_ivINT_WDOG_EWM
                0x00012744       0x18 ./Generated_Code/Cpu.o
                0x00012744                Cpu_ivINT_WDOG_EWM
 .text.Cpu_ivINT_Reserved39
                0x0001275c       0x18 ./Generated_Code/Cpu.o
                0x0001275c                Cpu_ivINT_Reserved39
 .text.Cpu_ivINT_I2C1
                0x00012774       0x18 ./Generated_Code/Cpu.o
                0x00012774                Cpu_ivINT_I2C1
 .text.Cpu_ivINT_SPI0
                0x0001278c       0x18 ./Generated_Code/Cpu.o
                0x0001278c                Cpu_ivINT_SPI0
 .text.Cpu_ivINT_SPI1
                0x000127a4       0x18 ./Generated_Code/Cpu.o
                0x000127a4                Cpu_ivINT_SPI1
 .text.Cpu_ivINT_I2S0_Tx
                0x000127bc       0x18 ./Generated_Code/Cpu.o
                0x000127bc                Cpu_ivINT_I2S0_Tx
 .text.Cpu_ivINT_I2S0_Rx
                0x000127d4       0x18 ./Generated_Code/Cpu.o
                0x000127d4                Cpu_ivINT_I2S0_Rx
 .text.Cpu_ivINT_Reserved46
                0x000127ec       0x18 ./Generated_Code/Cpu.o
                0x000127ec                Cpu_ivINT_Reserved46
 .text.Cpu_ivINT_UART0_RX_TX
                0x00012804       0x18 ./Generated_Code/Cpu.o
                0x00012804                Cpu_ivINT_UART0_RX_TX
 .text.Cpu_ivINT_UART0_ERR
                0x0001281c       0x18 ./Generated_Code/Cpu.o
                0x0001281c                Cpu_ivINT_UART0_ERR
 .text.Cpu_ivINT_UART1_RX_TX
                0x00012834       0x18 ./Generated_Code/Cpu.o
                0x00012834                Cpu_ivINT_UART1_RX_TX
 .text.Cpu_ivINT_UART1_ERR
                0x0001284c       0x18 ./Generated_Code/Cpu.o
                0x0001284c                Cpu_ivINT_UART1_ERR
 .text.Cpu_ivINT_UART2_RX_TX
                0x00012864       0x18 ./Generated_Code/Cpu.o
                0x00012864                Cpu_ivINT_UART2_RX_TX
 .text.Cpu_ivINT_UART2_ERR
                0x0001287c       0x18 ./Generated_Code/Cpu.o
                0x0001287c                Cpu_ivINT_UART2_ERR
 .text.Cpu_ivINT_UART3_RX_TX
                0x00012894       0x18 ./Generated_Code/Cpu.o
                0x00012894                Cpu_ivINT_UART3_RX_TX
 .text.Cpu_ivINT_UART3_ERR
                0x000128ac       0x18 ./Generated_Code/Cpu.o
                0x000128ac                Cpu_ivINT_UART3_ERR
 .text.Cpu_ivINT_ADC0
                0x000128c4       0x18 ./Generated_Code/Cpu.o
                0x000128c4                Cpu_ivINT_ADC0
 .text.Cpu_ivINT_CMP0
                0x000128dc       0x18 ./Generated_Code/Cpu.o
                0x000128dc                Cpu_ivINT_CMP0
 .text.Cpu_ivINT_CMP1
                0x000128f4       0x18 ./Generated_Code/Cpu.o
                0x000128f4                Cpu_ivINT_CMP1
 .text.Cpu_ivINT_FTM0
                0x0001290c       0x18 ./Generated_Code/Cpu.o
                0x0001290c                Cpu_ivINT_FTM0
 .text.Cpu_ivINT_FTM1
                0x00012924       0x18 ./Generated_Code/Cpu.o
                0x00012924                Cpu_ivINT_FTM1
 .text.Cpu_ivINT_FTM2
                0x0001293c       0x18 ./Generated_Code/Cpu.o
                0x0001293c                Cpu_ivINT_FTM2
 .text.Cpu_ivINT_CMT
                0x00012954       0x18 ./Generated_Code/Cpu.o
                0x00012954                Cpu_ivINT_CMT
 .text.Cpu_ivINT_RTC
                0x0001296c       0x18 ./Generated_Code/Cpu.o
                0x0001296c                Cpu_ivINT_RTC
 .text.Cpu_ivINT_RTC_Seconds
                0x00012984       0x18 ./Generated_Code/Cpu.o
                0x00012984                Cpu_ivINT_RTC_Seconds
 .text.Cpu_ivINT_PIT0
                0x0001299c       0x18 ./Generated_Code/Cpu.o
                0x0001299c                Cpu_ivINT_PIT0
 .text.Cpu_ivINT_PIT1
                0x000129b4       0x18 ./Generated_Code/Cpu.o
                0x000129b4                Cpu_ivINT_PIT1
 .text.Cpu_ivINT_PIT2
                0x000129cc       0x18 ./Generated_Code/Cpu.o
                0x000129cc                Cpu_ivINT_PIT2
 .text.Cpu_ivINT_PIT3
                0x000129e4       0x18 ./Generated_Code/Cpu.o
                0x000129e4                Cpu_ivINT_PIT3
 .text.Cpu_ivINT_PDB0
                0x000129fc       0x18 ./Generated_Code/Cpu.o
                0x000129fc                Cpu_ivINT_PDB0
 .text.Cpu_ivINT_USB0
                0x00012a14       0x18 ./Generated_Code/Cpu.o
                0x00012a14                Cpu_ivINT_USB0
 .text.Cpu_ivINT_USBDCD
                0x00012a2c       0x18 ./Generated_Code/Cpu.o
                0x00012a2c                Cpu_ivINT_USBDCD
 .text.Cpu_ivINT_Reserved71
                0x00012a44       0x18 ./Generated_Code/Cpu.o
                0x00012a44                Cpu_ivINT_Reserved71
 .text.Cpu_ivINT_DAC0
                0x00012a5c       0x18 ./Generated_Code/Cpu.o
                0x00012a5c                Cpu_ivINT_DAC0
 .text.Cpu_ivINT_MCG
                0x00012a74       0x18 ./Generated_Code/Cpu.o
                0x00012a74                Cpu_ivINT_MCG
 .text.Cpu_ivINT_LPTMR0
                0x00012a8c       0x18 ./Generated_Code/Cpu.o
                0x00012a8c                Cpu_ivINT_LPTMR0
 .text.Cpu_ivINT_PORTA
                0x00012aa4       0x18 ./Generated_Code/Cpu.o
                0x00012aa4                Cpu_ivINT_PORTA
 .text.Cpu_ivINT_PORTB
                0x00012abc       0x18 ./Generated_Code/Cpu.o
                0x00012abc                Cpu_ivINT_PORTB
 .text.Cpu_ivINT_PORTC
                0x00012ad4       0x18 ./Generated_Code/Cpu.o
                0x00012ad4                Cpu_ivINT_PORTC
 .text.Cpu_ivINT_PORTD
                0x00012aec       0x18 ./Generated_Code/Cpu.o
                0x00012aec                Cpu_ivINT_PORTD
 .text.Cpu_ivINT_PORTE
                0x00012b04       0x18 ./Generated_Code/Cpu.o
                0x00012b04                Cpu_ivINT_PORTE
 .text.Cpu_ivINT_SWI
                0x00012b1c       0x18 ./Generated_Code/Cpu.o
                0x00012b1c                Cpu_ivINT_SWI
 .text.Cpu_ivINT_SPI2
                0x00012b34       0x18 ./Generated_Code/Cpu.o
                0x00012b34                Cpu_ivINT_SPI2
 .text.Cpu_ivINT_UART4_RX_TX
                0x00012b4c       0x18 ./Generated_Code/Cpu.o
                0x00012b4c                Cpu_ivINT_UART4_RX_TX
 .text.Cpu_ivINT_UART4_ERR
                0x00012b64       0x18 ./Generated_Code/Cpu.o
                0x00012b64                Cpu_ivINT_UART4_ERR
 .text.Cpu_ivINT_UART5_RX_TX
                0x00012b7c       0x18 ./Generated_Code/Cpu.o
                0x00012b7c                Cpu_ivINT_UART5_RX_TX
 .text.Cpu_ivINT_UART5_ERR
                0x00012b94       0x18 ./Generated_Code/Cpu.o
                0x00012b94                Cpu_ivINT_UART5_ERR
 .text.Cpu_ivINT_CMP2
                0x00012bac       0x18 ./Generated_Code/Cpu.o
                0x00012bac                Cpu_ivINT_CMP2
 .text.Cpu_ivINT_FTM3
                0x00012bc4       0x18 ./Generated_Code/Cpu.o
                0x00012bc4                Cpu_ivINT_FTM3
 .text.Cpu_ivINT_DAC1
                0x00012bdc       0x18 ./Generated_Code/Cpu.o
                0x00012bdc                Cpu_ivINT_DAC1
 .text.Cpu_ivINT_ADC1
                0x00012bf4       0x18 ./Generated_Code/Cpu.o
                0x00012bf4                Cpu_ivINT_ADC1
 .text.Cpu_ivINT_I2C2
                0x00012c0c       0x18 ./Generated_Code/Cpu.o
                0x00012c0c                Cpu_ivINT_I2C2
 .text.Cpu_ivINT_CAN0_ORed_Message_buffer
                0x00012c24       0x18 ./Generated_Code/Cpu.o
                0x00012c24                Cpu_ivINT_CAN0_ORed_Message_buffer
 .text.Cpu_ivINT_CAN0_Bus_Off
                0x00012c3c       0x18 ./Generated_Code/Cpu.o
                0x00012c3c                Cpu_ivINT_CAN0_Bus_Off
 .text.Cpu_ivINT_CAN0_Error
                0x00012c54       0x18 ./Generated_Code/Cpu.o
                0x00012c54                Cpu_ivINT_CAN0_Error
 .text.Cpu_ivINT_CAN0_Tx_Warning
                0x00012c6c       0x18 ./Generated_Code/Cpu.o
                0x00012c6c                Cpu_ivINT_CAN0_Tx_Warning
 .text.Cpu_ivINT_CAN0_Rx_Warning
                0x00012c84       0x18 ./Generated_Code/Cpu.o
                0x00012c84                Cpu_ivINT_CAN0_Rx_Warning
 .text.Cpu_ivINT_CAN0_Wake_Up
                0x00012c9c       0x18 ./Generated_Code/Cpu.o
                0x00012c9c                Cpu_ivINT_CAN0_Wake_Up
 .text.Cpu_ivINT_SDHC
                0x00012cb4       0x18 ./Generated_Code/Cpu.o
                0x00012cb4                Cpu_ivINT_SDHC
 .text.__init_hardware
                0x00012ccc      0x18c ./Generated_Code/Cpu.o
                0x00012ccc                __init_hardware
 .text.Cpu_SetBASEPRI
                0x00012e58       0x18 ./Generated_Code/Cpu.o
                0x00012e58                Cpu_SetBASEPRI
 .text.PE_low_level_init
                0x00012e70       0xf4 ./Generated_Code/Cpu.o
                0x00012e70                PE_low_level_init
 .text.CI2C1_OnMasterBlockSent
                0x00012f64       0x28 ./Generated_Code/GI2C1.o
                0x00012f64                CI2C1_OnMasterBlockSent
 .text.CI2C1_OnMasterBlockReceived
                0x00012f8c       0x28 ./Generated_Code/GI2C1.o
                0x00012f8c                CI2C1_OnMasterBlockReceived
 .text.SysTick_Init
                0x00012fb4       0x2c ./Generated_Code/SysTick.o
                0x00012fb4                SysTick_Init
 .text.TMOUT1_Init
                0x00012fe0       0x3c ./Generated_Code/TMOUT1.o
                0x00012fe0                TMOUT1_Init
 .text.WAIT1_Wait10Cycles
                0x0001301c        0x8 ./Generated_Code/WAIT1.o
                0x0001301c                WAIT1_Wait10Cycles
 .text.WAIT1_Wait100Cycles
                0x00013024       0x28 ./Generated_Code/WAIT1.o
                0x00013024                WAIT1_Wait100Cycles
 .text.WAIT1_WaitCycles
                0x0001304c       0x34 ./Generated_Code/WAIT1.o
                0x0001304c                WAIT1_WaitCycles
 .text.WAIT1_WaitLongCycles
                0x00013080       0x38 ./Generated_Code/WAIT1.o
                0x00013080                WAIT1_WaitLongCycles
 .text.WAIT1_Waitms
                0x000130b8       0x2c ./Generated_Code/WAIT1.o
                0x000130b8                WAIT1_Waitms
 .text.exit     0x000130e4       0x28 c:/program files (x86)/gnu tools arm embedded/4.8 2014q1/bin/../lib/gcc/arm-none-eabi/4.8.3/../../../../arm-none-eabi/lib/armv7e-m/fpu\libg_s.a(lib_a-exit.o)
                0x000130e4                exit
 .text.__libc_init_array
                0x0001310c       0x4c c:/program files (x86)/gnu tools arm embedded/4.8 2014q1/bin/../lib/gcc/arm-none-eabi/4.8.3/../../../../arm-none-eabi/lib/armv7e-m/fpu\libg_s.a(lib_a-init.o)
                0x0001310c                __libc_init_array
 .text.memset   0x00013158       0x10 c:/program files (x86)/gnu tools arm embedded/4.8 2014q1/bin/../lib/gcc/arm-none-eabi/4.8.3/../../../../arm-none-eabi/lib/armv7e-m/fpu\libg_s.a(lib_a-memset.o)
                0x00013158                memset
 .text._exit    0x00013168        0x4 c:/program files (x86)/gnu tools arm embedded/4.8 2014q1/bin/../lib/gcc/arm-none-eabi/4.8.3/../../../../arm-none-eabi/lib/armv7e-m/fpu\libnosys.a(_exit.o)
                0x00013168                _exit
 *(.rodata)
 .rodata        0x0001316c       0x20 ./Sources/main.o
 *(.rodata*)
 .rodata.g_pucOrbitronb16Data
                0x0001318c      0xcf4 ./Sources/grlib/font/fontorbitronb16.o
 .rodata.g_usFontOffsetOrbitronb16
                0x00013e80      0x1c0 ./Sources/grlib/font/fontorbitronb16.o
                0x00013e80                g_usFontOffsetOrbitronb16
 .rodata.g_sFontExOrbitronb16
                0x00014040       0x10 ./Sources/grlib/font/fontorbitronb16.o
                0x00014040                g_sFontExOrbitronb16
 .rodata.g_psDefaultCodePointMapTable
                0x00014050       0x10 ./Sources/grlib/context.o
                0x00014050                g_psDefaultCodePointMapTable
 .rodata.g_st7789s_display
                0x00014060       0x24 ./Sources/grlib/st7789s.o
                0x00014060                g_st7789s_display
 .rodata.g_sDisplay
                0x00014084       0x28 ./Sources/grlib/st7789s.o
                0x00014084                g_sDisplay
 .rodata.str1.1
                0x000140ac        0x2 c:/program files (x86)/gnu tools arm embedded/4.8 2014q1/bin/../lib/gcc/arm-none-eabi/4.8.3/../../../../arm-none-eabi/lib/armv7e-m/fpu\libg_s.a(lib_a-impure.o)
 *fill*         0x000140ae        0x2 
 .rodata._global_impure_ptr
                0x000140b0        0x4 c:/program files (x86)/gnu tools arm embedded/4.8 2014q1/bin/../lib/gcc/arm-none-eabi/4.8.3/../../../../arm-none-eabi/lib/armv7e-m/fpu\libg_s.a(lib_a-impure.o)
                0x000140b0                _global_impure_ptr
 *(.glue_7)
 .glue_7        0x00000000        0x0 linker stubs
 *(.glue_7t)
 .glue_7t       0x00000000        0x0 linker stubs
 *(.eh_frame)
 .eh_frame      0x000140b4        0x0 c:/program files (x86)/gnu tools arm embedded/4.8 2014q1/bin/../lib/gcc/arm-none-eabi/4.8.3/armv7e-m/fpu/crtbegin.o
 *(.init)
 .init          0x000140b4        0x4 c:/program files (x86)/gnu tools arm embedded/4.8 2014q1/bin/../lib/gcc/arm-none-eabi/4.8.3/armv7e-m/fpu/crti.o
                0x000140b4                _init
 .init          0x000140b8        0x8 c:/program files (x86)/gnu tools arm embedded/4.8 2014q1/bin/../lib/gcc/arm-none-eabi/4.8.3/armv7e-m/fpu/crtn.o
 *(.fini)
 .fini          0x000140c0        0x4 c:/program files (x86)/gnu tools arm embedded/4.8 2014q1/bin/../lib/gcc/arm-none-eabi/4.8.3/armv7e-m/fpu/crti.o
                0x000140c0                _fini
 .fini          0x000140c4        0x8 c:/program files (x86)/gnu tools arm embedded/4.8 2014q1/bin/../lib/gcc/arm-none-eabi/4.8.3/armv7e-m/fpu/crtn.o
                0x000140cc                . = ALIGN (0x4)
                0x000140cc                _etext = .

.vfp11_veneer   0x000140cc        0x0
 .vfp11_veneer  0x00000000        0x0 linker stubs

.v4_bx          0x000140cc        0x0
 .v4_bx         0x00000000        0x0 linker stubs

.iplt           0x000140cc        0x0
 .iplt          0x00000000        0x0 c:/program files (x86)/gnu tools arm embedded/4.8 2014q1/bin/../lib/gcc/arm-none-eabi/4.8.3/armv7e-m/fpu/crtbegin.o

.ARM.extab
 *(.ARM.extab* .gnu.linkonce.armextab.*)

.ARM            0x000140cc        0x8
                0x000140cc                __exidx_start = .
 *(.ARM.exidx*)
 .ARM.exidx     0x000140cc        0x8 c:/program files (x86)/gnu tools arm embedded/4.8 2014q1/bin/../lib/gcc/arm-none-eabi/4.8.3/../../../../arm-none-eabi/lib/armv7e-m/fpu/crt0.o
                0x000140d4                __exidx_end = .

.rel.dyn        0x000140d4        0x0
 .rel.iplt      0x00000000        0x0 c:/program files (x86)/gnu tools arm embedded/4.8 2014q1/bin/../lib/gcc/arm-none-eabi/4.8.3/armv7e-m/fpu/crtbegin.o

.ctors          0x000140d4        0x0
                0x000140d4                __CTOR_LIST__ = .
 *crtbegin.o(.ctors)
 *(EXCLUDE_FILE(*crtend.o) .ctors)
 *(SORT(.ctors.*))
 *(.ctors)
                0x000140d4                __CTOR_END__ = .

.dtors          0x000140d4        0x0
                0x000140d4                __DTOR_LIST__ = .
 *crtbegin.o(.dtors)
 *(EXCLUDE_FILE(*crtend.o) .dtors)
 *(SORT(.dtors.*))
 *(.dtors)
                0x000140d4                __DTOR_END__ = .

.preinit_array  0x000140d4        0x0
                0x000140d4                PROVIDE (__preinit_array_start, .)
 *(.preinit_array*)
                0x000140d4                PROVIDE (__preinit_array_end, .)

.init_array     0x000140d4        0x4
                0x000140d4                PROVIDE (__init_array_start, .)
 *(SORT(.init_array.*))
 *(.init_array*)
 .init_array    0x000140d4        0x4 c:/program files (x86)/gnu tools arm embedded/4.8 2014q1/bin/../lib/gcc/arm-none-eabi/4.8.3/armv7e-m/fpu/crtbegin.o
                0x000140d8                PROVIDE (__init_array_end, .)

.fini_array     0x000140d8        0x4
                0x000140d8                PROVIDE (__fini_array_start, .)
 *(SORT(.fini_array.*))
 *(.fini_array*)
 .fini_array    0x000140d8        0x4 c:/program files (x86)/gnu tools arm embedded/4.8 2014q1/bin/../lib/gcc/arm-none-eabi/4.8.3/armv7e-m/fpu/crtbegin.o
                0x000140dc                PROVIDE (__fini_array_end, .)
                0x000140dc                ___ROM_AT = .

.data           0x1fff0000       0x60 load address 0x000140dc
                0x1fff0000                . = ALIGN (0x4)
                0x1fff0000                _sdata = .
 *(.data)
 *(.data*)
 .data.impure_data
                0x1fff0000       0x60 c:/program files (x86)/gnu tools arm embedded/4.8 2014q1/bin/../lib/gcc/arm-none-eabi/4.8.3/../../../../arm-none-eabi/lib/armv7e-m/fpu\libg_s.a(lib_a-impure.o)
                0x1fff0060                . = ALIGN (0x4)
                0x1fff0060                _edata = .
                0x00000060                ___data_size = (_edata - _sdata)
                0x0001413c                ___m_data_20000000_ROMStart = (___ROM_AT + SIZEOF (.data))

.jcr            0x1fff0060        0x0 load address 0x0001413c
 .jcr           0x1fff0060        0x0 c:/program files (x86)/gnu tools arm embedded/4.8 2014q1/bin/../lib/gcc/arm-none-eabi/4.8.3/armv7e-m/fpu/crtbegin.o

.igot.plt       0x1fff0060        0x0 load address 0x0001413c
 .igot.plt      0x00000000        0x0 c:/program files (x86)/gnu tools arm embedded/4.8 2014q1/bin/../lib/gcc/arm-none-eabi/4.8.3/armv7e-m/fpu/crtbegin.o

.m_data_20000000
                0x20000000        0x0 load address 0x0001413c
                0x20000000                . = ALIGN (0x4)
                0x20000000                ___m_data_20000000_RAMStart = .
 *(.m_data_20000000)
                0x20000000                ___m_data_20000000_RAMEnd = .
                0x20000000                . = ALIGN (0x4)
                0x00000000                ___m_data_20000000_ROMSize = (___m_data_20000000_RAMEnd - ___m_data_20000000_RAMStart)
                0x20000000                . = ALIGN (0x4)

.bss            0x1fff0060       0x9c load address 0x0001413c
                0x1fff0060                __START_BSS = .
                0x1fff0060                PROVIDE (__bss_start__, __START_BSS)
 *(.bss)
 .bss           0x1fff0060       0x1c c:/program files (x86)/gnu tools arm embedded/4.8 2014q1/bin/../lib/gcc/arm-none-eabi/4.8.3/armv7e-m/fpu/crtbegin.o
 *(.bss*)
 .bss.g_psGrLibDefaults
                0x1fff007c        0x4 ./Sources/grlib/context.o
 .bss.DeviceDataPrv__DEFAULT_RTOS_ALLOC
                0x1fff0080       0x18 ./Generated_Code/CI2C1.o
 .bss.INT_I2C0__DEFAULT_RTOS_ISRPARAM
                0x1fff0098        0x4 ./Generated_Code/CI2C1.o
 .bss.GI2C1_deviceData
                0x1fff009c        0x8 ./Generated_Code/GI2C1.o
 .bss.PE_LDD_DeviceDataList
                0x1fff00a4        0x4 ./Generated_Code/PE_LDD.o
                0x1fff00a4                PE_LDD_DeviceDataList
 .bss.TMOUT1_Counters
                0x1fff00a8        0x4 ./Generated_Code/TMOUT1.o
 .bss.TMOUT1_FreeCounters
                0x1fff00ac        0x4 ./Generated_Code/TMOUT1.o
 *(COMMON)
 COMMON         0x1fff00b0       0x34 ./Sources/grlib/gfx.o
                0x1fff00b0                g_sContext
                0x1fff00dc                gfx_invalid_bounds
 COMMON         0x1fff00e4       0x18 ./Sources/main.o
                0x1fff00e4                g_context
                0x1fff00fc                . = ALIGN (0x4)
                0x1fff00fc                __END_BSS = .
                0x1fff00fc                PROVIDE (__bss_end__, __END_BSS)
                0x0001413c                _romp_at = ((___ROM_AT + SIZEOF (.data)) + SIZEOF (.m_data_20000000))

.romp           0x1fff00fc       0x24 load address 0x0001413c
                0x0001413c                __S_romp = _romp_at
                0x1fff00fc        0x4 LONG 0x140dc ___ROM_AT
                0x1fff0100        0x4 LONG 0x1fff0000 _sdata
                0x1fff0104        0x4 LONG 0x60 ___data_size
                0x1fff0108        0x4 LONG 0x1413c ___m_data_20000000_ROMStart
                0x1fff010c        0x4 LONG 0x20000000 ___m_data_20000000_RAMStart
                0x1fff0110        0x4 LONG 0x0 ___m_data_20000000_ROMSize
                0x1fff0114        0x4 LONG 0x0
                0x1fff0118        0x4 LONG 0x0
                0x1fff011c        0x4 LONG 0x0
                0x000ffff0                text_end = (ORIGIN (m_text) + 0xefbf0)
                0x00014160                data_init_end = ((___m_data_20000000_ROMStart + SIZEOF (.m_data_20000000)) + SIZEOF (.romp))
                0x00000001                ASSERT ((data_init_end <= text_end), region m_text overflowed with text and data)

._user_heap_stack
                0x1fff0120     0x1400 load address 0x00014160
                0x1fff0120                . = ALIGN (0x4)
                0x1fff0120                PROVIDE (end, .)
                0x1fff0120                PROVIDE (_end, .)
                0x1fff0120                PROVIDE (__end__, .)
                0x1fff0120                __heap_addr = .
                0x1fff0120                __HeapBase = .
                0x1fff1120                . = (. + __heap_size)
 *fill*         0x1fff0120     0x1000 
                0x1fff1120                __HeapLimit = .
                0x1fff1520                . = (. + __stack_size)
 *fill*         0x1fff1120      0x400 
                0x1fff1520                . = ALIGN (0x4)

.ARM.attributes
                0x00000000       0x30
 *(.ARM.attributes)
 .ARM.attributes
                0x00000000       0x22 c:/program files (x86)/gnu tools arm embedded/4.8 2014q1/bin/../lib/gcc/arm-none-eabi/4.8.3/armv7e-m/fpu/crti.o
 .ARM.attributes
                0x00000022       0x34 c:/program files (x86)/gnu tools arm embedded/4.8 2014q1/bin/../lib/gcc/arm-none-eabi/4.8.3/armv7e-m/fpu/crtbegin.o
 .ARM.attributes
                0x00000056       0x20 c:/program files (x86)/gnu tools arm embedded/4.8 2014q1/bin/../lib/gcc/arm-none-eabi/4.8.3/../../../../arm-none-eabi/lib/armv7e-m/fpu/crt0.o
 .ARM.attributes
                0x00000076       0x39 ./Sources/grlib/font/fontorbitronb16.o
 .ARM.attributes
                0x000000af       0x39 ./Sources/grlib/charmap.o
 .ARM.attributes
                0x000000e8       0x39 ./Sources/grlib/context.o
 .ARM.attributes
                0x00000121       0x39 ./Sources/grlib/gfx.o
 .ARM.attributes
                0x0000015a       0x39 ./Sources/grlib/rectangle.o
 .ARM.attributes
                0x00000193       0x39 ./Sources/grlib/st7789s.o
 .ARM.attributes
                0x000001cc       0x39 ./Sources/grlib/string.o
 .ARM.attributes
                0x00000205       0x39 ./Sources/Events.o
 .ARM.attributes
                0x0000023e       0x39 ./Sources/main.o
 .ARM.attributes
                0x00000277       0x39 ./Project_Settings/Startup_Code/startup.o
 .ARM.attributes
                0x000002b0       0x39 ./Generated_Code/CI2C1.o
 .ARM.attributes
                0x000002e9       0x39 ./Generated_Code/Cpu.o
 .ARM.attributes
                0x00000322       0x39 ./Generated_Code/GI2C1.o
 .ARM.attributes
                0x0000035b       0x39 ./Generated_Code/PE_LDD.o
 .ARM.attributes
                0x00000394       0x39 ./Generated_Code/SysTick.o
 .ARM.attributes
                0x000003cd       0x39 ./Generated_Code/TMOUT1.o
 .ARM.attributes
                0x00000406       0x39 ./Generated_Code/Vectors.o
 .ARM.attributes
                0x0000043f       0x39 ./Generated_Code/WAIT1.o
 .ARM.attributes
                0x00000478       0x34 c:/program files (x86)/gnu tools arm embedded/4.8 2014q1/bin/../lib/gcc/arm-none-eabi/4.8.3/../../../../arm-none-eabi/lib/armv7e-m/fpu\libg_s.a(lib_a-exit.o)
 .ARM.attributes
                0x000004ac       0x34 c:/program files (x86)/gnu tools arm embedded/4.8 2014q1/bin/../lib/gcc/arm-none-eabi/4.8.3/../../../../arm-none-eabi/lib/armv7e-m/fpu\libg_s.a(lib_a-impure.o)
 .ARM.attributes
                0x000004e0       0x34 c:/program files (x86)/gnu tools arm embedded/4.8 2014q1/bin/../lib/gcc/arm-none-eabi/4.8.3/../../../../arm-none-eabi/lib/armv7e-m/fpu\libg_s.a(lib_a-init.o)
 .ARM.attributes
                0x00000514       0x34 c:/program files (x86)/gnu tools arm embedded/4.8 2014q1/bin/../lib/gcc/arm-none-eabi/4.8.3/../../../../arm-none-eabi/lib/armv7e-m/fpu\libg_s.a(lib_a-memset.o)
 .ARM.attributes
                0x00000548       0x34 c:/program files (x86)/gnu tools arm embedded/4.8 2014q1/bin/../lib/gcc/arm-none-eabi/4.8.3/../../../../arm-none-eabi/lib/armv7e-m/fpu\libnosys.a(_exit.o)
 .ARM.attributes
                0x0000057c       0x22 c:/program files (x86)/gnu tools arm embedded/4.8 2014q1/bin/../lib/gcc/arm-none-eabi/4.8.3/armv7e-m/fpu/crtn.o
OUTPUT(1. Hello World.elf elf32-littlearm)

.debug_info     0x00000000     0x7750
 .debug_info    0x00000000      0x195 ./Sources/grlib/font/fontorbitronb16.o
 .debug_info    0x00000195      0x9d1 ./Sources/grlib/charmap.o
 .debug_info    0x00000b66      0x5d3 ./Sources/grlib/context.o
 .debug_info    0x00001139      0x9e1 ./Sources/grlib/gfx.o
 .debug_info    0x00001b1a      0x598 ./Sources/grlib/rectangle.o
 .debug_info    0x000020b2      0x989 ./Sources/grlib/st7789s.o
 .debug_info    0x00002a3b     0x123e ./Sources/grlib/string.o
 .debug_info    0x00003c79       0x9d ./Sources/Events.o
 .debug_info    0x00003d16      0xe04 ./Sources/main.o
 .debug_info    0x00004b1a      0x3b0 ./Project_Settings/Startup_Code/startup.o
 .debug_info    0x00004eca      0x8f2 ./Generated_Code/CI2C1.o
 .debug_info    0x000057bc     0x116e ./Generated_Code/Cpu.o
 .debug_info    0x0000692a      0x5bd ./Generated_Code/GI2C1.o
 .debug_info    0x00006ee7      0x24d ./Generated_Code/PE_LDD.o
 .debug_info    0x00007134      0x105 ./Generated_Code/SysTick.o
 .debug_info    0x00007239      0x2b2 ./Generated_Code/TMOUT1.o
 .debug_info    0x000074eb      0x116 ./Generated_Code/Vectors.o
 .debug_info    0x00007601      0x14f ./Generated_Code/WAIT1.o

.debug_abbrev   0x00000000     0x166b
 .debug_abbrev  0x00000000       0xb9 ./Sources/grlib/font/fontorbitronb16.o
 .debug_abbrev  0x000000b9       0xfd ./Sources/grlib/charmap.o
 .debug_abbrev  0x000001b6      0x12a ./Sources/grlib/context.o
 .debug_abbrev  0x000002e0      0x1b5 ./Sources/grlib/gfx.o
 .debug_abbrev  0x00000495      0x167 ./Sources/grlib/rectangle.o
 .debug_abbrev  0x000005fc      0x1cc ./Sources/grlib/st7789s.o
 .debug_abbrev  0x000007c8      0x201 ./Sources/grlib/string.o
 .debug_abbrev  0x000009c9       0x45 ./Sources/Events.o
 .debug_abbrev  0x00000a0e      0x228 ./Sources/main.o
 .debug_abbrev  0x00000c36      0x189 ./Project_Settings/Startup_Code/startup.o
 .debug_abbrev  0x00000dbf      0x1a5 ./Generated_Code/CI2C1.o
 .debug_abbrev  0x00000f64      0x185 ./Generated_Code/Cpu.o
 .debug_abbrev  0x000010e9      0x1d5 ./Generated_Code/GI2C1.o
 .debug_abbrev  0x000012be      0x10d ./Generated_Code/PE_LDD.o
 .debug_abbrev  0x000013cb       0x9c ./Generated_Code/SysTick.o
 .debug_abbrev  0x00001467       0xaf ./Generated_Code/TMOUT1.o
 .debug_abbrev  0x00001516       0xa4 ./Generated_Code/Vectors.o
 .debug_abbrev  0x000015ba       0xb1 ./Generated_Code/WAIT1.o

.debug_aranges  0x00000000      0x930
 .debug_aranges
                0x00000000       0x18 ./Sources/grlib/font/fontorbitronb16.o
 .debug_aranges
                0x00000018       0xe0 ./Sources/grlib/charmap.o
 .debug_aranges
                0x000000f8       0x30 ./Sources/grlib/context.o
 .debug_aranges
                0x00000128       0x90 ./Sources/grlib/gfx.o
 .debug_aranges
                0x000001b8       0x38 ./Sources/grlib/rectangle.o
 .debug_aranges
                0x000001f0       0xb0 ./Sources/grlib/st7789s.o
 .debug_aranges
                0x000002a0       0xc8 ./Sources/grlib/string.o
 .debug_aranges
                0x00000368       0x20 ./Sources/Events.o
 .debug_aranges
                0x00000388       0x48 ./Sources/main.o
 .debug_aranges
                0x000003d0       0x50 ./Project_Settings/Startup_Code/startup.o
 .debug_aranges
                0x00000420       0x50 ./Generated_Code/CI2C1.o
 .debug_aranges
                0x00000470      0x328 ./Generated_Code/Cpu.o
 .debug_aranges
                0x00000798       0xa0 ./Generated_Code/GI2C1.o
 .debug_aranges
                0x00000838       0x30 ./Generated_Code/PE_LDD.o
 .debug_aranges
                0x00000868       0x20 ./Generated_Code/SysTick.o
 .debug_aranges
                0x00000888       0x50 ./Generated_Code/TMOUT1.o
 .debug_aranges
                0x000008d8       0x18 ./Generated_Code/Vectors.o
 .debug_aranges
                0x000008f0       0x40 ./Generated_Code/WAIT1.o

.debug_macro    0x00000000    0x20bff
 .debug_macro   0x00000000      0x15b ./Sources/grlib/font/fontorbitronb16.o
 .debug_macro   0x0000015b      0x151 ./Sources/grlib/charmap.o
 .debug_macro   0x000002ac      0x701 ./Sources/grlib/charmap.o
 .debug_macro   0x000009ad      0x157 ./Sources/grlib/context.o
 .debug_macro   0x00000b04      0x18e ./Sources/grlib/gfx.o
 .debug_macro   0x00000c92       0x22 ./Sources/grlib/gfx.o
 .debug_macro   0x00000cb4       0xbe ./Sources/grlib/gfx.o
 .debug_macro   0x00000d72       0x46 ./Sources/grlib/gfx.o
 .debug_macro   0x00000db8      0x15d ./Sources/grlib/rectangle.o
 .debug_macro   0x00000f15      0x1a3 ./Sources/grlib/st7789s.o
 .debug_macro   0x000010b8      0x1cc ./Sources/grlib/st7789s.o
 .debug_macro   0x00001284       0x4c ./Sources/grlib/st7789s.o
 .debug_macro   0x000012d0      0x188 ./Sources/grlib/string.o
 .debug_macro   0x00001458      0x1d6 ./Sources/Events.o
 .debug_macro   0x0000162e     0x1759 ./Sources/Events.o
 .debug_macro   0x00002d87      0x14e ./Sources/Events.o
 .debug_macro   0x00002ed5       0x6a ./Sources/Events.o
 .debug_macro   0x00002f3f     0xde57 ./Sources/Events.o
 .debug_macro   0x00010d96       0x9a ./Sources/Events.o
 .debug_macro   0x00010e30       0x22 ./Sources/Events.o
 .debug_macro   0x00010e52       0x22 ./Sources/Events.o
 .debug_macro   0x00010e74       0x28 ./Sources/Events.o
 .debug_macro   0x00010e9c       0x1c ./Sources/Events.o
 .debug_macro   0x00010eb8       0x3d ./Sources/Events.o
 .debug_macro   0x00010ef5       0x51 ./Sources/Events.o
 .debug_macro   0x00010f46       0x16 ./Sources/Events.o
 .debug_macro   0x00010f5c      0x166 ./Sources/Events.o
 .debug_macro   0x000110c2      0x2a6 ./Sources/Events.o
 .debug_macro   0x00011368       0x10 ./Sources/Events.o
 .debug_macro   0x00011378       0x19 ./Sources/Events.o
 .debug_macro   0x00011391       0x10 ./Sources/Events.o
 .debug_macro   0x000113a1      0x2bb ./Sources/main.o
 .debug_macro   0x0001165c      0x1d2 ./Sources/main.o
 .debug_macro   0x0001182e      0x121 ./Project_Settings/Startup_Code/startup.o
 .debug_macro   0x0001194f       0x4a ./Project_Settings/Startup_Code/startup.o
 .debug_macro   0x00011999       0x10 ./Project_Settings/Startup_Code/startup.o
 .debug_macro   0x000119a9      0x20f ./Project_Settings/Startup_Code/startup.o
 .debug_macro   0x00011bb8     0xde4b ./Project_Settings/Startup_Code/startup.o
 .debug_macro   0x0001fa03      0x10d ./Generated_Code/CI2C1.o
 .debug_macro   0x0001fb10       0xa0 ./Generated_Code/CI2C1.o
 .debug_macro   0x0001fbb0       0x37 ./Generated_Code/CI2C1.o
 .debug_macro   0x0001fbe7       0x94 ./Generated_Code/CI2C1.o
 .debug_macro   0x0001fc7b      0x4e4 ./Generated_Code/CI2C1.o
 .debug_macro   0x0002015f      0x29c ./Generated_Code/CI2C1.o
 .debug_macro   0x000203fb      0x1c8 ./Generated_Code/Cpu.o
 .debug_macro   0x000205c3       0x2e ./Generated_Code/Cpu.o
 .debug_macro   0x000205f1       0x22 ./Generated_Code/Cpu.o
 .debug_macro   0x00020613       0xb8 ./Generated_Code/GI2C1.o
 .debug_macro   0x000206cb      0x196 ./Generated_Code/PE_LDD.o
 .debug_macro   0x00020861       0x8f ./Generated_Code/SysTick.o
 .debug_macro   0x000208f0       0xa9 ./Generated_Code/TMOUT1.o
 .debug_macro   0x00020999      0x1cc ./Generated_Code/Vectors.o
 .debug_macro   0x00020b65       0x9a ./Generated_Code/WAIT1.o

.debug_line     0x00000000     0x54f7
 .debug_line    0x00000000      0x2e7 ./Sources/grlib/font/fontorbitronb16.o
 .debug_line    0x000002e7      0x618 ./Sources/grlib/charmap.o
 .debug_line    0x000008ff      0x3a6 ./Sources/grlib/context.o
 .debug_line    0x00000ca5      0x4c9 ./Sources/grlib/gfx.o
 .debug_line    0x0000116e      0x358 ./Sources/grlib/rectangle.o
 .debug_line    0x000014c6      0x5bc ./Sources/grlib/st7789s.o
 .debug_line    0x00001a82      0x6f3 ./Sources/grlib/string.o
 .debug_line    0x00002175      0x3f0 ./Sources/Events.o
 .debug_line    0x00002565      0x5c6 ./Sources/main.o
 .debug_line    0x00002b2b      0x438 ./Project_Settings/Startup_Code/startup.o
 .debug_line    0x00002f63      0x45c ./Generated_Code/CI2C1.o
 .debug_line    0x000033bf      0xbca ./Generated_Code/Cpu.o
 .debug_line    0x00003f89      0x450 ./Generated_Code/GI2C1.o
 .debug_line    0x000043d9      0x3f0 ./Generated_Code/PE_LDD.o
 .debug_line    0x000047c9      0x26d ./Generated_Code/SysTick.o
 .debug_line    0x00004a36      0x343 ./Generated_Code/TMOUT1.o
 .debug_line    0x00004d79      0x495 ./Generated_Code/Vectors.o
 .debug_line    0x0000520e      0x2e9 ./Generated_Code/WAIT1.o

.debug_str      0x00000000    0x677d6
 .debug_str     0x00000000     0x71ab ./Sources/grlib/font/fontorbitronb16.o
                               0x73c9 (size before relaxing)
 .debug_str     0x000071ab      0x3b4 ./Sources/grlib/charmap.o
                               0x76e0 (size before relaxing)
 .debug_str     0x0000755f      0x295 ./Sources/grlib/context.o
                               0x760e (size before relaxing)
 .debug_str     0x000077f4      0x86f ./Sources/grlib/gfx.o
                               0x7dcd (size before relaxing)
 .debug_str     0x00008063       0xc1 ./Sources/grlib/rectangle.o
                               0x75e3 (size before relaxing)
 .debug_str     0x00008124      0xd6f ./Sources/grlib/st7789s.o
                               0x8850 (size before relaxing)
 .debug_str     0x00008e93      0x531 ./Sources/grlib/string.o
                               0x7aa8 (size before relaxing)
 .debug_str     0x000093c4    0x56284 ./Sources/Events.o
                              0x5a746 (size before relaxing)
 .debug_str     0x0005f648      0x2aa ./Sources/main.o
                              0x5ecc2 (size before relaxing)
 .debug_str     0x0005f8f2      0x182 ./Project_Settings/Startup_Code/startup.o
                              0x529fd (size before relaxing)
 .debug_str     0x0005fa74     0x6f0d ./Generated_Code/CI2C1.o
                              0x5ef8b (size before relaxing)
 .debug_str     0x00066981      0x884 ./Generated_Code/Cpu.o
                              0x5b1ab (size before relaxing)
 .debug_str     0x00067205      0x261 ./Generated_Code/GI2C1.o
                              0x5823e (size before relaxing)
 .debug_str     0x00067466      0x17e ./Generated_Code/PE_LDD.o
                              0x5a8e5 (size before relaxing)
 .debug_str     0x000675e4       0x50 ./Generated_Code/SysTick.o
                              0x57950 (size before relaxing)
 .debug_str     0x00067634      0x102 ./Generated_Code/TMOUT1.o
                              0x57d35 (size before relaxing)
 .debug_str     0x00067736       0x1c ./Generated_Code/Vectors.o
                              0x5a77d (size before relaxing)
 .debug_str     0x00067752       0x84 ./Generated_Code/WAIT1.o
                              0x57db6 (size before relaxing)

.comment        0x00000000       0x70
 .comment       0x00000000       0x70 ./Sources/grlib/font/fontorbitronb16.o
                                 0x71 (size before relaxing)
 .comment       0x00000000       0x71 ./Sources/grlib/charmap.o
 .comment       0x00000000       0x71 ./Sources/grlib/context.o
 .comment       0x00000000       0x71 ./Sources/grlib/gfx.o
 .comment       0x00000000       0x71 ./Sources/grlib/rectangle.o
 .comment       0x00000000       0x71 ./Sources/grlib/st7789s.o
 .comment       0x00000000       0x71 ./Sources/grlib/string.o
 .comment       0x00000000       0x71 ./Sources/Events.o
 .comment       0x00000000       0x71 ./Sources/main.o
 .comment       0x00000000       0x71 ./Project_Settings/Startup_Code/startup.o
 .comment       0x00000000       0x71 ./Generated_Code/CI2C1.o
 .comment       0x00000000       0x71 ./Generated_Code/Cpu.o
 .comment       0x00000000       0x71 ./Generated_Code/GI2C1.o
 .comment       0x00000000       0x71 ./Generated_Code/PE_LDD.o
 .comment       0x00000000       0x71 ./Generated_Code/SysTick.o
 .comment       0x00000000       0x71 ./Generated_Code/TMOUT1.o
 .comment       0x00000000       0x71 ./Generated_Code/Vectors.o
 .comment       0x00000000       0x71 ./Generated_Code/WAIT1.o

.debug_ranges   0x00000000      0x800
 .debug_ranges  0x00000000       0xd0 ./Sources/grlib/charmap.o
 .debug_ranges  0x000000d0       0x20 ./Sources/grlib/context.o
 .debug_ranges  0x000000f0       0x80 ./Sources/grlib/gfx.o
 .debug_ranges  0x00000170       0x28 ./Sources/grlib/rectangle.o
 .debug_ranges  0x00000198       0xa0 ./Sources/grlib/st7789s.o
 .debug_ranges  0x00000238       0xb8 ./Sources/grlib/string.o
 .debug_ranges  0x000002f0       0x10 ./Sources/Events.o
 .debug_ranges  0x00000300       0x38 ./Sources/main.o
 .debug_ranges  0x00000338       0x40 ./Project_Settings/Startup_Code/startup.o
 .debug_ranges  0x00000378       0x40 ./Generated_Code/CI2C1.o
 .debug_ranges  0x000003b8      0x318 ./Generated_Code/Cpu.o
 .debug_ranges  0x000006d0       0x90 ./Generated_Code/GI2C1.o
 .debug_ranges  0x00000760       0x20 ./Generated_Code/PE_LDD.o
 .debug_ranges  0x00000780       0x10 ./Generated_Code/SysTick.o
 .debug_ranges  0x00000790       0x40 ./Generated_Code/TMOUT1.o
 .debug_ranges  0x000007d0       0x30 ./Generated_Code/WAIT1.o

.debug_frame    0x00000000     0x1dfc
 .debug_frame   0x00000000      0x2d8 ./Sources/grlib/charmap.o
 .debug_frame   0x000002d8       0x64 ./Sources/grlib/context.o
 .debug_frame   0x0000033c      0x1cc ./Sources/grlib/gfx.o
 .debug_frame   0x00000508       0x8c ./Sources/grlib/rectangle.o
 .debug_frame   0x00000594      0x250 ./Sources/grlib/st7789s.o
 .debug_frame   0x000007e4      0x2c8 ./Sources/grlib/string.o
 .debug_frame   0x00000aac       0x28 ./Sources/Events.o
 .debug_frame   0x00000ad4       0xc0 ./Sources/main.o
 .debug_frame   0x00000b94       0xc0 ./Project_Settings/Startup_Code/startup.o
 .debug_frame   0x00000c54       0xe0 ./Generated_Code/CI2C1.o
 .debug_frame   0x00000d34      0xc44 ./Generated_Code/Cpu.o
 .debug_frame   0x00001978      0x200 ./Generated_Code/GI2C1.o
 .debug_frame   0x00001b78       0x64 ./Generated_Code/PE_LDD.o
 .debug_frame   0x00001bdc       0x28 ./Generated_Code/SysTick.o
 .debug_frame   0x00001c04       0xd4 ./Generated_Code/TMOUT1.o
 .debug_frame   0x00001cd8       0x90 ./Generated_Code/WAIT1.o
 .debug_frame   0x00001d68       0x28 c:/program files (x86)/gnu tools arm embedded/4.8 2014q1/bin/../lib/gcc/arm-none-eabi/4.8.3/../../../../arm-none-eabi/lib/armv7e-m/fpu\libg_s.a(lib_a-exit.o)
 .debug_frame   0x00001d90       0x2c c:/program files (x86)/gnu tools arm embedded/4.8 2014q1/bin/../lib/gcc/arm-none-eabi/4.8.3/../../../../arm-none-eabi/lib/armv7e-m/fpu\libg_s.a(lib_a-init.o)
 .debug_frame   0x00001dbc       0x20 c:/program files (x86)/gnu tools arm embedded/4.8 2014q1/bin/../lib/gcc/arm-none-eabi/4.8.3/../../../../arm-none-eabi/lib/armv7e-m/fpu\libg_s.a(lib_a-memset.o)
 .debug_frame   0x00001ddc       0x20 c:/program files (x86)/gnu tools arm embedded/4.8 2014q1/bin/../lib/gcc/arm-none-eabi/4.8.3/../../../../arm-none-eabi/lib/armv7e-m/fpu\libnosys.a(_exit.o)
