Archive member included because of file (symbol)

c:/program files (x86)/gnu tools arm embedded/4.8 2014q1/bin/../lib/gcc/arm-none-eabi/4.8.3/../../../../arm-none-eabi/lib/armv7e-m/fpu\libg_s.a(lib_a-exit.o)
                              c:/program files (x86)/gnu tools arm embedded/4.8 2014q1/bin/../lib/gcc/arm-none-eabi/4.8.3/../../../../arm-none-eabi/lib/armv7e-m/fpu/crt0.o (exit)
c:/program files (x86)/gnu tools arm embedded/4.8 2014q1/bin/../lib/gcc/arm-none-eabi/4.8.3/../../../../arm-none-eabi/lib/armv7e-m/fpu\libg_s.a(lib_a-impure.o)
                              c:/program files (x86)/gnu tools arm embedded/4.8 2014q1/bin/../lib/gcc/arm-none-eabi/4.8.3/../../../../arm-none-eabi/lib/armv7e-m/fpu\libg_s.a(lib_a-exit.o) (_global_impure_ptr)
c:/program files (x86)/gnu tools arm embedded/4.8 2014q1/bin/../lib/gcc/arm-none-eabi/4.8.3/../../../../arm-none-eabi/lib/armv7e-m/fpu\libg_s.a(lib_a-init.o)
                              c:/program files (x86)/gnu tools arm embedded/4.8 2014q1/bin/../lib/gcc/arm-none-eabi/4.8.3/../../../../arm-none-eabi/lib/armv7e-m/fpu/crt0.o (__libc_init_array)
c:/program files (x86)/gnu tools arm embedded/4.8 2014q1/bin/../lib/gcc/arm-none-eabi/4.8.3/../../../../arm-none-eabi/lib/armv7e-m/fpu\libg_s.a(lib_a-memset.o)
                              c:/program files (x86)/gnu tools arm embedded/4.8 2014q1/bin/../lib/gcc/arm-none-eabi/4.8.3/../../../../arm-none-eabi/lib/armv7e-m/fpu/crt0.o (memset)
c:/program files (x86)/gnu tools arm embedded/4.8 2014q1/bin/../lib/gcc/arm-none-eabi/4.8.3/../../../../arm-none-eabi/lib/armv7e-m/fpu\libg_s.a(lib_a-strchr.o)
                              ./Generated_Code/UTIL1.o (strchr)
c:/program files (x86)/gnu tools arm embedded/4.8 2014q1/bin/../lib/gcc/arm-none-eabi/4.8.3/../../../../arm-none-eabi/lib/armv7e-m/fpu\libg_s.a(lib_a-strlen.o)
                              ./Generated_Code/UTIL1.o (strlen)
c:/program files (x86)/gnu tools arm embedded/4.8 2014q1/bin/../lib/gcc/arm-none-eabi/4.8.3/../../../../arm-none-eabi/lib/armv7e-m/fpu\libg_s.a(lib_a-strncmp.o)
                              ./Generated_Code/UTIL1.o (strncmp)
c:/program files (x86)/gnu tools arm embedded/4.8 2014q1/bin/../lib/gcc/arm-none-eabi/4.8.3/../../../../arm-none-eabi/lib/armv7e-m/fpu\libnosys.a(_exit.o)
                              c:/program files (x86)/gnu tools arm embedded/4.8 2014q1/bin/../lib/gcc/arm-none-eabi/4.8.3/../../../../arm-none-eabi/lib/armv7e-m/fpu\libg_s.a(lib_a-exit.o) (_exit)

Allocating common symbols
Common symbol       size              file

g_context           0x18              ./Sources/main.o
i2c_tx_buffer       0x200             ./Sources/main.o
i2c_rx_buffer       0x200             ./Sources/main.o
g_sContext          0x2c              ./Sources/grlib/gfx.o
SR_reg              0x1               ./Generated_Code/Cpu.o
gfx_invalid_bounds  0x8               ./Sources/grlib/gfx.o

Discarded input sections

 .text          0x00000000        0x0 c:/program files (x86)/gnu tools arm embedded/4.8 2014q1/bin/../lib/gcc/arm-none-eabi/4.8.3/armv7e-m/fpu/crti.o
 .data          0x00000000        0x0 c:/program files (x86)/gnu tools arm embedded/4.8 2014q1/bin/../lib/gcc/arm-none-eabi/4.8.3/armv7e-m/fpu/crti.o
 .bss           0x00000000        0x0 c:/program files (x86)/gnu tools arm embedded/4.8 2014q1/bin/../lib/gcc/arm-none-eabi/4.8.3/armv7e-m/fpu/crti.o
 .data          0x00000000        0x4 c:/program files (x86)/gnu tools arm embedded/4.8 2014q1/bin/../lib/gcc/arm-none-eabi/4.8.3/armv7e-m/fpu/crtbegin.o
 .data          0x00000000        0x0 c:/program files (x86)/gnu tools arm embedded/4.8 2014q1/bin/../lib/gcc/arm-none-eabi/4.8.3/../../../../arm-none-eabi/lib/armv7e-m/fpu/crt0.o
 .bss           0x00000000        0x0 c:/program files (x86)/gnu tools arm embedded/4.8 2014q1/bin/../lib/gcc/arm-none-eabi/4.8.3/../../../../arm-none-eabi/lib/armv7e-m/fpu/crt0.o
 .ARM.extab     0x00000000        0x0 c:/program files (x86)/gnu tools arm embedded/4.8 2014q1/bin/../lib/gcc/arm-none-eabi/4.8.3/../../../../arm-none-eabi/lib/armv7e-m/fpu/crt0.o
 .group         0x00000000        0x8 ./Sources/grlib/font/fontorbitron12.o
 .group         0x00000000        0x8 ./Sources/grlib/font/fontorbitron12.o
 .group         0x00000000        0x8 ./Sources/grlib/font/fontorbitron12.o
 .group         0x00000000        0x8 ./Sources/grlib/font/fontorbitron12.o
 .group         0x00000000        0x8 ./Sources/grlib/font/fontorbitron12.o
 .group         0x00000000        0x8 ./Sources/grlib/font/fontorbitron12.o
 .group         0x00000000        0x8 ./Sources/grlib/font/fontorbitron12.o
 .group         0x00000000        0x8 ./Sources/grlib/font/fontorbitron12.o
 .group         0x00000000        0x8 ./Sources/grlib/font/fontorbitron12.o
 .group         0x00000000        0x8 ./Sources/grlib/font/fontorbitron12.o
 .group         0x00000000        0x8 ./Sources/grlib/font/fontorbitron12.o
 .group         0x00000000        0x8 ./Sources/grlib/font/fontorbitron12.o
[...]
Memory Configuration

Name             Origin             Length             Attributes
m_interrupts     0x00010000         0x00000188         xr
m_text           0x00010400         0x000efbf0         xr
m_data           0x1fff0000         0x00010000         rw
m_data_20000000  0x20000000         0x00010000         rw
m_cfmprotrom     0x00000400         0x00000010         xr
*default*        0x00000000         0xffffffff

Linker script and memory map

LOAD c:/program files (x86)/gnu tools arm embedded/4.8 2014q1/bin/../lib/gcc/arm-none-eabi/4.8.3/armv7e-m/fpu/crti.o
LOAD c:/program files (x86)/gnu tools arm embedded/4.8 2014q1/bin/../lib/gcc/arm-none-eabi/4.8.3/armv7e-m/fpu/crtbegin.o
LOAD c:/program files (x86)/gnu tools arm embedded/4.8 2014q1/bin/../lib/gcc/arm-none-eabi/4.8.3/../../../../arm-none-eabi/lib/armv7e-m/fpu/crt0.o
LOAD ./Sources/grlib/font/fontorbitron12.o
LOAD ./Sources/grlib/font/fontorbitron16.o
LOAD ./Sources/grlib/font/fontorbitron24.o
LOAD ./Sources/grlib/font/fontorbitronb12.o
LOAD ./Sources/grlib/font/fontorbitronb16.o
LOAD ./Sources/grlib/font/fontorbitronb24.o
LOAD ./Sources/grlib/font/fontorbitronb32.o
LOAD ./Sources/grlib/font/fontorbitronb48.o
LOAD ./Sources/grlib/font/fontorbitronb72.o
LOAD ./Sources/grlib/charmap.o
LOAD ./Sources/grlib/circle.o
LOAD ./Sources/grlib/context.o
LOAD ./Sources/grlib/gfx.o
LOAD ./Sources/grlib/image.o
LOAD ./Sources/grlib/line.o
LOAD ./Sources/grlib/offscr1bpp.o
LOAD ./Sources/grlib/offscr4bpp.o
LOAD ./Sources/grlib/offscr8bpp.o
LOAD ./Sources/grlib/rectangle.o
LOAD ./Sources/grlib/st7789s.o
LOAD ./Sources/grlib/string.o
LOAD ./Sources/Events.o
LOAD ./Sources/main.o
LOAD ./Project_Settings/Startup_Code/startup.o
LOAD ./Generated_Code/CI2C1.o
LOAD ./Generated_Code/CS1.o
LOAD ./Generated_Code/Cpu.o
LOAD ./Generated_Code/GI2C1.o
LOAD ./Generated_Code/KSDK1.o
LOAD ./Generated_Code/PE_LDD.o
LOAD ./Generated_Code/SysTick.o
LOAD ./Generated_Code/TMOUT1.o
LOAD ./Generated_Code/TU1.o
LOAD ./Generated_Code/UTIL1.o
LOAD ./Generated_Code/Vectors.o
LOAD ./Generated_Code/WAIT1.o
LOAD ./Bitmaps/Earth.o
LOAD c:/program files (x86)/gnu tools arm embedded/4.8 2014q1/bin/../lib/gcc/arm-none-eabi/4.8.3/../../../../arm-none-eabi/lib/armv7e-m/fpu\libstdc++_s.a
LOAD c:/program files (x86)/gnu tools arm embedded/4.8 2014q1/bin/../lib/gcc/arm-none-eabi/4.8.3/../../../../arm-none-eabi/lib/armv7e-m/fpu\libm.a
START GROUP
LOAD c:/program files (x86)/gnu tools arm embedded/4.8 2014q1/bin/../lib/gcc/arm-none-eabi/4.8.3/armv7e-m/fpu\libgcc.a
LOAD c:/program files (x86)/gnu tools arm embedded/4.8 2014q1/bin/../lib/gcc/arm-none-eabi/4.8.3/../../../../arm-none-eabi/lib/armv7e-m/fpu\libg_s.a
LOAD c:/program files (x86)/gnu tools arm embedded/4.8 2014q1/bin/../lib/gcc/arm-none-eabi/4.8.3/../../../../arm-none-eabi/lib/armv7e-m/fpu\libc_s.a
END GROUP
START GROUP
LOAD c:/program files (x86)/gnu tools arm embedded/4.8 2014q1/bin/../lib/gcc/arm-none-eabi/4.8.3/armv7e-m/fpu\libgcc.a
LOAD c:/program files (x86)/gnu tools arm embedded/4.8 2014q1/bin/../lib/gcc/arm-none-eabi/4.8.3/../../../../arm-none-eabi/lib/armv7e-m/fpu\libc_s.a
LOAD c:/program files (x86)/gnu tools arm embedded/4.8 2014q1/bin/../lib/gcc/arm-none-eabi/4.8.3/../../../../arm-none-eabi/lib/armv7e-m/fpu\libnosys.a
END GROUP
START GROUP
LOAD c:/program files (x86)/gnu tools arm embedded/4.8 2014q1/bin/../lib/gcc/arm-none-eabi/4.8.3/armv7e-m/fpu\libgcc.a
LOAD c:/program files (x86)/gnu tools arm embedded/4.8 2014q1/bin/../lib/gcc/arm-none-eabi/4.8.3/../../../../arm-none-eabi/lib/armv7e-m/fpu\libc_s.a
LOAD c:/program files (x86)/gnu tools arm embedded/4.8 2014q1/bin/../lib/gcc/arm-none-eabi/4.8.3/../../../../arm-none-eabi/lib/armv7e-m/fpu\libnosys.a
END GROUP
LOAD c:/program files (x86)/gnu tools arm embedded/4.8 2014q1/bin/../lib/gcc/arm-none-eabi/4.8.3/armv7e-m/fpu/crtend.o
LOAD c:/program files (x86)/gnu tools arm embedded/4.8 2014q1/bin/../lib/gcc/arm-none-eabi/4.8.3/armv7e-m/fpu/crtn.o
                0x20000000                _estack = 0x20000000
                0x20000000                __SP_INIT = _estack
                0x20000000                __stack = _estack
                0x00001000                __heap_size = 0x1000
                0x00000400                __stack_size = 0x400

.interrupts     0x00010000      0x188
                0x00010000                __vector_table = .
                0x00010000                . = ALIGN (0x4)
 *(.vectortable)
 .vectortable   0x00010000      0x188 ./Generated_Code/Vectors.o
                0x00010000                __vect_table
                0x00010188                . = ALIGN (0x4)

.cfmprotect     0x00000400        0x0
                0x00000400                . = ALIGN (0x4)
 *(.cfmconfig)
                0x00000400                . = ALIGN (0x4)

.text           0x00010400     0xf568
                0x00010400                . = ALIGN (0x4)
 *(.text)
 .text          0x00010400       0x54 c:/program files (x86)/gnu tools arm embedded/4.8 2014q1/bin/../lib/gcc/arm-none-eabi/4.8.3/armv7e-m/fpu/crtbegin.o
 .text          0x00010454       0x74 c:/program files (x86)/gnu tools arm embedded/4.8 2014q1/bin/../lib/gcc/arm-none-eabi/4.8.3/../../../../arm-none-eabi/lib/armv7e-m/fpu/crt0.o
                0x00010454                _start
                0x00010454                _mainCRTStartup
 *(.text*)
 .text.GrMapISO8859_1_Unicode
                0x000104c8       0x24 ./Sources/grlib/charmap.o
                0x000104c8                GrMapISO8859_1_Unicode
 .text.GrCircleFill
                0x000104ec      0x22c ./Sources/grlib/circle.o
                0x000104ec                GrCircleFill
 .text.GrContextInit
                0x00010718       0xd0 ./Sources/grlib/context.o
                0x00010718                GrContextInit
 .text.gfx_initialize
                0x000107e8       0x68 ./Sources/grlib/gfx.o
                0x000107e8                gfx_initialize
 .text.PixelTransparentDraw
                0x00010850      0x3c0 ./Sources/grlib/image.o
 .text.InternalImageDraw
                0x00010c10      0x528 ./Sources/grlib/image.o
 .text.GrImageDraw
                0x00011138       0x28 ./Sources/grlib/image.o
                0x00011138                GrImageDraw
 .text.GrLineDrawH
                0x00011160       0xa4 ./Sources/grlib/line.o
                0x00011160                GrLineDrawH
 .text.GrRectFill
                0x00011204      0x104 ./Sources/grlib/rectangle.o
                0x00011204                GrRectFill
 .text.st7789s_delay
                0x00011308       0x20 ./Sources/grlib/st7789s.o
                0x00011308                st7789s_delay
 .text.st7789s_write_command
                0x00011328       0x20 ./Sources/grlib/st7789s.o
                0x00011328                st7789s_write_command
 .text.st7789s_write_byte
                0x00011348       0x20 ./Sources/grlib/st7789s.o
                0x00011348                st7789s_write_byte
 .text.st7789s_write_word
                0x00011368       0x28 ./Sources/grlib/st7789s.o
                0x00011368                st7789s_write_word
 .text.st7789s_set_column_page
                0x00011390       0xb0 ./Sources/grlib/st7789s.o
                0x00011390                st7789s_set_column_page
 .text.st7789s_initialize
                0x00011440      0x1f0 ./Sources/grlib/st7789s.o
                0x00011440                st7789s_initialize
 .text.st7789s_draw_pixel
                0x00011630       0x34 ./Sources/grlib/st7789s.o
                0x00011630                st7789s_draw_pixel
 .text.st7789s_draw_horizontal_line
                0x00011664       0x48 ./Sources/grlib/st7789s.o
                0x00011664                st7789s_draw_horizontal_line
 .text.st7789s_draw_vertical_line
                0x000116ac       0x44 ./Sources/grlib/st7789s.o
                0x000116ac                st7789s_draw_vertical_line
 .text.st7789s_fill_rectangle
                0x000116f0       0x90 ./Sources/grlib/st7789s.o
                0x000116f0                st7789s_fill_rectangle
 .text.st7789s_clear
                0x00011780       0x48 ./Sources/grlib/st7789s.o
                0x00011780                st7789s_clear
 .text.st7789s_translate_color
                0x000117c8       0x30 ./Sources/grlib/st7789s.o
                0x000117c8                st7789s_translate_color
 .text.lcd_hw_translateColor
                0x000117f8       0x34 ./Sources/grlib/st7789s.o
                0x000117f8                lcd_hw_translateColor
 .text.lcd_hw_drawPixel
                0x0001182c       0x3c ./Sources/grlib/st7789s.o
                0x0001182c                lcd_hw_drawPixel
 .text.lcd_hw_drawPixels
                0x00011868      0x168 ./Sources/grlib/st7789s.o
                0x00011868                lcd_hw_drawPixels
 .text.lcd_hw_drawHorizontalLine
                0x000119d0       0x48 ./Sources/grlib/st7789s.o
                0x000119d0                lcd_hw_drawHorizontalLine
 .text.lcd_hw_drawVerticalLine
                0x00011a18       0x44 ./Sources/grlib/st7789s.o
                0x00011a18                lcd_hw_drawVerticalLine
 .text.lcd_hw_fillRectangle
                0x00011a5c       0x90 ./Sources/grlib/st7789s.o
                0x00011a5c                lcd_hw_fillRectangle
 .text.lcd_hw_flush
                0x00011aec       0x14 ./Sources/grlib/st7789s.o
                0x00011aec                lcd_hw_flush
 .text.GrDefaultStringRenderer
                0x00011b00      0x114 ./Sources/grlib/string.o
                0x00011b00                GrDefaultStringRenderer
 .text.GrStringNextCharGet
                0x00011c14       0x50 ./Sources/grlib/string.o
                0x00011c14                GrStringNextCharGet
 .text.GrFontGlyphRender
                0x00011c64      0x444 ./Sources/grlib/string.o
                0x00011c64                GrFontGlyphRender
 .text.GrFontInfoGet
                0x000120a8       0x60 ./Sources/grlib/string.o
                0x000120a8                GrFontInfoGet
 .text.FontGlyphDataGet
                0x00012108       0x8c ./Sources/grlib/string.o
 .text.FontWideGlyphDataGet
                0x00012194       0xd8 ./Sources/grlib/string.o
 .text.GrFontGlyphDataGet
                0x0001226c       0x5c ./Sources/grlib/string.o
                0x0001226c                GrFontGlyphDataGet
 .text.GrFontCodepageGet
                0x000122c8       0x44 ./Sources/grlib/string.o
                0x000122c8                GrFontCodepageGet
 .text.UpdateContextCharMapping
                0x0001230c       0x88 ./Sources/grlib/string.o
 .text.GrContextFontSet
                0x00012394       0x1c ./Sources/grlib/string.o
                0x00012394                GrContextFontSet
 .text.Cpu_OnNMIINT
                0x000123b0        0xc ./Sources/Events.o
                0x000123b0                Cpu_OnNMIINT
 .text.TU1_OnCounterRestart
                0x000123bc       0x2c ./Sources/Events.o
                0x000123bc                TU1_OnCounterRestart
 .text.Init_GPIO
                0x000123e8      0x1a8 ./Sources/main.o
 .text.Init_Flexbus
                0x00012590       0xa0 ./Sources/main.o
 .text.Init_FTM
                0x00012630      0x138 ./Sources/main.o
 .text.Init_I2C
                0x00012768       0x50 ./Sources/main.o
 .text.ClearScreen
                0x000127b8       0x54 ./Sources/main.o
 .text.TSI_Init
                0x0001280c       0x2c ./Sources/main.o
 .text.TSI_Poll
                0x00012838       0xec ./Sources/main.o
 .text.main     0x00012924       0xb0 ./Sources/main.o
                0x00012924                main
 .text.__copy_rom_section
                0x000129d4       0xe4 ./Project_Settings/Startup_Code/startup.o
                0x000129d4                __copy_rom_section
 .text.__copy_rom_sections_to_ram
                0x00012ab8       0x9c ./Project_Settings/Startup_Code/startup.o
                0x00012ab8                __copy_rom_sections_to_ram
 .text.__init_registers
                0x00012b54       0x20 ./Project_Settings/Startup_Code/startup.o
                0x00012b54                __init_registers
 .text.__init_user
                0x00012b74        0xc ./Project_Settings/Startup_Code/startup.o
                0x00012b74                __init_user
 .text.__thumb_startup
                0x00012b80       0x34 ./Project_Settings/Startup_Code/startup.o
                0x00012b80                __thumb_startup
 .text.CI2C1_Interrupt
                0x00012bb4      0x2b4 ./Generated_Code/CI2C1.o
                0x00012bb4                CI2C1_Interrupt
 .text.CI2C1_Init
                0x00012e68      0x138 ./Generated_Code/CI2C1.o
                0x00012e68                CI2C1_Init
 .text.CI2C1_MasterSendBlock
                0x00012fa0      0x18c ./Generated_Code/CI2C1.o
                0x00012fa0                CI2C1_MasterSendBlock
 .text.CI2C1_MasterReceiveBlock
                0x0001312c      0x188 ./Generated_Code/CI2C1.o
                0x0001312c                CI2C1_MasterReceiveBlock
 .text.CI2C1_SelectSlaveDevice
                0x000132b4       0xf0 ./Generated_Code/CI2C1.o
                0x000132b4                CI2C1_SelectSlaveDevice
 .text.Cpu_INT_NMIInterrupt
                0x000133a4       0x1c ./Generated_Code/Cpu.o
                0x000133a4                Cpu_INT_NMIInterrupt
 .text.Cpu_ivINT_Hard_Fault
                0x000133c0       0x18 ./Generated_Code/Cpu.o
                0x000133c0                Cpu_ivINT_Hard_Fault
 .text.Cpu_ivINT_Mem_Manage_Fault
                0x000133d8       0x18 ./Generated_Code/Cpu.o
                0x000133d8                Cpu_ivINT_Mem_Manage_Fault
 .text.Cpu_ivINT_Bus_Fault
                0x000133f0       0x18 ./Generated_Code/Cpu.o
                0x000133f0                Cpu_ivINT_Bus_Fault
 .text.Cpu_ivINT_Usage_Fault
                0x00013408       0x18 ./Generated_Code/Cpu.o
                0x00013408                Cpu_ivINT_Usage_Fault
 .text.Cpu_ivINT_Reserved7
                0x00013420       0x18 ./Generated_Code/Cpu.o
                0x00013420                Cpu_ivINT_Reserved7
 .text.Cpu_ivINT_Reserved8
                0x00013438       0x18 ./Generated_Code/Cpu.o
                0x00013438                Cpu_ivINT_Reserved8
 .text.Cpu_ivINT_Reserved9
                0x00013450       0x18 ./Generated_Code/Cpu.o
                0x00013450                Cpu_ivINT_Reserved9
 .text.Cpu_ivINT_Reserved10
                0x00013468       0x18 ./Generated_Code/Cpu.o
                0x00013468                Cpu_ivINT_Reserved10
 .text.Cpu_ivINT_SVCall
                0x00013480       0x18 ./Generated_Code/Cpu.o
                0x00013480                Cpu_ivINT_SVCall
 .text.Cpu_ivINT_DebugMonitor
                0x00013498       0x18 ./Generated_Code/Cpu.o
                0x00013498                Cpu_ivINT_DebugMonitor
 .text.Cpu_ivINT_Reserved13
                0x000134b0       0x18 ./Generated_Code/Cpu.o
                0x000134b0                Cpu_ivINT_Reserved13
 .text.Cpu_ivINT_PendableSrvReq
                0x000134c8       0x18 ./Generated_Code/Cpu.o
                0x000134c8                Cpu_ivINT_PendableSrvReq
 .text.Cpu_ivINT_SysTick
                0x000134e0       0x18 ./Generated_Code/Cpu.o
                0x000134e0                Cpu_ivINT_SysTick
 .text.Cpu_ivINT_DMA0
                0x000134f8       0x18 ./Generated_Code/Cpu.o
                0x000134f8                Cpu_ivINT_DMA0
 .text.Cpu_ivINT_DMA1
                0x00013510       0x18 ./Generated_Code/Cpu.o
                0x00013510                Cpu_ivINT_DMA1
 .text.Cpu_ivINT_DMA2
                0x00013528       0x18 ./Generated_Code/Cpu.o
                0x00013528                Cpu_ivINT_DMA2
 .text.Cpu_ivINT_DMA3
                0x00013540       0x18 ./Generated_Code/Cpu.o
                0x00013540                Cpu_ivINT_DMA3
 .text.Cpu_ivINT_DMA4
                0x00013558       0x18 ./Generated_Code/Cpu.o
                0x00013558                Cpu_ivINT_DMA4
 .text.Cpu_ivINT_DMA5
                0x00013570       0x18 ./Generated_Code/Cpu.o
                0x00013570                Cpu_ivINT_DMA5
 .text.Cpu_ivINT_DMA6
                0x00013588       0x18 ./Generated_Code/Cpu.o
                0x00013588                Cpu_ivINT_DMA6
 .text.Cpu_ivINT_DMA7
                0x000135a0       0x18 ./Generated_Code/Cpu.o
                0x000135a0                Cpu_ivINT_DMA7
 .text.Cpu_ivINT_DMA8
                0x000135b8       0x18 ./Generated_Code/Cpu.o
                0x000135b8                Cpu_ivINT_DMA8
 .text.Cpu_ivINT_DMA9
                0x000135d0       0x18 ./Generated_Code/Cpu.o
                0x000135d0                Cpu_ivINT_DMA9
 .text.Cpu_ivINT_DMA10
                0x000135e8       0x18 ./Generated_Code/Cpu.o
                0x000135e8                Cpu_ivINT_DMA10
 .text.Cpu_ivINT_DMA11
                0x00013600       0x18 ./Generated_Code/Cpu.o
                0x00013600                Cpu_ivINT_DMA11
 .text.Cpu_ivINT_DMA12
                0x00013618       0x18 ./Generated_Code/Cpu.o
                0x00013618                Cpu_ivINT_DMA12
 .text.Cpu_ivINT_DMA13
                0x00013630       0x18 ./Generated_Code/Cpu.o
                0x00013630                Cpu_ivINT_DMA13
 .text.Cpu_ivINT_DMA14
                0x00013648       0x18 ./Generated_Code/Cpu.o
                0x00013648                Cpu_ivINT_DMA14
 .text.Cpu_ivINT_DMA15
                0x00013660       0x18 ./Generated_Code/Cpu.o
                0x00013660                Cpu_ivINT_DMA15
 .text.Cpu_ivINT_DMA_Error
                0x00013678       0x18 ./Generated_Code/Cpu.o
                0x00013678                Cpu_ivINT_DMA_Error
 .text.Cpu_ivINT_MCM
                0x00013690       0x18 ./Generated_Code/Cpu.o
                0x00013690                Cpu_ivINT_MCM
 .text.Cpu_ivINT_FTFE
                0x000136a8       0x18 ./Generated_Code/Cpu.o
                0x000136a8                Cpu_ivINT_FTFE
 .text.Cpu_ivINT_Read_Collision
                0x000136c0       0x18 ./Generated_Code/Cpu.o
                0x000136c0                Cpu_ivINT_Read_Collision
 .text.Cpu_ivINT_LVD_LVW
                0x000136d8       0x18 ./Generated_Code/Cpu.o
                0x000136d8                Cpu_ivINT_LVD_LVW
 .text.Cpu_ivINT_LLWU
                0x000136f0       0x18 ./Generated_Code/Cpu.o
                0x000136f0                Cpu_ivINT_LLWU
 .text.Cpu_ivINT_WDOG_EWM
                0x00013708       0x18 ./Generated_Code/Cpu.o
                0x00013708                Cpu_ivINT_WDOG_EWM
 .text.Cpu_ivINT_Reserved39
                0x00013720       0x18 ./Generated_Code/Cpu.o
                0x00013720                Cpu_ivINT_Reserved39
 .text.Cpu_ivINT_I2C1
                0x00013738       0x18 ./Generated_Code/Cpu.o
                0x00013738                Cpu_ivINT_I2C1
 .text.Cpu_ivINT_SPI0
                0x00013750       0x18 ./Generated_Code/Cpu.o
                0x00013750                Cpu_ivINT_SPI0
 .text.Cpu_ivINT_SPI1
                0x00013768       0x18 ./Generated_Code/Cpu.o
                0x00013768                Cpu_ivINT_SPI1
 .text.Cpu_ivINT_I2S0_Tx
                0x00013780       0x18 ./Generated_Code/Cpu.o
                0x00013780                Cpu_ivINT_I2S0_Tx
 .text.Cpu_ivINT_I2S0_Rx
                0x00013798       0x18 ./Generated_Code/Cpu.o
                0x00013798                Cpu_ivINT_I2S0_Rx
 .text.Cpu_ivINT_Reserved46
                0x000137b0       0x18 ./Generated_Code/Cpu.o
                0x000137b0                Cpu_ivINT_Reserved46
 .text.Cpu_ivINT_UART0_RX_TX
                0x000137c8       0x18 ./Generated_Code/Cpu.o
                0x000137c8                Cpu_ivINT_UART0_RX_TX
 .text.Cpu_ivINT_UART0_ERR
                0x000137e0       0x18 ./Generated_Code/Cpu.o
                0x000137e0                Cpu_ivINT_UART0_ERR
 .text.Cpu_ivINT_UART1_RX_TX
                0x000137f8       0x18 ./Generated_Code/Cpu.o
                0x000137f8                Cpu_ivINT_UART1_RX_TX
 .text.Cpu_ivINT_UART1_ERR
                0x00013810       0x18 ./Generated_Code/Cpu.o
                0x00013810                Cpu_ivINT_UART1_ERR
 .text.Cpu_ivINT_UART2_RX_TX
                0x00013828       0x18 ./Generated_Code/Cpu.o
                0x00013828                Cpu_ivINT_UART2_RX_TX
 .text.Cpu_ivINT_UART2_ERR
                0x00013840       0x18 ./Generated_Code/Cpu.o
                0x00013840                Cpu_ivINT_UART2_ERR
 .text.Cpu_ivINT_UART3_RX_TX
                0x00013858       0x18 ./Generated_Code/Cpu.o
                0x00013858                Cpu_ivINT_UART3_RX_TX
 .text.Cpu_ivINT_UART3_ERR
                0x00013870       0x18 ./Generated_Code/Cpu.o
                0x00013870                Cpu_ivINT_UART3_ERR
 .text.Cpu_ivINT_ADC0
                0x00013888       0x18 ./Generated_Code/Cpu.o
                0x00013888                Cpu_ivINT_ADC0
 .text.Cpu_ivINT_CMP0
                0x000138a0       0x18 ./Generated_Code/Cpu.o
                0x000138a0                Cpu_ivINT_CMP0
 .text.Cpu_ivINT_CMP1
                0x000138b8       0x18 ./Generated_Code/Cpu.o
                0x000138b8                Cpu_ivINT_CMP1
 .text.Cpu_ivINT_FTM0
                0x000138d0       0x18 ./Generated_Code/Cpu.o
                0x000138d0                Cpu_ivINT_FTM0
 .text.Cpu_ivINT_FTM2
                0x000138e8       0x18 ./Generated_Code/Cpu.o
                0x000138e8                Cpu_ivINT_FTM2
 .text.Cpu_ivINT_CMT
                0x00013900       0x18 ./Generated_Code/Cpu.o
                0x00013900                Cpu_ivINT_CMT
 .text.Cpu_ivINT_RTC
                0x00013918       0x18 ./Generated_Code/Cpu.o
                0x00013918                Cpu_ivINT_RTC
 .text.Cpu_ivINT_RTC_Seconds
                0x00013930       0x18 ./Generated_Code/Cpu.o
                0x00013930                Cpu_ivINT_RTC_Seconds
 .text.Cpu_ivINT_PIT0
                0x00013948       0x18 ./Generated_Code/Cpu.o
                0x00013948                Cpu_ivINT_PIT0
 .text.Cpu_ivINT_PIT1
                0x00013960       0x18 ./Generated_Code/Cpu.o
                0x00013960                Cpu_ivINT_PIT1
 .text.Cpu_ivINT_PIT2
                0x00013978       0x18 ./Generated_Code/Cpu.o
                0x00013978                Cpu_ivINT_PIT2
 .text.Cpu_ivINT_PIT3
                0x00013990       0x18 ./Generated_Code/Cpu.o
                0x00013990                Cpu_ivINT_PIT3
 .text.Cpu_ivINT_PDB0
                0x000139a8       0x18 ./Generated_Code/Cpu.o
                0x000139a8                Cpu_ivINT_PDB0
 .text.Cpu_ivINT_USB0
                0x000139c0       0x18 ./Generated_Code/Cpu.o
                0x000139c0                Cpu_ivINT_USB0
 .text.Cpu_ivINT_USBDCD
                0x000139d8       0x18 ./Generated_Code/Cpu.o
                0x000139d8                Cpu_ivINT_USBDCD
 .text.Cpu_ivINT_Reserved71
                0x000139f0       0x18 ./Generated_Code/Cpu.o
                0x000139f0                Cpu_ivINT_Reserved71
 .text.Cpu_ivINT_DAC0
                0x00013a08       0x18 ./Generated_Code/Cpu.o
                0x00013a08                Cpu_ivINT_DAC0
 .text.Cpu_ivINT_MCG
                0x00013a20       0x18 ./Generated_Code/Cpu.o
                0x00013a20                Cpu_ivINT_MCG
 .text.Cpu_ivINT_LPTMR0
                0x00013a38       0x18 ./Generated_Code/Cpu.o
                0x00013a38                Cpu_ivINT_LPTMR0
 .text.Cpu_ivINT_PORTA
                0x00013a50       0x18 ./Generated_Code/Cpu.o
                0x00013a50                Cpu_ivINT_PORTA
 .text.Cpu_ivINT_PORTB
                0x00013a68       0x18 ./Generated_Code/Cpu.o
                0x00013a68                Cpu_ivINT_PORTB
 .text.Cpu_ivINT_PORTC
                0x00013a80       0x18 ./Generated_Code/Cpu.o
                0x00013a80                Cpu_ivINT_PORTC
 .text.Cpu_ivINT_PORTD
                0x00013a98       0x18 ./Generated_Code/Cpu.o
                0x00013a98                Cpu_ivINT_PORTD
 .text.Cpu_ivINT_PORTE
                0x00013ab0       0x18 ./Generated_Code/Cpu.o
                0x00013ab0                Cpu_ivINT_PORTE
 .text.Cpu_ivINT_SWI
                0x00013ac8       0x18 ./Generated_Code/Cpu.o
                0x00013ac8                Cpu_ivINT_SWI
 .text.Cpu_ivINT_SPI2
                0x00013ae0       0x18 ./Generated_Code/Cpu.o
                0x00013ae0                Cpu_ivINT_SPI2
 .text.Cpu_ivINT_UART4_RX_TX
                0x00013af8       0x18 ./Generated_Code/Cpu.o
                0x00013af8                Cpu_ivINT_UART4_RX_TX
 .text.Cpu_ivINT_UART4_ERR
                0x00013b10       0x18 ./Generated_Code/Cpu.o
                0x00013b10                Cpu_ivINT_UART4_ERR
 .text.Cpu_ivINT_UART5_RX_TX
                0x00013b28       0x18 ./Generated_Code/Cpu.o
                0x00013b28                Cpu_ivINT_UART5_RX_TX
 .text.Cpu_ivINT_UART5_ERR
                0x00013b40       0x18 ./Generated_Code/Cpu.o
                0x00013b40                Cpu_ivINT_UART5_ERR
 .text.Cpu_ivINT_CMP2
                0x00013b58       0x18 ./Generated_Code/Cpu.o
                0x00013b58                Cpu_ivINT_CMP2
 .text.Cpu_ivINT_FTM3
                0x00013b70       0x18 ./Generated_Code/Cpu.o
                0x00013b70                Cpu_ivINT_FTM3
 .text.Cpu_ivINT_DAC1
                0x00013b88       0x18 ./Generated_Code/Cpu.o
                0x00013b88                Cpu_ivINT_DAC1
 .text.Cpu_ivINT_ADC1
                0x00013ba0       0x18 ./Generated_Code/Cpu.o
                0x00013ba0                Cpu_ivINT_ADC1
 .text.Cpu_ivINT_I2C2
                0x00013bb8       0x18 ./Generated_Code/Cpu.o
                0x00013bb8                Cpu_ivINT_I2C2
 .text.Cpu_ivINT_CAN0_ORed_Message_buffer
                0x00013bd0       0x18 ./Generated_Code/Cpu.o
                0x00013bd0                Cpu_ivINT_CAN0_ORed_Message_buffer
 .text.Cpu_ivINT_CAN0_Bus_Off
                0x00013be8       0x18 ./Generated_Code/Cpu.o
                0x00013be8                Cpu_ivINT_CAN0_Bus_Off
 .text.Cpu_ivINT_CAN0_Error
                0x00013c00       0x18 ./Generated_Code/Cpu.o
                0x00013c00                Cpu_ivINT_CAN0_Error
 .text.Cpu_ivINT_CAN0_Tx_Warning
                0x00013c18       0x18 ./Generated_Code/Cpu.o
                0x00013c18                Cpu_ivINT_CAN0_Tx_Warning
 .text.Cpu_ivINT_CAN0_Rx_Warning
                0x00013c30       0x18 ./Generated_Code/Cpu.o
                0x00013c30                Cpu_ivINT_CAN0_Rx_Warning
 .text.Cpu_ivINT_CAN0_Wake_Up
                0x00013c48       0x18 ./Generated_Code/Cpu.o
                0x00013c48                Cpu_ivINT_CAN0_Wake_Up
 .text.Cpu_ivINT_SDHC
                0x00013c60       0x18 ./Generated_Code/Cpu.o
                0x00013c60                Cpu_ivINT_SDHC
 .text.__init_hardware
                0x00013c78      0x18c ./Generated_Code/Cpu.o
                0x00013c78                __init_hardware
 .text.Cpu_SetBASEPRI
                0x00013e04       0x18 ./Generated_Code/Cpu.o
                0x00013e04                Cpu_SetBASEPRI
 .text.PE_low_level_init
                0x00013e1c       0xfc ./Generated_Code/Cpu.o
                0x00013e1c                PE_low_level_init
 .text.GI2C1_SelectSlave
                0x00013f18       0x34 ./Generated_Code/GI2C1.o
                0x00013f18                GI2C1_SelectSlave
 .text.GI2C1_UnselectSlave
                0x00013f4c       0x10 ./Generated_Code/GI2C1.o
                0x00013f4c                GI2C1_UnselectSlave
 .text.GI2C1_ReadAddress
                0x00013f5c       0xb0 ./Generated_Code/GI2C1.o
                0x00013f5c                GI2C1_ReadAddress
 .text.CI2C1_OnMasterBlockSent
                0x0001400c       0x28 ./Generated_Code/GI2C1.o
                0x0001400c                CI2C1_OnMasterBlockSent
 .text.CI2C1_OnMasterBlockReceived
                0x00014034       0x28 ./Generated_Code/GI2C1.o
                0x00014034                CI2C1_OnMasterBlockReceived
 .text.GI2C1_Init
                0x0001405c       0x20 ./Generated_Code/GI2C1.o
                0x0001405c                GI2C1_Init
 .text.SysTick_Init
                0x0001407c       0x2c ./Generated_Code/SysTick.o
                0x0001407c                SysTick_Init
 .text.TMOUT1_Init
                0x000140a8       0x3c ./Generated_Code/TMOUT1.o
                0x000140a8                TMOUT1_Init
 .text.TU1_Init
                0x000140e4       0xa8 ./Generated_Code/TU1.o
                0x000140e4                TU1_Init
 .text.TU1_Interrupt
                0x0001418c       0x6c ./Generated_Code/TU1.o
                0x0001418c                TU1_Interrupt
 .text.WAIT1_Wait10Cycles
                0x000141f8        0x8 ./Generated_Code/WAIT1.o
                0x000141f8                WAIT1_Wait10Cycles
 .text.WAIT1_Wait100Cycles
                0x00014200       0x28 ./Generated_Code/WAIT1.o
                0x00014200                WAIT1_Wait100Cycles
 .text.WAIT1_WaitCycles
                0x00014228       0x34 ./Generated_Code/WAIT1.o
                0x00014228                WAIT1_WaitCycles
 .text.WAIT1_WaitLongCycles
                0x0001425c       0x38 ./Generated_Code/WAIT1.o
                0x0001425c                WAIT1_WaitLongCycles
 .text.WAIT1_Waitms
                0x00014294       0x2c ./Generated_Code/WAIT1.o
                0x00014294                WAIT1_Waitms
 .text.exit     0x000142c0       0x28 c:/program files (x86)/gnu tools arm embedded/4.8 2014q1/bin/../lib/gcc/arm-none-eabi/4.8.3/../../../../arm-none-eabi/lib/armv7e-m/fpu\libg_s.a(lib_a-exit.o)
                0x000142c0                exit
 .text.__libc_init_array
                0x000142e8       0x4c c:/program files (x86)/gnu tools arm embedded/4.8 2014q1/bin/../lib/gcc/arm-none-eabi/4.8.3/../../../../arm-none-eabi/lib/armv7e-m/fpu\libg_s.a(lib_a-init.o)
                0x000142e8                __libc_init_array
 .text.memset   0x00014334       0x10 c:/program files (x86)/gnu tools arm embedded/4.8 2014q1/bin/../lib/gcc/arm-none-eabi/4.8.3/../../../../arm-none-eabi/lib/armv7e-m/fpu\libg_s.a(lib_a-memset.o)
                0x00014334                memset
 .text._exit    0x00014344        0x4 c:/program files (x86)/gnu tools arm embedded/4.8 2014q1/bin/../lib/gcc/arm-none-eabi/4.8.3/../../../../arm-none-eabi/lib/armv7e-m/fpu\libnosys.a(_exit.o)
                0x00014344                _exit
 *(.rodata)
 .rodata        0x00014348       0x10 ./Sources/main.o
 *(.rodata*)
 .rodata.g_pucOrbitronb16Data
                0x00014358      0xcf4 ./Sources/grlib/font/fontorbitronb16.o
 .rodata.g_usFontOffsetOrbitronb16
                0x0001504c      0x1c0 ./Sources/grlib/font/fontorbitronb16.o
                0x0001504c                g_usFontOffsetOrbitronb16
 .rodata.g_sFontExOrbitronb16
                0x0001520c       0x10 ./Sources/grlib/font/fontorbitronb16.o
                0x0001520c                g_sFontExOrbitronb16
 .rodata.g_psDefaultCodePointMapTable
                0x0001521c       0x10 ./Sources/grlib/context.o
                0x0001521c                g_psDefaultCodePointMapTable
 .rodata.g_st7789s_display
                0x0001522c       0x24 ./Sources/grlib/st7789s.o
                0x0001522c                g_st7789s_display
 .rodata.g_sDisplay
                0x00015250       0x28 ./Sources/grlib/st7789s.o
                0x00015250                g_sDisplay
 .rodata.g_pucImage
                0x00015278     0xa6d0 ./Bitmaps/Earth.o
                0x00015278                g_pucImage
 .rodata.str1.1
                0x0001f948        0x2 c:/program files (x86)/gnu tools arm embedded/4.8 2014q1/bin/../lib/gcc/arm-none-eabi/4.8.3/../../../../arm-none-eabi/lib/armv7e-m/fpu\libg_s.a(lib_a-impure.o)
 *fill*         0x0001f94a        0x2 
 .rodata._global_impure_ptr
                0x0001f94c        0x4 c:/program files (x86)/gnu tools arm embedded/4.8 2014q1/bin/../lib/gcc/arm-none-eabi/4.8.3/../../../../arm-none-eabi/lib/armv7e-m/fpu\libg_s.a(lib_a-impure.o)
                0x0001f94c                _global_impure_ptr
 *(.glue_7)
 .glue_7        0x00000000        0x0 linker stubs
 *(.glue_7t)
 .glue_7t       0x00000000        0x0 linker stubs
 *(.eh_frame)
 .eh_frame      0x0001f950        0x0 c:/program files (x86)/gnu tools arm embedded/4.8 2014q1/bin/../lib/gcc/arm-none-eabi/4.8.3/armv7e-m/fpu/crtbegin.o
 *(.init)
 .init          0x0001f950        0x4 c:/program files (x86)/gnu tools arm embedded/4.8 2014q1/bin/../lib/gcc/arm-none-eabi/4.8.3/armv7e-m/fpu/crti.o
                0x0001f950                _init
 .init          0x0001f954        0x8 c:/program files (x86)/gnu tools arm embedded/4.8 2014q1/bin/../lib/gcc/arm-none-eabi/4.8.3/armv7e-m/fpu/crtn.o
 *(.fini)
 .fini          0x0001f95c        0x4 c:/program files (x86)/gnu tools arm embedded/4.8 2014q1/bin/../lib/gcc/arm-none-eabi/4.8.3/armv7e-m/fpu/crti.o
                0x0001f95c                _fini
 .fini          0x0001f960        0x8 c:/program files (x86)/gnu tools arm embedded/4.8 2014q1/bin/../lib/gcc/arm-none-eabi/4.8.3/armv7e-m/fpu/crtn.o
                0x0001f968                . = ALIGN (0x4)
                0x0001f968                _etext = .

.vfp11_veneer   0x0001f968        0x0
 .vfp11_veneer  0x00000000        0x0 linker stubs

.v4_bx          0x0001f968        0x0
 .v4_bx         0x00000000        0x0 linker stubs

.iplt           0x0001f968        0x0
 .iplt          0x00000000        0x0 c:/program files (x86)/gnu tools arm embedded/4.8 2014q1/bin/../lib/gcc/arm-none-eabi/4.8.3/armv7e-m/fpu/crtbegin.o

.ARM.extab
 *(.ARM.extab* .gnu.linkonce.armextab.*)

.ARM            0x0001f968        0x8
                0x0001f968                __exidx_start = .
 *(.ARM.exidx*)
 .ARM.exidx     0x0001f968        0x8 c:/program files (x86)/gnu tools arm embedded/4.8 2014q1/bin/../lib/gcc/arm-none-eabi/4.8.3/../../../../arm-none-eabi/lib/armv7e-m/fpu/crt0.o
                0x0001f970                __exidx_end = .

.rel.dyn        0x0001f970        0x0
 .rel.iplt      0x00000000        0x0 c:/program files (x86)/gnu tools arm embedded/4.8 2014q1/bin/../lib/gcc/arm-none-eabi/4.8.3/armv7e-m/fpu/crtbegin.o

.ctors          0x0001f970        0x0
                0x0001f970                __CTOR_LIST__ = .
 *crtbegin.o(.ctors)
 *(EXCLUDE_FILE(*crtend.o) .ctors)
 *(SORT(.ctors.*))
 *(.ctors)
                0x0001f970                __CTOR_END__ = .

.dtors          0x0001f970        0x0
                0x0001f970                __DTOR_LIST__ = .
 *crtbegin.o(.dtors)
 *(EXCLUDE_FILE(*crtend.o) .dtors)
 *(SORT(.dtors.*))
 *(.dtors)
                0x0001f970                __DTOR_END__ = .

.preinit_array  0x0001f970        0x0
                0x0001f970                PROVIDE (__preinit_array_start, .)
 *(.preinit_array*)
                0x0001f970                PROVIDE (__preinit_array_end, .)

.init_array     0x0001f970        0x4
                0x0001f970                PROVIDE (__init_array_start, .)
 *(SORT(.init_array.*))
 *(.init_array*)
 .init_array    0x0001f970        0x4 c:/program files (x86)/gnu tools arm embedded/4.8 2014q1/bin/../lib/gcc/arm-none-eabi/4.8.3/armv7e-m/fpu/crtbegin.o
                0x0001f974                PROVIDE (__init_array_end, .)

.fini_array     0x0001f974        0x4
                0x0001f974                PROVIDE (__fini_array_start, .)
 *(SORT(.fini_array.*))
 *(.fini_array*)
 .fini_array    0x0001f974        0x4 c:/program files (x86)/gnu tools arm embedded/4.8 2014q1/bin/../lib/gcc/arm-none-eabi/4.8.3/armv7e-m/fpu/crtbegin.o
                0x0001f978                PROVIDE (__fini_array_end, .)
                0x0001f978                ___ROM_AT = .

.data           0x1fff0000       0x64 load address 0x0001f978
                0x1fff0000                . = ALIGN (0x4)
                0x1fff0000                _sdata = .
 *(.data)
 *(.data*)
 .data.g_num    0x1fff0000        0x1 ./Sources/main.o
                0x1fff0000                g_num
 .data.g_poll   0x1fff0001        0x1 ./Sources/main.o
                0x1fff0001                g_poll
 *fill*         0x1fff0002        0x2 
 .data.impure_data
                0x1fff0004       0x60 c:/program files (x86)/gnu tools arm embedded/4.8 2014q1/bin/../lib/gcc/arm-none-eabi/4.8.3/../../../../arm-none-eabi/lib/armv7e-m/fpu\libg_s.a(lib_a-impure.o)
                0x1fff0064                . = ALIGN (0x4)
                0x1fff0064                _edata = .
                0x00000064                ___data_size = (_edata - _sdata)
                0x0001f9dc                ___m_data_20000000_ROMStart = (___ROM_AT + SIZEOF (.data))

.jcr            0x1fff0064        0x0 load address 0x0001f9dc
 .jcr           0x1fff0064        0x0 c:/program files (x86)/gnu tools arm embedded/4.8 2014q1/bin/../lib/gcc/arm-none-eabi/4.8.3/armv7e-m/fpu/crtbegin.o

.igot.plt       0x1fff0064        0x0 load address 0x0001f9dc
 .igot.plt      0x00000000        0x0 c:/program files (x86)/gnu tools arm embedded/4.8 2014q1/bin/../lib/gcc/arm-none-eabi/4.8.3/armv7e-m/fpu/crtbegin.o

.m_data_20000000
                0x20000000        0x0 load address 0x0001f9dc
                0x20000000                . = ALIGN (0x4)
                0x20000000                ___m_data_20000000_RAMStart = .
 *(.m_data_20000000)
                0x20000000                ___m_data_20000000_RAMEnd = .
                0x20000000                . = ALIGN (0x4)
                0x00000000                ___m_data_20000000_ROMSize = (___m_data_20000000_RAMEnd - ___m_data_20000000_RAMStart)
                0x20000000                . = ALIGN (0x4)

.bss            0x1fff0064      0x4d8 load address 0x0001f9dc
                0x1fff0064                __START_BSS = .
                0x1fff0064                PROVIDE (__bss_start__, __START_BSS)
 *(.bss)
 .bss           0x1fff0064       0x1c c:/program files (x86)/gnu tools arm embedded/4.8 2014q1/bin/../lib/gcc/arm-none-eabi/4.8.3/armv7e-m/fpu/crtbegin.o
 *(.bss*)
 .bss.g_psGrLibDefaults
                0x1fff0080        0x4 ./Sources/grlib/context.o
 .bss.g_pucDictionary
                0x1fff0084       0x20 ./Sources/grlib/image.o
 .bss.g_lastNum
                0x1fff00a4        0x1 ./Sources/main.o
                0x1fff00a4                g_lastNum
 .bss.g_action  0x1fff00a5        0x1 ./Sources/main.o
                0x1fff00a5                g_action
 .bss.g_count   0x1fff00a6        0x1 ./Sources/main.o
                0x1fff00a6                g_count
 *fill*         0x1fff00a7        0x1 
 .bss.DeviceDataPrv__DEFAULT_RTOS_ALLOC
                0x1fff00a8       0x18 ./Generated_Code/CI2C1.o
 .bss.INT_I2C0__DEFAULT_RTOS_ISRPARAM
                0x1fff00c0        0x4 ./Generated_Code/CI2C1.o
 .bss.SR_lock   0x1fff00c4        0x1 ./Generated_Code/Cpu.o
                0x1fff00c4                SR_lock
 *fill*         0x1fff00c5        0x3 
 .bss.GI2C1_deviceData
                0x1fff00c8        0x8 ./Generated_Code/GI2C1.o
 .bss.PE_LDD_DeviceDataList
                0x1fff00d0        0x8 ./Generated_Code/PE_LDD.o
                0x1fff00d0                PE_LDD_DeviceDataList
 .bss.TMOUT1_Counters
                0x1fff00d8        0x4 ./Generated_Code/TMOUT1.o
 .bss.TMOUT1_FreeCounters
                0x1fff00dc        0x4 ./Generated_Code/TMOUT1.o
 .bss.DeviceDataPrv__DEFAULT_RTOS_ALLOC
                0x1fff00e0        0x8 ./Generated_Code/TU1.o
 .bss.INT_FTM1__DEFAULT_RTOS_ISRPARAM
                0x1fff00e8        0x4 ./Generated_Code/TU1.o
 *(COMMON)
 COMMON         0x1fff00ec       0x34 ./Sources/grlib/gfx.o
                0x1fff00ec                g_sContext
                0x1fff0118                gfx_invalid_bounds
 COMMON         0x1fff0120      0x418 ./Sources/main.o
                0x1fff0120                g_context
                0x1fff0138                i2c_tx_buffer
                0x1fff0338                i2c_rx_buffer
 COMMON         0x1fff0538        0x1 ./Generated_Code/Cpu.o
                0x1fff0538                SR_reg
                0x1fff053c                . = ALIGN (0x4)
 *fill*         0x1fff0539        0x3 
                0x1fff053c                __END_BSS = .
                0x1fff053c                PROVIDE (__bss_end__, __END_BSS)
                0x0001f9dc                _romp_at = ((___ROM_AT + SIZEOF (.data)) + SIZEOF (.m_data_20000000))

.romp           0x1fff053c       0x24 load address 0x0001f9dc
                0x0001f9dc                __S_romp = _romp_at
                0x1fff053c        0x4 LONG 0x1f978 ___ROM_AT
                0x1fff0540        0x4 LONG 0x1fff0000 _sdata
                0x1fff0544        0x4 LONG 0x64 ___data_size
                0x1fff0548        0x4 LONG 0x1f9dc ___m_data_20000000_ROMStart
                0x1fff054c        0x4 LONG 0x20000000 ___m_data_20000000_RAMStart
                0x1fff0550        0x4 LONG 0x0 ___m_data_20000000_ROMSize
                0x1fff0554        0x4 LONG 0x0
                0x1fff0558        0x4 LONG 0x0
                0x1fff055c        0x4 LONG 0x0
                0x000ffff0                text_end = (ORIGIN (m_text) + 0xefbf0)
                0x0001fa00                data_init_end = ((___m_data_20000000_ROMStart + SIZEOF (.m_data_20000000)) + SIZEOF (.romp))
                0x00000001                ASSERT ((data_init_end <= text_end), region m_text overflowed with text and data)

._user_heap_stack
                0x1fff0560     0x1400 load address 0x0001fa00
                0x1fff0560                . = ALIGN (0x4)
                0x1fff0560                PROVIDE (end, .)
                0x1fff0560                PROVIDE (_end, .)
                0x1fff0560                PROVIDE (__end__, .)
                0x1fff0560                __heap_addr = .
                0x1fff0560                __HeapBase = .
                0x1fff1560                . = (. + __heap_size)
 *fill*         0x1fff0560     0x1000 
                0x1fff1560                __HeapLimit = .
                0x1fff1960                . = (. + __stack_size)
 *fill*         0x1fff1560      0x400 
                0x1fff1960                . = ALIGN (0x4)

.ARM.attributes
                0x00000000       0x30
 *(.ARM.attributes)
 .ARM.attributes
                0x00000000       0x22 c:/program files (x86)/gnu tools arm embedded/4.8 2014q1/bin/../lib/gcc/arm-none-eabi/4.8.3/armv7e-m/fpu/crti.o
 .ARM.attributes
                0x00000022       0x34 c:/program files (x86)/gnu tools arm embedded/4.8 2014q1/bin/../lib/gcc/arm-none-eabi/4.8.3/armv7e-m/fpu/crtbegin.o
 .ARM.attributes
                0x00000056       0x20 c:/program files (x86)/gnu tools arm embedded/4.8 2014q1/bin/../lib/gcc/arm-none-eabi/4.8.3/../../../../arm-none-eabi/lib/armv7e-m/fpu/crt0.o
 .ARM.attributes
                0x00000076       0x39 ./Sources/grlib/font/fontorbitronb16.o
 .ARM.attributes
                0x000000af       0x39 ./Sources/grlib/charmap.o
 .ARM.attributes
                0x000000e8       0x39 ./Sources/grlib/circle.o
 .ARM.attributes
                0x00000121       0x39 ./Sources/grlib/context.o
 .ARM.attributes
                0x0000015a       0x39 ./Sources/grlib/gfx.o
 .ARM.attributes
                0x00000193       0x39 ./Sources/grlib/image.o
 .ARM.attributes
                0x000001cc       0x39 ./Sources/grlib/line.o
 .ARM.attributes
                0x00000205       0x39 ./Sources/grlib/rectangle.o
 .ARM.attributes
                0x0000023e       0x39 ./Sources/grlib/st7789s.o
 .ARM.attributes
                0x00000277       0x39 ./Sources/grlib/string.o
 .ARM.attributes
                0x000002b0       0x39 ./Sources/Events.o
 .ARM.attributes
                0x000002e9       0x39 ./Sources/main.o
 .ARM.attributes
                0x00000322       0x39 ./Project_Settings/Startup_Code/startup.o
 .ARM.attributes
                0x0000035b       0x39 ./Generated_Code/CI2C1.o
 .ARM.attributes
                0x00000394       0x39 ./Generated_Code/Cpu.o
 .ARM.attributes
                0x000003cd       0x39 ./Generated_Code/GI2C1.o
 .ARM.attributes
                0x00000406       0x39 ./Generated_Code/PE_LDD.o
 .ARM.attributes
                0x0000043f       0x39 ./Generated_Code/SysTick.o
 .ARM.attributes
                0x00000478       0x39 ./Generated_Code/TMOUT1.o
 .ARM.attributes
                0x000004b1       0x39 ./Generated_Code/TU1.o
 .ARM.attributes
                0x000004ea       0x39 ./Generated_Code/Vectors.o
 .ARM.attributes
                0x00000523       0x39 ./Generated_Code/WAIT1.o
 .ARM.attributes
                0x0000055c       0x39 ./Bitmaps/Earth.o
 .ARM.attributes
                0x00000595       0x34 c:/program files (x86)/gnu tools arm embedded/4.8 2014q1/bin/../lib/gcc/arm-none-eabi/4.8.3/../../../../arm-none-eabi/lib/armv7e-m/fpu\libg_s.a(lib_a-exit.o)
 .ARM.attributes
                0x000005c9       0x34 c:/program files (x86)/gnu tools arm embedded/4.8 2014q1/bin/../lib/gcc/arm-none-eabi/4.8.3/../../../../arm-none-eabi/lib/armv7e-m/fpu\libg_s.a(lib_a-impure.o)
 .ARM.attributes
                0x000005fd       0x34 c:/program files (x86)/gnu tools arm embedded/4.8 2014q1/bin/../lib/gcc/arm-none-eabi/4.8.3/../../../../arm-none-eabi/lib/armv7e-m/fpu\libg_s.a(lib_a-init.o)
 .ARM.attributes
                0x00000631       0x34 c:/program files (x86)/gnu tools arm embedded/4.8 2014q1/bin/../lib/gcc/arm-none-eabi/4.8.3/../../../../arm-none-eabi/lib/armv7e-m/fpu\libg_s.a(lib_a-memset.o)
 .ARM.attributes
                0x00000665       0x34 c:/program files (x86)/gnu tools arm embedded/4.8 2014q1/bin/../lib/gcc/arm-none-eabi/4.8.3/../../../../arm-none-eabi/lib/armv7e-m/fpu\libnosys.a(_exit.o)
 .ARM.attributes
                0x00000699       0x22 c:/program files (x86)/gnu tools arm embedded/4.8 2014q1/bin/../lib/gcc/arm-none-eabi/4.8.3/armv7e-m/fpu/crtn.o
OUTPUT(3. Draw Image.elf elf32-littlearm)

.debug_info     0x00000000     0x981a
 .debug_info    0x00000000      0x195 ./Sources/grlib/font/fontorbitronb16.o
 .debug_info    0x00000195      0x9d1 ./Sources/grlib/charmap.o
 .debug_info    0x00000b66      0x75d ./Sources/grlib/circle.o
 .debug_info    0x000012c3      0x5d3 ./Sources/grlib/context.o
 .debug_info    0x00001896      0x9e1 ./Sources/grlib/gfx.o
 .debug_info    0x00002277      0x8d8 ./Sources/grlib/image.o
 .debug_info    0x00002b4f      0x755 ./Sources/grlib/line.o
 .debug_info    0x000032a4      0x598 ./Sources/grlib/rectangle.o
 .debug_info    0x0000383c      0x989 ./Sources/grlib/st7789s.o
 .debug_info    0x000041c5     0x123e ./Sources/grlib/string.o
 .debug_info    0x00005403       0xfa ./Sources/Events.o
 .debug_info    0x000054fd     0x101a ./Sources/main.o
 .debug_info    0x00006517      0x3b0 ./Project_Settings/Startup_Code/startup.o
 .debug_info    0x000068c7      0x8f2 ./Generated_Code/CI2C1.o
 .debug_info    0x000071b9     0x115c ./Generated_Code/Cpu.o
 .debug_info    0x00008315      0x5bd ./Generated_Code/GI2C1.o
 .debug_info    0x000088d2      0x24d ./Generated_Code/PE_LDD.o
 .debug_info    0x00008b1f      0x105 ./Generated_Code/SysTick.o
 .debug_info    0x00008c24      0x2b2 ./Generated_Code/TMOUT1.o
 .debug_info    0x00008ed6      0x642 ./Generated_Code/TU1.o
 .debug_info    0x00009518      0x116 ./Generated_Code/Vectors.o
 .debug_info    0x0000962e      0x14f ./Generated_Code/WAIT1.o
 .debug_info    0x0000977d       0x9d ./Bitmaps/Earth.o

.debug_abbrev   0x00000000     0x1da3
 .debug_abbrev  0x00000000       0xb9 ./Sources/grlib/font/fontorbitronb16.o
 .debug_abbrev  0x000000b9       0xfd ./Sources/grlib/charmap.o
 .debug_abbrev  0x000001b6      0x172 ./Sources/grlib/circle.o
 .debug_abbrev  0x00000328      0x12a ./Sources/grlib/context.o
 .debug_abbrev  0x00000452      0x1b5 ./Sources/grlib/gfx.o
 .debug_abbrev  0x00000607      0x1a8 ./Sources/grlib/image.o
 .debug_abbrev  0x000007af      0x1c4 ./Sources/grlib/line.o
 .debug_abbrev  0x00000973      0x167 ./Sources/grlib/rectangle.o
 .debug_abbrev  0x00000ada      0x1cc ./Sources/grlib/st7789s.o
 .debug_abbrev  0x00000ca6      0x201 ./Sources/grlib/string.o
 .debug_abbrev  0x00000ea7       0xa0 ./Sources/Events.o
 .debug_abbrev  0x00000f47      0x26a ./Sources/main.o
 .debug_abbrev  0x000011b1      0x189 ./Project_Settings/Startup_Code/startup.o
 .debug_abbrev  0x0000133a      0x1a5 ./Generated_Code/CI2C1.o
 .debug_abbrev  0x000014df      0x185 ./Generated_Code/Cpu.o
 .debug_abbrev  0x00001664      0x1d5 ./Generated_Code/GI2C1.o
 .debug_abbrev  0x00001839      0x10d ./Generated_Code/PE_LDD.o
 .debug_abbrev  0x00001946       0x9c ./Generated_Code/SysTick.o
 .debug_abbrev  0x000019e2       0xaf ./Generated_Code/TMOUT1.o
 .debug_abbrev  0x00001a91      0x16a ./Generated_Code/TU1.o
 .debug_abbrev  0x00001bfb       0xa4 ./Generated_Code/Vectors.o
 .debug_abbrev  0x00001c9f       0xb1 ./Generated_Code/WAIT1.o
 .debug_abbrev  0x00001d50       0x53 ./Bitmaps/Earth.o

.debug_aranges  0x00000000      0xa30
 .debug_aranges
                0x00000000       0x18 ./Sources/grlib/font/fontorbitronb16.o
 .debug_aranges
                0x00000018       0xe0 ./Sources/grlib/charmap.o
 .debug_aranges
                0x000000f8       0x28 ./Sources/grlib/circle.o
 .debug_aranges
                0x00000120       0x30 ./Sources/grlib/context.o
 .debug_aranges
                0x00000150       0x90 ./Sources/grlib/gfx.o
 .debug_aranges
                0x000001e0       0x38 ./Sources/grlib/image.o
 .debug_aranges
                0x00000218       0x40 ./Sources/grlib/line.o
 .debug_aranges
                0x00000258       0x38 ./Sources/grlib/rectangle.o
 .debug_aranges
                0x00000290       0xb0 ./Sources/grlib/st7789s.o
 .debug_aranges
                0x00000340       0xc8 ./Sources/grlib/string.o
 .debug_aranges
                0x00000408       0x28 ./Sources/Events.o
 .debug_aranges
                0x00000430       0x68 ./Sources/main.o
 .debug_aranges
                0x00000498       0x50 ./Project_Settings/Startup_Code/startup.o
 .debug_aranges
                0x000004e8       0x50 ./Generated_Code/CI2C1.o
 .debug_aranges
                0x00000538      0x320 ./Generated_Code/Cpu.o
 .debug_aranges
                0x00000858       0xa0 ./Generated_Code/GI2C1.o
 .debug_aranges
                0x000008f8       0x30 ./Generated_Code/PE_LDD.o
 .debug_aranges
                0x00000928       0x20 ./Generated_Code/SysTick.o
 .debug_aranges
                0x00000948       0x50 ./Generated_Code/TMOUT1.o
 .debug_aranges
                0x00000998       0x28 ./Generated_Code/TU1.o
 .debug_aranges
                0x000009c0       0x18 ./Generated_Code/Vectors.o
 .debug_aranges
                0x000009d8       0x40 ./Generated_Code/WAIT1.o
 .debug_aranges
                0x00000a18       0x18 ./Bitmaps/Earth.o

.debug_macro    0x00000000    0x21b2c
 .debug_macro   0x00000000      0x15b ./Sources/grlib/font/fontorbitronb16.o
 .debug_macro   0x0000015b      0x151 ./Sources/grlib/charmap.o
 .debug_macro   0x000002ac      0x701 ./Sources/grlib/charmap.o
 .debug_macro   0x000009ad      0x151 ./Sources/grlib/circle.o
 .debug_macro   0x00000afe      0x157 ./Sources/grlib/context.o
 .debug_macro   0x00000c55      0x18e ./Sources/grlib/gfx.o
 .debug_macro   0x00000de3       0x22 ./Sources/grlib/gfx.o
 .debug_macro   0x00000e05       0xbe ./Sources/grlib/gfx.o
 .debug_macro   0x00000ec3       0x46 ./Sources/grlib/gfx.o
 .debug_macro   0x00000f09      0x151 ./Sources/grlib/image.o
 .debug_macro   0x0000105a      0x151 ./Sources/grlib/line.o
 .debug_macro   0x000011ab      0x15d ./Sources/grlib/rectangle.o
 .debug_macro   0x00001308      0x1a3 ./Sources/grlib/st7789s.o
 .debug_macro   0x000014ab      0x1cc ./Sources/grlib/st7789s.o
 .debug_macro   0x00001677       0x4c ./Sources/grlib/st7789s.o
 .debug_macro   0x000016c3      0x188 ./Sources/grlib/string.o
 .debug_macro   0x0000184b      0x1fd ./Sources/Events.o
 .debug_macro   0x00001a48     0x1760 ./Sources/Events.o
 .debug_macro   0x000031a8      0x14e ./Sources/Events.o
 .debug_macro   0x000032f6       0x6a ./Sources/Events.o
 .debug_macro   0x00003360     0xde57 ./Sources/Events.o
 .debug_macro   0x000111b7       0x9a ./Sources/Events.o
 .debug_macro   0x00011251       0x22 ./Sources/Events.o
 .debug_macro   0x00011273       0x22 ./Sources/Events.o
 .debug_macro   0x00011295       0x28 ./Sources/Events.o
 .debug_macro   0x000112bd       0x1c ./Sources/Events.o
 .debug_macro   0x000112d9       0x3d ./Sources/Events.o
 .debug_macro   0x00011316       0x51 ./Sources/Events.o
 .debug_macro   0x00011367       0x16 ./Sources/Events.o
 .debug_macro   0x0001137d      0x166 ./Sources/Events.o
 .debug_macro   0x000114e3      0x2a6 ./Sources/Events.o
 .debug_macro   0x00011789       0x10 ./Sources/Events.o
 .debug_macro   0x00011799       0x19 ./Sources/Events.o
 .debug_macro   0x000117b2       0x10 ./Sources/Events.o
 .debug_macro   0x000117c2       0x94 ./Sources/Events.o
 .debug_macro   0x00011856      0x6a0 ./Sources/Events.o
 .debug_macro   0x00011ef6       0x51 ./Sources/Events.o
 .debug_macro   0x00011f47      0x30a ./Sources/main.o
 .debug_macro   0x00012251      0x1d2 ./Sources/main.o
 .debug_macro   0x00012423      0x121 ./Project_Settings/Startup_Code/startup.o
 .debug_macro   0x00012544       0x4a ./Project_Settings/Startup_Code/startup.o
 .debug_macro   0x0001258e       0x10 ./Project_Settings/Startup_Code/startup.o
 .debug_macro   0x0001259e      0x20f ./Project_Settings/Startup_Code/startup.o
 .debug_macro   0x000127ad     0xde4b ./Project_Settings/Startup_Code/startup.o
 .debug_macro   0x000205f8      0x10d ./Generated_Code/CI2C1.o
 .debug_macro   0x00020705       0xa0 ./Generated_Code/CI2C1.o
 .debug_macro   0x000207a5       0x37 ./Generated_Code/CI2C1.o
 .debug_macro   0x000207dc      0x4e4 ./Generated_Code/CI2C1.o
 .debug_macro   0x00020cc0      0x29c ./Generated_Code/CI2C1.o
 .debug_macro   0x00020f5c      0x1f4 ./Generated_Code/Cpu.o
 .debug_macro   0x00021150       0x2e ./Generated_Code/Cpu.o
 .debug_macro   0x0002117e       0x22 ./Generated_Code/Cpu.o
 .debug_macro   0x000211a0       0xb8 ./Generated_Code/GI2C1.o
 .debug_macro   0x00021258      0x1bd ./Generated_Code/PE_LDD.o
 .debug_macro   0x00021415       0x8f ./Generated_Code/SysTick.o
 .debug_macro   0x000214a4       0xa9 ./Generated_Code/TMOUT1.o
 .debug_macro   0x0002154d      0x1f7 ./Generated_Code/TU1.o
 .debug_macro   0x00021744      0x1f7 ./Generated_Code/Vectors.o
 .debug_macro   0x0002193b       0x9a ./Generated_Code/WAIT1.o
 .debug_macro   0x000219d5      0x157 ./Bitmaps/Earth.o

.debug_line     0x00000000     0x6c50
 .debug_line    0x00000000      0x2e7 ./Sources/grlib/font/fontorbitronb16.o
 .debug_line    0x000002e7      0x618 ./Sources/grlib/charmap.o
 .debug_line    0x000008ff      0x43e ./Sources/grlib/circle.o
 .debug_line    0x00000d3d      0x3a6 ./Sources/grlib/context.o
 .debug_line    0x000010e3      0x4c9 ./Sources/grlib/gfx.o
 .debug_line    0x000015ac      0x51c ./Sources/grlib/image.o
 .debug_line    0x00001ac8      0x409 ./Sources/grlib/line.o
 .debug_line    0x00001ed1      0x358 ./Sources/grlib/rectangle.o
 .debug_line    0x00002229      0x5bc ./Sources/grlib/st7789s.o
 .debug_line    0x000027e5      0x6f3 ./Sources/grlib/string.o
 .debug_line    0x00002ed8      0x458 ./Sources/Events.o
 .debug_line    0x00003330      0x6d5 ./Sources/main.o
 .debug_line    0x00003a05      0x438 ./Project_Settings/Startup_Code/startup.o
 .debug_line    0x00003e3d      0x45c ./Generated_Code/CI2C1.o
 .debug_line    0x00004299      0xc17 ./Generated_Code/Cpu.o
 .debug_line    0x00004eb0      0x450 ./Generated_Code/GI2C1.o
 .debug_line    0x00005300      0x445 ./Generated_Code/PE_LDD.o
 .debug_line    0x00005745      0x26d ./Generated_Code/SysTick.o
 .debug_line    0x000059b2      0x343 ./Generated_Code/TMOUT1.o
 .debug_line    0x00005cf5      0x4a7 ./Generated_Code/TU1.o
 .debug_line    0x0000619c      0x4f3 ./Generated_Code/Vectors.o
 .debug_line    0x0000668f      0x2e9 ./Generated_Code/WAIT1.o
 .debug_line    0x00006978      0x2d8 ./Bitmaps/Earth.o

.debug_str      0x00000000    0x709dc
 .debug_str     0x00000000     0x71ab ./Sources/grlib/font/fontorbitronb16.o
                               0x73c9 (size before relaxing)
 .debug_str     0x000071ab      0x3b4 ./Sources/grlib/charmap.o
                               0x76e0 (size before relaxing)
 .debug_str     0x0000755f      0x1df ./Sources/grlib/circle.o
                               0x7558 (size before relaxing)
 .debug_str     0x0000773e       0xf2 ./Sources/grlib/context.o
                               0x760e (size before relaxing)
 .debug_str     0x00007830      0x86f ./Sources/grlib/gfx.o
                               0x7dcd (size before relaxing)
 .debug_str     0x0000809f      0x11c ./Sources/grlib/image.o
                               0x7669 (size before relaxing)
 .debug_str     0x000081bb       0xa1 ./Sources/grlib/line.o
                               0x75c3 (size before relaxing)
 .debug_str     0x0000825c       0xc1 ./Sources/grlib/rectangle.o
                               0x75e3 (size before relaxing)
 .debug_str     0x0000831d      0xd6f ./Sources/grlib/st7789s.o
                               0x8850 (size before relaxing)
 .debug_str     0x0000908c      0x514 ./Sources/grlib/string.o
                               0x7aa8 (size before relaxing)
 .debug_str     0x000095a0    0x5f64b ./Sources/Events.o
                              0x63b1f (size before relaxing)
 .debug_str     0x00068beb      0x38a ./Sources/main.o
                              0x68165 (size before relaxing)
 .debug_str     0x00068f75      0x182 ./Project_Settings/Startup_Code/startup.o
                              0x529fd (size before relaxing)
 .debug_str     0x000690f7     0x69be ./Generated_Code/CI2C1.o
                              0x5efa9 (size before relaxing)
 .debug_str     0x0006fab5      0x875 ./Generated_Code/Cpu.o
                              0x64525 (size before relaxing)
 .debug_str     0x0007032a      0x25c ./Generated_Code/GI2C1.o
                              0x5825c (size before relaxing)
 .debug_str     0x00070586      0x17e ./Generated_Code/PE_LDD.o
                              0x63c6e (size before relaxing)
 .debug_str     0x00070704       0x50 ./Generated_Code/SysTick.o
                              0x5796e (size before relaxing)
 .debug_str     0x00070754      0x102 ./Generated_Code/TMOUT1.o
                              0x57d53 (size before relaxing)
 .debug_str     0x00070856       0xd3 ./Generated_Code/TU1.o
                              0x63dd1 (size before relaxing)
 .debug_str     0x00070929       0x1c ./Generated_Code/Vectors.o
                              0x63b06 (size before relaxing)
 .debug_str     0x00070945       0x84 ./Generated_Code/WAIT1.o
                              0x57dd4 (size before relaxing)
 .debug_str     0x000709c9       0x13 ./Bitmaps/Earth.o
                               0x7304 (size before relaxing)

.comment        0x00000000       0x70
 .comment       0x00000000       0x70 ./Sources/grlib/font/fontorbitronb16.o
                                 0x71 (size before relaxing)
 .comment       0x00000000       0x71 ./Sources/grlib/charmap.o
 .comment       0x00000000       0x71 ./Sources/grlib/circle.o
 .comment       0x00000000       0x71 ./Sources/grlib/context.o
 .comment       0x00000000       0x71 ./Sources/grlib/gfx.o
 .comment       0x00000000       0x71 ./Sources/grlib/image.o
 .comment       0x00000000       0x71 ./Sources/grlib/line.o
 .comment       0x00000000       0x71 ./Sources/grlib/rectangle.o
 .comment       0x00000000       0x71 ./Sources/grlib/st7789s.o
 .comment       0x00000000       0x71 ./Sources/grlib/string.o
 .comment       0x00000000       0x71 ./Sources/Events.o
 .comment       0x00000000       0x71 ./Sources/main.o
 .comment       0x00000000       0x71 ./Project_Settings/Startup_Code/startup.o
 .comment       0x00000000       0x71 ./Generated_Code/CI2C1.o
 .comment       0x00000000       0x71 ./Generated_Code/Cpu.o
 .comment       0x00000000       0x71 ./Generated_Code/GI2C1.o
 .comment       0x00000000       0x71 ./Generated_Code/PE_LDD.o
 .comment       0x00000000       0x71 ./Generated_Code/SysTick.o
 .comment       0x00000000       0x71 ./Generated_Code/TMOUT1.o
 .comment       0x00000000       0x71 ./Generated_Code/TU1.o
 .comment       0x00000000       0x71 ./Generated_Code/Vectors.o
 .comment       0x00000000       0x71 ./Generated_Code/WAIT1.o
 .comment       0x00000000       0x71 ./Bitmaps/Earth.o

.debug_ranges   0x00000000      0x8a8
 .debug_ranges  0x00000000       0xd0 ./Sources/grlib/charmap.o
 .debug_ranges  0x000000d0       0x18 ./Sources/grlib/circle.o
 .debug_ranges  0x000000e8       0x20 ./Sources/grlib/context.o
 .debug_ranges  0x00000108       0x80 ./Sources/grlib/gfx.o
 .debug_ranges  0x00000188       0x28 ./Sources/grlib/image.o
 .debug_ranges  0x000001b0       0x30 ./Sources/grlib/line.o
 .debug_ranges  0x000001e0       0x28 ./Sources/grlib/rectangle.o
 .debug_ranges  0x00000208       0xa0 ./Sources/grlib/st7789s.o
 .debug_ranges  0x000002a8       0xb8 ./Sources/grlib/string.o
 .debug_ranges  0x00000360       0x18 ./Sources/Events.o
 .debug_ranges  0x00000378       0x58 ./Sources/main.o
 .debug_ranges  0x000003d0       0x40 ./Project_Settings/Startup_Code/startup.o
 .debug_ranges  0x00000410       0x40 ./Generated_Code/CI2C1.o
 .debug_ranges  0x00000450      0x310 ./Generated_Code/Cpu.o
 .debug_ranges  0x00000760       0x90 ./Generated_Code/GI2C1.o
 .debug_ranges  0x000007f0       0x20 ./Generated_Code/PE_LDD.o
 .debug_ranges  0x00000810       0x10 ./Generated_Code/SysTick.o
 .debug_ranges  0x00000820       0x40 ./Generated_Code/TMOUT1.o
 .debug_ranges  0x00000860       0x18 ./Generated_Code/TU1.o
 .debug_ranges  0x00000878       0x30 ./Generated_Code/WAIT1.o

.debug_frame    0x00000000     0x205c
 .debug_frame   0x00000000      0x2d8 ./Sources/grlib/charmap.o
 .debug_frame   0x000002d8       0x50 ./Sources/grlib/circle.o
 .debug_frame   0x00000328       0x64 ./Sources/grlib/context.o
 .debug_frame   0x0000038c      0x1cc ./Sources/grlib/gfx.o
 .debug_frame   0x00000558       0x98 ./Sources/grlib/image.o
 .debug_frame   0x000005f0       0xac ./Sources/grlib/line.o
 .debug_frame   0x0000069c       0x8c ./Sources/grlib/rectangle.o
 .debug_frame   0x00000728      0x250 ./Sources/grlib/st7789s.o
 .debug_frame   0x00000978      0x2c8 ./Sources/grlib/string.o
 .debug_frame   0x00000c40       0x44 ./Sources/Events.o
 .debug_frame   0x00000c84      0x140 ./Sources/main.o
 .debug_frame   0x00000dc4       0xc0 ./Project_Settings/Startup_Code/startup.o
 .debug_frame   0x00000e84       0xe0 ./Generated_Code/CI2C1.o
 .debug_frame   0x00000f64      0xc24 ./Generated_Code/Cpu.o
 .debug_frame   0x00001b88      0x200 ./Generated_Code/GI2C1.o
 .debug_frame   0x00001d88       0x64 ./Generated_Code/PE_LDD.o
 .debug_frame   0x00001dec       0x28 ./Generated_Code/SysTick.o
 .debug_frame   0x00001e14       0xd4 ./Generated_Code/TMOUT1.o
 .debug_frame   0x00001ee8       0x50 ./Generated_Code/TU1.o
 .debug_frame   0x00001f38       0x90 ./Generated_Code/WAIT1.o
 .debug_frame   0x00001fc8       0x28 c:/program files (x86)/gnu tools arm embedded/4.8 2014q1/bin/../lib/gcc/arm-none-eabi/4.8.3/../../../../arm-none-eabi/lib/armv7e-m/fpu\libg_s.a(lib_a-exit.o)
 .debug_frame   0x00001ff0       0x2c c:/program files (x86)/gnu tools arm embedded/4.8 2014q1/bin/../lib/gcc/arm-none-eabi/4.8.3/../../../../arm-none-eabi/lib/armv7e-m/fpu\libg_s.a(lib_a-init.o)
 .debug_frame   0x0000201c       0x20 c:/program files (x86)/gnu tools arm embedded/4.8 2014q1/bin/../lib/gcc/arm-none-eabi/4.8.3/../../../../arm-none-eabi/lib/armv7e-m/fpu\libg_s.a(lib_a-memset.o)
 .debug_frame   0x0000203c       0x20 c:/program files (x86)/gnu tools arm embedded/4.8 2014q1/bin/../lib/gcc/arm-none-eabi/4.8.3/../../../../arm-none-eabi/lib/armv7e-m/fpu\libnosys.a(_exit.o)
