Archive member included because of file (symbol)

c:/program files (x86)/gnu tools arm embedded/4.8 2014q1/bin/../lib/gcc/arm-none-eabi/4.8.3/../../../../arm-none-eabi/lib/armv7e-m/fpu\libg_s.a(lib_a-exit.o)
                              c:/program files (x86)/gnu tools arm embedded/4.8 2014q1/bin/../lib/gcc/arm-none-eabi/4.8.3/../../../../arm-none-eabi/lib/armv7e-m/fpu/crt0.o (exit)
c:/program files (x86)/gnu tools arm embedded/4.8 2014q1/bin/../lib/gcc/arm-none-eabi/4.8.3/../../../../arm-none-eabi/lib/armv7e-m/fpu\libg_s.a(lib_a-impure.o)
                              c:/program files (x86)/gnu tools arm embedded/4.8 2014q1/bin/../lib/gcc/arm-none-eabi/4.8.3/../../../../arm-none-eabi/lib/armv7e-m/fpu\libg_s.a(lib_a-exit.o) (_global_impure_ptr)
c:/program files (x86)/gnu tools arm embedded/4.8 2014q1/bin/../lib/gcc/arm-none-eabi/4.8.3/../../../../arm-none-eabi/lib/armv7e-m/fpu\libg_s.a(lib_a-init.o)
                              c:/program files (x86)/gnu tools arm embedded/4.8 2014q1/bin/../lib/gcc/arm-none-eabi/4.8.3/../../../../arm-none-eabi/lib/armv7e-m/fpu/crt0.o (__libc_init_array)
c:/program files (x86)/gnu tools arm embedded/4.8 2014q1/bin/../lib/gcc/arm-none-eabi/4.8.3/../../../../arm-none-eabi/lib/armv7e-m/fpu\libg_s.a(lib_a-memcpy-stub.o)
                              ./Generated_Code/usb_dci_kinetis.o (memcpy)
c:/program files (x86)/gnu tools arm embedded/4.8 2014q1/bin/../lib/gcc/arm-none-eabi/4.8.3/../../../../arm-none-eabi/lib/armv7e-m/fpu\libg_s.a(lib_a-memset.o)
                              c:/program files (x86)/gnu tools arm embedded/4.8 2014q1/bin/../lib/gcc/arm-none-eabi/4.8.3/../../../../arm-none-eabi/lib/armv7e-m/fpu/crt0.o (memset)
c:/program files (x86)/gnu tools arm embedded/4.8 2014q1/bin/../lib/gcc/arm-none-eabi/4.8.3/../../../../arm-none-eabi/lib/armv7e-m/fpu\libg_s.a(lib_a-sprintf.o)
                              ./Sources/main.o (sprintf)
c:/program files (x86)/gnu tools arm embedded/4.8 2014q1/bin/../lib/gcc/arm-none-eabi/4.8.3/../../../../arm-none-eabi/lib/armv7e-m/fpu\libg_s.a(lib_a-strchr.o)
                              ./Generated_Code/UTIL1.o (strchr)
c:/program files (x86)/gnu tools arm embedded/4.8 2014q1/bin/../lib/gcc/arm-none-eabi/4.8.3/../../../../arm-none-eabi/lib/armv7e-m/fpu\libg_s.a(lib_a-strlen.o)
                              ./Generated_Code/UTIL1.o (strlen)
c:/program files (x86)/gnu tools arm embedded/4.8 2014q1/bin/../lib/gcc/arm-none-eabi/4.8.3/../../../../arm-none-eabi/lib/armv7e-m/fpu\libg_s.a(lib_a-strncmp.o)
                              ./Generated_Code/UTIL1.o (strncmp)
c:/program files (x86)/gnu tools arm embedded/4.8 2014q1/bin/../lib/gcc/arm-none-eabi/4.8.3/../../../../arm-none-eabi/lib/armv7e-m/fpu\libg_s.a(lib_a-svfprintf.o)
                              c:/program files (x86)/gnu tools arm embedded/4.8 2014q1/bin/../lib/gcc/arm-none-eabi/4.8.3/../../../../arm-none-eabi/lib/armv7e-m/fpu\libg_s.a(lib_a-sprintf.o) (_svfprintf_r)
c:/program files (x86)/gnu tools arm embedded/4.8 2014q1/bin/../lib/gcc/arm-none-eabi/4.8.3/../../../../arm-none-eabi/lib/armv7e-m/fpu\libg_s.a(lib_a-vfprintf_i.o)
                              c:/program files (x86)/gnu tools arm embedded/4.8 2014q1/bin/../lib/gcc/arm-none-eabi/4.8.3/../../../../arm-none-eabi/lib/armv7e-m/fpu\libg_s.a(lib_a-svfprintf.o) (_printf_i)
c:/program files (x86)/gnu tools arm embedded/4.8 2014q1/bin/../lib/gcc/arm-none-eabi/4.8.3/../../../../arm-none-eabi/lib/armv7e-m/fpu\libg_s.a(lib_a-memchr-stub.o)
                              c:/program files (x86)/gnu tools arm embedded/4.8 2014q1/bin/../lib/gcc/arm-none-eabi/4.8.3/../../../../arm-none-eabi/lib/armv7e-m/fpu\libg_s.a(lib_a-svfprintf.o) (memchr)
c:/program files (x86)/gnu tools arm embedded/4.8 2014q1/bin/../lib/gcc/arm-none-eabi/4.8.3/../../../../arm-none-eabi/lib/armv7e-m/fpu\libg_s.a(lib_a-memmove.o)
                              c:/program files (x86)/gnu tools arm embedded/4.8 2014q1/bin/../lib/gcc/arm-none-eabi/4.8.3/../../../../arm-none-eabi/lib/armv7e-m/fpu\libg_s.a(lib_a-svfprintf.o) (memmove)
c:/program files (x86)/gnu tools arm embedded/4.8 2014q1/bin/../lib/gcc/arm-none-eabi/4.8.3/../../../../arm-none-eabi/lib/armv7e-m/fpu\libg_s.a(lib_a-nano-freer.o)
                              c:/program files (x86)/gnu tools arm embedded/4.8 2014q1/bin/../lib/gcc/arm-none-eabi/4.8.3/../../../../arm-none-eabi/lib/armv7e-m/fpu\libg_s.a(lib_a-svfprintf.o) (_free_r)
c:/program files (x86)/gnu tools arm embedded/4.8 2014q1/bin/../lib/gcc/arm-none-eabi/4.8.3/../../../../arm-none-eabi/lib/armv7e-m/fpu\libg_s.a(lib_a-nano-mallocr.o)
                              c:/program files (x86)/gnu tools arm embedded/4.8 2014q1/bin/../lib/gcc/arm-none-eabi/4.8.3/../../../../arm-none-eabi/lib/armv7e-m/fpu\libg_s.a(lib_a-svfprintf.o) (_malloc_r)
c:/program files (x86)/gnu tools arm embedded/4.8 2014q1/bin/../lib/gcc/arm-none-eabi/4.8.3/../../../../arm-none-eabi/lib/armv7e-m/fpu\libg_s.a(lib_a-nano-reallocr.o)
[...]
Memory Configuration

Name             Origin             Length             Attributes
m_interrupts     0x00010000         0x00000188         xr
m_text           0x00010400         0x000efbf0         xr
m_data           0x1fff0000         0x00010000         rw
m_data_20000000  0x20000000         0x00010000         rw
m_cfmprotrom     0x00000400         0x00000010         xr
*default*        0x00000000         0xffffffff

Linker script and memory map

LOAD c:/program files (x86)/gnu tools arm embedded/4.8 2014q1/bin/../lib/gcc/arm-none-eabi/4.8.3/armv7e-m/fpu/crti.o
LOAD c:/program files (x86)/gnu tools arm embedded/4.8 2014q1/bin/../lib/gcc/arm-none-eabi/4.8.3/armv7e-m/fpu/crtbegin.o
LOAD c:/program files (x86)/gnu tools arm embedded/4.8 2014q1/bin/../lib/gcc/arm-none-eabi/4.8.3/../../../../arm-none-eabi/lib/armv7e-m/fpu/crt0.o
LOAD ./Sources/grlib/font/fontorbitron12.o
LOAD ./Sources/grlib/font/fontorbitron16.o
LOAD ./Sources/grlib/font/fontorbitron24.o
LOAD ./Sources/grlib/font/fontorbitronb12.o
LOAD ./Sources/grlib/font/fontorbitronb16.o
LOAD ./Sources/grlib/font/fontorbitronb24.o
LOAD ./Sources/grlib/font/fontorbitronb32.o
LOAD ./Sources/grlib/font/fontorbitronb48.o
LOAD ./Sources/grlib/font/fontorbitronb72.o
LOAD ./Sources/grlib/charmap.o
LOAD ./Sources/grlib/circle.o
LOAD ./Sources/grlib/context.o
LOAD ./Sources/grlib/gfx.o
LOAD ./Sources/grlib/image.o
LOAD ./Sources/grlib/line.o
LOAD ./Sources/grlib/offscr1bpp.o
LOAD ./Sources/grlib/offscr4bpp.o
LOAD ./Sources/grlib/offscr8bpp.o
LOAD ./Sources/grlib/rectangle.o
LOAD ./Sources/grlib/st7789s.o
LOAD ./Sources/grlib/string.o
LOAD ./Sources/Events.o
LOAD ./Sources/main.o
LOAD ./Project_Settings/Startup_Code/startup.o
LOAD ./Generated_Code/CDC1.o
LOAD ./Generated_Code/CI2C1.o
LOAD ./Generated_Code/CS1.o
LOAD ./Generated_Code/Cpu.o
LOAD ./Generated_Code/GI2C1.o
LOAD ./Generated_Code/KSDK1.o
LOAD ./Generated_Code/PE_LDD.o
LOAD ./Generated_Code/Rx1.o
LOAD ./Generated_Code/SysTick.o
LOAD ./Generated_Code/TMOUT1.o
LOAD ./Generated_Code/TU1.o
LOAD ./Generated_Code/Tx1.o
LOAD ./Generated_Code/USB0.o
LOAD ./Generated_Code/USB1.o
LOAD ./Generated_Code/UTIL1.o
LOAD ./Generated_Code/Vectors.o
LOAD ./Generated_Code/WAIT1.o
LOAD ./Generated_Code/usb_cdc.o
LOAD ./Generated_Code/usb_cdc_pstn.o
LOAD ./Generated_Code/usb_class.o
LOAD ./Generated_Code/usb_dci_kinetis.o
LOAD ./Generated_Code/usb_descriptor.o
LOAD ./Generated_Code/usb_driver.o
LOAD ./Generated_Code/usb_framework.o
LOAD ./Generated_Code/wdt_kinetis.o
LOAD ./Bitmaps/Earth.o
LOAD c:/program files (x86)/gnu tools arm embedded/4.8 2014q1/bin/../lib/gcc/arm-none-eabi/4.8.3/../../../../arm-none-eabi/lib/armv7e-m/fpu\libstdc++_s.a
LOAD c:/program files (x86)/gnu tools arm embedded/4.8 2014q1/bin/../lib/gcc/arm-none-eabi/4.8.3/../../../../arm-none-eabi/lib/armv7e-m/fpu\libm.a
START GROUP
LOAD c:/program files (x86)/gnu tools arm embedded/4.8 2014q1/bin/../lib/gcc/arm-none-eabi/4.8.3/armv7e-m/fpu\libgcc.a
LOAD c:/program files (x86)/gnu tools arm embedded/4.8 2014q1/bin/../lib/gcc/arm-none-eabi/4.8.3/../../../../arm-none-eabi/lib/armv7e-m/fpu\libg_s.a
LOAD c:/program files (x86)/gnu tools arm embedded/4.8 2014q1/bin/../lib/gcc/arm-none-eabi/4.8.3/../../../../arm-none-eabi/lib/armv7e-m/fpu\libc_s.a
END GROUP
START GROUP
LOAD c:/program files (x86)/gnu tools arm embedded/4.8 2014q1/bin/../lib/gcc/arm-none-eabi/4.8.3/armv7e-m/fpu\libgcc.a
LOAD c:/program files (x86)/gnu tools arm embedded/4.8 2014q1/bin/../lib/gcc/arm-none-eabi/4.8.3/../../../../arm-none-eabi/lib/armv7e-m/fpu\libc_s.a
LOAD c:/program files (x86)/gnu tools arm embedded/4.8 2014q1/bin/../lib/gcc/arm-none-eabi/4.8.3/../../../../arm-none-eabi/lib/armv7e-m/fpu\libnosys.a
END GROUP
START GROUP
LOAD c:/program files (x86)/gnu tools arm embedded/4.8 2014q1/bin/../lib/gcc/arm-none-eabi/4.8.3/armv7e-m/fpu\libgcc.a
LOAD c:/program files (x86)/gnu tools arm embedded/4.8 2014q1/bin/../lib/gcc/arm-none-eabi/4.8.3/../../../../arm-none-eabi/lib/armv7e-m/fpu\libc_s.a
LOAD c:/program files (x86)/gnu tools arm embedded/4.8 2014q1/bin/../lib/gcc/arm-none-eabi/4.8.3/../../../../arm-none-eabi/lib/armv7e-m/fpu\libnosys.a
END GROUP
LOAD c:/program files (x86)/gnu tools arm embedded/4.8 2014q1/bin/../lib/gcc/arm-none-eabi/4.8.3/armv7e-m/fpu/crtend.o
LOAD c:/program files (x86)/gnu tools arm embedded/4.8 2014q1/bin/../lib/gcc/arm-none-eabi/4.8.3/armv7e-m/fpu/crtn.o
                0x20000000                _estack = 0x20000000
                0x20000000                __SP_INIT = _estack
                0x20000000                __stack = _estack
                0x00004000                __heap_size = 0x4000
                0x00002000                __stack_size = 0x2000

.interrupts     0x00010000      0x188
                0x00010000                __vector_table = .
                0x00010000                . = ALIGN (0x4)
 *(.vectortable)
 .vectortable   0x00010000      0x188 ./Generated_Code/Vectors.o
                0x00010000                __vect_table
                0x00010188                . = ALIGN (0x4)

.cfmprotect     0x00000400        0x0
                0x00000400                . = ALIGN (0x4)
 *(.cfmconfig)
                0x00000400                . = ALIGN (0x4)

.text           0x00010400     0x8450
                0x00010400                . = ALIGN (0x4)
 *(.text)
 .text          0x00010400       0x54 c:/program files (x86)/gnu tools arm embedded/4.8 2014q1/bin/../lib/gcc/arm-none-eabi/4.8.3/armv7e-m/fpu/crtbegin.o
 .text          0x00010454       0x74 c:/program files (x86)/gnu tools arm embedded/4.8 2014q1/bin/../lib/gcc/arm-none-eabi/4.8.3/../../../../arm-none-eabi/lib/armv7e-m/fpu/crt0.o
                0x00010454                _start
                0x00010454                _mainCRTStartup
 *(.text*)
 .text.GrMapISO8859_1_Unicode
                0x000104c8       0x24 ./Sources/grlib/charmap.o
                0x000104c8                GrMapISO8859_1_Unicode
 .text.GrCircleFill
                0x000104ec      0x22c ./Sources/grlib/circle.o
                0x000104ec                GrCircleFill
 .text.GrContextInit
                0x00010718       0xd0 ./Sources/grlib/context.o
                0x00010718                GrContextInit
 .text.gfx_initialize
                0x000107e8       0x68 ./Sources/grlib/gfx.o
                0x000107e8                gfx_initialize
 .text.GrLineDrawH
                0x00010850       0xa4 ./Sources/grlib/line.o
                0x00010850                GrLineDrawH
 .text.GrRectFill
                0x000108f4      0x104 ./Sources/grlib/rectangle.o
                0x000108f4                GrRectFill
 .text.st7789s_delay
                0x000109f8       0x20 ./Sources/grlib/st7789s.o
                0x000109f8                st7789s_delay
 .text.st7789s_write_command
                0x00010a18       0x20 ./Sources/grlib/st7789s.o
                0x00010a18                st7789s_write_command
 .text.st7789s_write_byte
                0x00010a38       0x20 ./Sources/grlib/st7789s.o
                0x00010a38                st7789s_write_byte
 .text.st7789s_write_word
                0x00010a58       0x28 ./Sources/grlib/st7789s.o
                0x00010a58                st7789s_write_word
 .text.st7789s_set_column_page
                0x00010a80       0xb0 ./Sources/grlib/st7789s.o
                0x00010a80                st7789s_set_column_page
 .text.st7789s_initialize
                0x00010b30      0x1f0 ./Sources/grlib/st7789s.o
                0x00010b30                st7789s_initialize
 .text.st7789s_draw_pixel
                0x00010d20       0x34 ./Sources/grlib/st7789s.o
                0x00010d20                st7789s_draw_pixel
 .text.st7789s_draw_horizontal_line
                0x00010d54       0x48 ./Sources/grlib/st7789s.o
                0x00010d54                st7789s_draw_horizontal_line
 .text.st7789s_draw_vertical_line
                0x00010d9c       0x44 ./Sources/grlib/st7789s.o
                0x00010d9c                st7789s_draw_vertical_line
 .text.st7789s_fill_rectangle
                0x00010de0       0x90 ./Sources/grlib/st7789s.o
                0x00010de0                st7789s_fill_rectangle
 .text.st7789s_clear
                0x00010e70       0x48 ./Sources/grlib/st7789s.o
                0x00010e70                st7789s_clear
 .text.st7789s_translate_color
                0x00010eb8       0x30 ./Sources/grlib/st7789s.o
                0x00010eb8                st7789s_translate_color
 .text.lcd_hw_translateColor
                0x00010ee8       0x34 ./Sources/grlib/st7789s.o
                0x00010ee8                lcd_hw_translateColor
 .text.lcd_hw_drawPixel
                0x00010f1c       0x3c ./Sources/grlib/st7789s.o
                0x00010f1c                lcd_hw_drawPixel
 .text.lcd_hw_drawPixels
                0x00010f58      0x168 ./Sources/grlib/st7789s.o
                0x00010f58                lcd_hw_drawPixels
 .text.lcd_hw_drawHorizontalLine
                0x000110c0       0x48 ./Sources/grlib/st7789s.o
                0x000110c0                lcd_hw_drawHorizontalLine
 .text.lcd_hw_drawVerticalLine
                0x00011108       0x44 ./Sources/grlib/st7789s.o
                0x00011108                lcd_hw_drawVerticalLine
 .text.lcd_hw_fillRectangle
                0x0001114c       0x90 ./Sources/grlib/st7789s.o
                0x0001114c                lcd_hw_fillRectangle
 .text.lcd_hw_flush
                0x000111dc       0x14 ./Sources/grlib/st7789s.o
                0x000111dc                lcd_hw_flush
 .text.GrDefaultStringRenderer
                0x000111f0      0x114 ./Sources/grlib/string.o
                0x000111f0                GrDefaultStringRenderer
 .text.GrStringNextCharGet
                0x00011304       0x50 ./Sources/grlib/string.o
                0x00011304                GrStringNextCharGet
 .text.GrFontGlyphRender
                0x00011354      0x444 ./Sources/grlib/string.o
                0x00011354                GrFontGlyphRender
 .text.GrFontInfoGet
                0x00011798       0x60 ./Sources/grlib/string.o
                0x00011798                GrFontInfoGet
 .text.FontGlyphDataGet
                0x000117f8       0x8c ./Sources/grlib/string.o
 .text.FontWideGlyphDataGet
                0x00011884       0xd8 ./Sources/grlib/string.o
 .text.GrFontGlyphDataGet
                0x0001195c       0x5c ./Sources/grlib/string.o
                0x0001195c                GrFontGlyphDataGet
 .text.GrFontCodepageGet
                0x000119b8       0x44 ./Sources/grlib/string.o
                0x000119b8                GrFontCodepageGet
 .text.UpdateContextCharMapping
                0x000119fc       0x88 ./Sources/grlib/string.o
 .text.GrContextFontSet
                0x00011a84       0x1c ./Sources/grlib/string.o
                0x00011a84                GrContextFontSet
 .text.Cpu_OnNMIINT
                0x00011aa0        0xc ./Sources/Events.o
                0x00011aa0                Cpu_OnNMIINT
 .text.TU1_OnCounterRestart
                0x00011aac       0x1c ./Sources/Events.o
                0x00011aac                TU1_OnCounterRestart
 .text.Init_GPIO
                0x00011ac8      0x1a8 ./Sources/main.o
 .text.Init_Flexbus
                0x00011c70       0xa0 ./Sources/main.o
 .text.Init_FTM
                0x00011d10      0x138 ./Sources/main.o
 .text.Init_I2C
                0x00011e48       0x50 ./Sources/main.o
 .text.ClearScreen
                0x00011e98       0x44 ./Sources/main.o
 .text.TSI_Init
                0x00011edc        0xc ./Sources/main.o
 .text.TSI_Poll
                0x00011ee8      0x118 ./Sources/main.o
 .text.main     0x00012000       0xb0 ./Sources/main.o
                0x00012000                main
 .text.__copy_rom_section
                0x000120b0       0xe4 ./Project_Settings/Startup_Code/startup.o
                0x000120b0                __copy_rom_section
 .text.__copy_rom_sections_to_ram
                0x00012194       0x9c ./Project_Settings/Startup_Code/startup.o
                0x00012194                __copy_rom_sections_to_ram
 .text.__init_registers
                0x00012230       0x20 ./Project_Settings/Startup_Code/startup.o
                0x00012230                __init_registers
 .text.__init_user
                0x00012250        0xc ./Project_Settings/Startup_Code/startup.o
                0x00012250                __init_user
 .text.__thumb_startup
                0x0001225c       0x34 ./Project_Settings/Startup_Code/startup.o
                0x0001225c                __thumb_startup
 .text.CDC1_SendChar
                0x00012290       0x54 ./Generated_Code/CDC1.o
                0x00012290                CDC1_SendChar
 .text.CDC1_SendString
                0x000122e4       0x3c ./Generated_Code/CDC1.o
                0x000122e4                CDC1_SendString
 .text.CDC1_App_Callback
                0x00012320       0xc8 ./Generated_Code/CDC1.o
                0x00012320                CDC1_App_Callback
 .text.CDC1_Notify_Callback
                0x000123e8       0x4c ./Generated_Code/CDC1.o
                0x000123e8                CDC1_Notify_Callback
 .text.CDC1_RunUsbEngine
                0x00012434        0xc ./Generated_Code/CDC1.o
                0x00012434                CDC1_RunUsbEngine
 .text.CDC1_SendDataBlock
                0x00012440       0x58 ./Generated_Code/CDC1.o
                0x00012440                CDC1_SendDataBlock
 .text.CDC1_App_Task
                0x00012498       0xa8 ./Generated_Code/CDC1.o
                0x00012498                CDC1_App_Task
 .text.CDC1_Init
                0x00012540       0x5c ./Generated_Code/CDC1.o
                0x00012540                CDC1_Init
 .text.CI2C1_Interrupt
                0x0001259c      0x2b4 ./Generated_Code/CI2C1.o
                0x0001259c                CI2C1_Interrupt
 .text.CI2C1_Init
                0x00012850      0x138 ./Generated_Code/CI2C1.o
                0x00012850                CI2C1_Init
 .text.CI2C1_MasterSendBlock
                0x00012988      0x18c ./Generated_Code/CI2C1.o
                0x00012988                CI2C1_MasterSendBlock
 .text.CI2C1_MasterReceiveBlock
                0x00012b14      0x188 ./Generated_Code/CI2C1.o
                0x00012b14                CI2C1_MasterReceiveBlock
 .text.CI2C1_SelectSlaveDevice
                0x00012c9c       0xf0 ./Generated_Code/CI2C1.o
                0x00012c9c                CI2C1_SelectSlaveDevice
 .text.Cpu_INT_NMIInterrupt
                0x00012d8c       0x1c ./Generated_Code/Cpu.o
                0x00012d8c                Cpu_INT_NMIInterrupt
 .text.Cpu_ivINT_Hard_Fault
                0x00012da8       0x18 ./Generated_Code/Cpu.o
                0x00012da8                Cpu_ivINT_Hard_Fault
 .text.Cpu_ivINT_Mem_Manage_Fault
                0x00012dc0       0x18 ./Generated_Code/Cpu.o
                0x00012dc0                Cpu_ivINT_Mem_Manage_Fault
 .text.Cpu_ivINT_Bus_Fault
                0x00012dd8       0x18 ./Generated_Code/Cpu.o
                0x00012dd8                Cpu_ivINT_Bus_Fault
 .text.Cpu_ivINT_Usage_Fault
                0x00012df0       0x18 ./Generated_Code/Cpu.o
                0x00012df0                Cpu_ivINT_Usage_Fault
 .text.Cpu_ivINT_Reserved7
                0x00012e08       0x18 ./Generated_Code/Cpu.o
                0x00012e08                Cpu_ivINT_Reserved7
 .text.Cpu_ivINT_Reserved8
                0x00012e20       0x18 ./Generated_Code/Cpu.o
                0x00012e20                Cpu_ivINT_Reserved8
 .text.Cpu_ivINT_Reserved9
                0x00012e38       0x18 ./Generated_Code/Cpu.o
                0x00012e38                Cpu_ivINT_Reserved9
 .text.Cpu_ivINT_Reserved10
                0x00012e50       0x18 ./Generated_Code/Cpu.o
                0x00012e50                Cpu_ivINT_Reserved10
 .text.Cpu_ivINT_SVCall
                0x00012e68       0x18 ./Generated_Code/Cpu.o
                0x00012e68                Cpu_ivINT_SVCall
 .text.Cpu_ivINT_DebugMonitor
                0x00012e80       0x18 ./Generated_Code/Cpu.o
                0x00012e80                Cpu_ivINT_DebugMonitor
 .text.Cpu_ivINT_Reserved13
                0x00012e98       0x18 ./Generated_Code/Cpu.o
                0x00012e98                Cpu_ivINT_Reserved13
 .text.Cpu_ivINT_PendableSrvReq
                0x00012eb0       0x18 ./Generated_Code/Cpu.o
                0x00012eb0                Cpu_ivINT_PendableSrvReq
 .text.Cpu_ivINT_SysTick
                0x00012ec8       0x18 ./Generated_Code/Cpu.o
                0x00012ec8                Cpu_ivINT_SysTick
 .text.Cpu_ivINT_DMA0
                0x00012ee0       0x18 ./Generated_Code/Cpu.o
                0x00012ee0                Cpu_ivINT_DMA0
 .text.Cpu_ivINT_DMA1
                0x00012ef8       0x18 ./Generated_Code/Cpu.o
                0x00012ef8                Cpu_ivINT_DMA1
 .text.Cpu_ivINT_DMA2
                0x00012f10       0x18 ./Generated_Code/Cpu.o
                0x00012f10                Cpu_ivINT_DMA2
 .text.Cpu_ivINT_DMA3
                0x00012f28       0x18 ./Generated_Code/Cpu.o
                0x00012f28                Cpu_ivINT_DMA3
 .text.Cpu_ivINT_DMA4
                0x00012f40       0x18 ./Generated_Code/Cpu.o
                0x00012f40                Cpu_ivINT_DMA4
 .text.Cpu_ivINT_DMA5
                0x00012f58       0x18 ./Generated_Code/Cpu.o
                0x00012f58                Cpu_ivINT_DMA5
 .text.Cpu_ivINT_DMA6
                0x00012f70       0x18 ./Generated_Code/Cpu.o
                0x00012f70                Cpu_ivINT_DMA6
 .text.Cpu_ivINT_DMA7
                0x00012f88       0x18 ./Generated_Code/Cpu.o
                0x00012f88                Cpu_ivINT_DMA7
 .text.Cpu_ivINT_DMA8
                0x00012fa0       0x18 ./Generated_Code/Cpu.o
                0x00012fa0                Cpu_ivINT_DMA8
 .text.Cpu_ivINT_DMA9
                0x00012fb8       0x18 ./Generated_Code/Cpu.o
                0x00012fb8                Cpu_ivINT_DMA9
 .text.Cpu_ivINT_DMA10
                0x00012fd0       0x18 ./Generated_Code/Cpu.o
                0x00012fd0                Cpu_ivINT_DMA10
 .text.Cpu_ivINT_DMA11
                0x00012fe8       0x18 ./Generated_Code/Cpu.o
                0x00012fe8                Cpu_ivINT_DMA11
 .text.Cpu_ivINT_DMA12
                0x00013000       0x18 ./Generated_Code/Cpu.o
                0x00013000                Cpu_ivINT_DMA12
 .text.Cpu_ivINT_DMA13
                0x00013018       0x18 ./Generated_Code/Cpu.o
                0x00013018                Cpu_ivINT_DMA13
 .text.Cpu_ivINT_DMA14
                0x00013030       0x18 ./Generated_Code/Cpu.o
                0x00013030                Cpu_ivINT_DMA14
 .text.Cpu_ivINT_DMA15
                0x00013048       0x18 ./Generated_Code/Cpu.o
                0x00013048                Cpu_ivINT_DMA15
 .text.Cpu_ivINT_DMA_Error
                0x00013060       0x18 ./Generated_Code/Cpu.o
                0x00013060                Cpu_ivINT_DMA_Error
 .text.Cpu_ivINT_MCM
                0x00013078       0x18 ./Generated_Code/Cpu.o
                0x00013078                Cpu_ivINT_MCM
 .text.Cpu_ivINT_FTFE
                0x00013090       0x18 ./Generated_Code/Cpu.o
                0x00013090                Cpu_ivINT_FTFE
 .text.Cpu_ivINT_Read_Collision
                0x000130a8       0x18 ./Generated_Code/Cpu.o
                0x000130a8                Cpu_ivINT_Read_Collision
 .text.Cpu_ivINT_LVD_LVW
                0x000130c0       0x18 ./Generated_Code/Cpu.o
                0x000130c0                Cpu_ivINT_LVD_LVW
 .text.Cpu_ivINT_LLWU
                0x000130d8       0x18 ./Generated_Code/Cpu.o
                0x000130d8                Cpu_ivINT_LLWU
 .text.Cpu_ivINT_WDOG_EWM
                0x000130f0       0x18 ./Generated_Code/Cpu.o
                0x000130f0                Cpu_ivINT_WDOG_EWM
 .text.Cpu_ivINT_Reserved39
                0x00013108       0x18 ./Generated_Code/Cpu.o
                0x00013108                Cpu_ivINT_Reserved39
 .text.Cpu_ivINT_I2C1
                0x00013120       0x18 ./Generated_Code/Cpu.o
                0x00013120                Cpu_ivINT_I2C1
 .text.Cpu_ivINT_SPI0
                0x00013138       0x18 ./Generated_Code/Cpu.o
                0x00013138                Cpu_ivINT_SPI0
 .text.Cpu_ivINT_SPI1
                0x00013150       0x18 ./Generated_Code/Cpu.o
                0x00013150                Cpu_ivINT_SPI1
 .text.Cpu_ivINT_I2S0_Tx
                0x00013168       0x18 ./Generated_Code/Cpu.o
                0x00013168                Cpu_ivINT_I2S0_Tx
 .text.Cpu_ivINT_I2S0_Rx
                0x00013180       0x18 ./Generated_Code/Cpu.o
                0x00013180                Cpu_ivINT_I2S0_Rx
 .text.Cpu_ivINT_Reserved46
                0x00013198       0x18 ./Generated_Code/Cpu.o
                0x00013198                Cpu_ivINT_Reserved46
 .text.Cpu_ivINT_UART0_RX_TX
                0x000131b0       0x18 ./Generated_Code/Cpu.o
                0x000131b0                Cpu_ivINT_UART0_RX_TX
 .text.Cpu_ivINT_UART0_ERR
                0x000131c8       0x18 ./Generated_Code/Cpu.o
                0x000131c8                Cpu_ivINT_UART0_ERR
 .text.Cpu_ivINT_UART1_RX_TX
                0x000131e0       0x18 ./Generated_Code/Cpu.o
                0x000131e0                Cpu_ivINT_UART1_RX_TX
 .text.Cpu_ivINT_UART1_ERR
                0x000131f8       0x18 ./Generated_Code/Cpu.o
                0x000131f8                Cpu_ivINT_UART1_ERR
 .text.Cpu_ivINT_UART2_RX_TX
                0x00013210       0x18 ./Generated_Code/Cpu.o
                0x00013210                Cpu_ivINT_UART2_RX_TX
 .text.Cpu_ivINT_UART2_ERR
                0x00013228       0x18 ./Generated_Code/Cpu.o
                0x00013228                Cpu_ivINT_UART2_ERR
 .text.Cpu_ivINT_UART3_RX_TX
                0x00013240       0x18 ./Generated_Code/Cpu.o
                0x00013240                Cpu_ivINT_UART3_RX_TX
 .text.Cpu_ivINT_UART3_ERR
                0x00013258       0x18 ./Generated_Code/Cpu.o
                0x00013258                Cpu_ivINT_UART3_ERR
 .text.Cpu_ivINT_ADC0
                0x00013270       0x18 ./Generated_Code/Cpu.o
                0x00013270                Cpu_ivINT_ADC0
 .text.Cpu_ivINT_CMP0
                0x00013288       0x18 ./Generated_Code/Cpu.o
                0x00013288                Cpu_ivINT_CMP0
 .text.Cpu_ivINT_CMP1
                0x000132a0       0x18 ./Generated_Code/Cpu.o
                0x000132a0                Cpu_ivINT_CMP1
 .text.Cpu_ivINT_FTM0
                0x000132b8       0x18 ./Generated_Code/Cpu.o
                0x000132b8                Cpu_ivINT_FTM0
 .text.Cpu_ivINT_FTM2
                0x000132d0       0x18 ./Generated_Code/Cpu.o
                0x000132d0                Cpu_ivINT_FTM2
 .text.Cpu_ivINT_CMT
                0x000132e8       0x18 ./Generated_Code/Cpu.o
                0x000132e8                Cpu_ivINT_CMT
 .text.Cpu_ivINT_RTC
                0x00013300       0x18 ./Generated_Code/Cpu.o
                0x00013300                Cpu_ivINT_RTC
 .text.Cpu_ivINT_RTC_Seconds
                0x00013318       0x18 ./Generated_Code/Cpu.o
                0x00013318                Cpu_ivINT_RTC_Seconds
 .text.Cpu_ivINT_PIT0
                0x00013330       0x18 ./Generated_Code/Cpu.o
                0x00013330                Cpu_ivINT_PIT0
 .text.Cpu_ivINT_PIT1
                0x00013348       0x18 ./Generated_Code/Cpu.o
                0x00013348                Cpu_ivINT_PIT1
 .text.Cpu_ivINT_PIT2
                0x00013360       0x18 ./Generated_Code/Cpu.o
                0x00013360                Cpu_ivINT_PIT2
 .text.Cpu_ivINT_PIT3
                0x00013378       0x18 ./Generated_Code/Cpu.o
                0x00013378                Cpu_ivINT_PIT3
 .text.Cpu_ivINT_PDB0
                0x00013390       0x18 ./Generated_Code/Cpu.o
                0x00013390                Cpu_ivINT_PDB0
 .text.Cpu_ivINT_USBDCD
                0x000133a8       0x18 ./Generated_Code/Cpu.o
                0x000133a8                Cpu_ivINT_USBDCD
 .text.Cpu_ivINT_Reserved71
                0x000133c0       0x18 ./Generated_Code/Cpu.o
                0x000133c0                Cpu_ivINT_Reserved71
 .text.Cpu_ivINT_DAC0
                0x000133d8       0x18 ./Generated_Code/Cpu.o
                0x000133d8                Cpu_ivINT_DAC0
 .text.Cpu_ivINT_MCG
                0x000133f0       0x18 ./Generated_Code/Cpu.o
                0x000133f0                Cpu_ivINT_MCG
 .text.Cpu_ivINT_LPTMR0
                0x00013408       0x18 ./Generated_Code/Cpu.o
                0x00013408                Cpu_ivINT_LPTMR0
 .text.Cpu_ivINT_PORTA
                0x00013420       0x18 ./Generated_Code/Cpu.o
                0x00013420                Cpu_ivINT_PORTA
 .text.Cpu_ivINT_PORTB
                0x00013438       0x18 ./Generated_Code/Cpu.o
                0x00013438                Cpu_ivINT_PORTB
 .text.Cpu_ivINT_PORTC
                0x00013450       0x18 ./Generated_Code/Cpu.o
                0x00013450                Cpu_ivINT_PORTC
 .text.Cpu_ivINT_PORTD
                0x00013468       0x18 ./Generated_Code/Cpu.o
                0x00013468                Cpu_ivINT_PORTD
 .text.Cpu_ivINT_PORTE
                0x00013480       0x18 ./Generated_Code/Cpu.o
                0x00013480                Cpu_ivINT_PORTE
 .text.Cpu_ivINT_SWI
                0x00013498       0x18 ./Generated_Code/Cpu.o
                0x00013498                Cpu_ivINT_SWI
 .text.Cpu_ivINT_SPI2
                0x000134b0       0x18 ./Generated_Code/Cpu.o
                0x000134b0                Cpu_ivINT_SPI2
 .text.Cpu_ivINT_UART4_RX_TX
                0x000134c8       0x18 ./Generated_Code/Cpu.o
                0x000134c8                Cpu_ivINT_UART4_RX_TX
 .text.Cpu_ivINT_UART4_ERR
                0x000134e0       0x18 ./Generated_Code/Cpu.o
                0x000134e0                Cpu_ivINT_UART4_ERR
 .text.Cpu_ivINT_UART5_RX_TX
                0x000134f8       0x18 ./Generated_Code/Cpu.o
                0x000134f8                Cpu_ivINT_UART5_RX_TX
 .text.Cpu_ivINT_UART5_ERR
                0x00013510       0x18 ./Generated_Code/Cpu.o
                0x00013510                Cpu_ivINT_UART5_ERR
 .text.Cpu_ivINT_CMP2
                0x00013528       0x18 ./Generated_Code/Cpu.o
                0x00013528                Cpu_ivINT_CMP2
 .text.Cpu_ivINT_FTM3
                0x00013540       0x18 ./Generated_Code/Cpu.o
                0x00013540                Cpu_ivINT_FTM3
 .text.Cpu_ivINT_DAC1
                0x00013558       0x18 ./Generated_Code/Cpu.o
                0x00013558                Cpu_ivINT_DAC1
 .text.Cpu_ivINT_ADC1
                0x00013570       0x18 ./Generated_Code/Cpu.o
                0x00013570                Cpu_ivINT_ADC1
 .text.Cpu_ivINT_I2C2
                0x00013588       0x18 ./Generated_Code/Cpu.o
                0x00013588                Cpu_ivINT_I2C2
 .text.Cpu_ivINT_CAN0_ORed_Message_buffer
                0x000135a0       0x18 ./Generated_Code/Cpu.o
                0x000135a0                Cpu_ivINT_CAN0_ORed_Message_buffer
 .text.Cpu_ivINT_CAN0_Bus_Off
                0x000135b8       0x18 ./Generated_Code/Cpu.o
                0x000135b8                Cpu_ivINT_CAN0_Bus_Off
 .text.Cpu_ivINT_CAN0_Error
                0x000135d0       0x18 ./Generated_Code/Cpu.o
                0x000135d0                Cpu_ivINT_CAN0_Error
 .text.Cpu_ivINT_CAN0_Tx_Warning
                0x000135e8       0x18 ./Generated_Code/Cpu.o
                0x000135e8                Cpu_ivINT_CAN0_Tx_Warning
 .text.Cpu_ivINT_CAN0_Rx_Warning
                0x00013600       0x18 ./Generated_Code/Cpu.o
                0x00013600                Cpu_ivINT_CAN0_Rx_Warning
 .text.Cpu_ivINT_CAN0_Wake_Up
                0x00013618       0x18 ./Generated_Code/Cpu.o
                0x00013618                Cpu_ivINT_CAN0_Wake_Up
 .text.Cpu_ivINT_SDHC
                0x00013630       0x18 ./Generated_Code/Cpu.o
                0x00013630                Cpu_ivINT_SDHC
 .text.__init_hardware
                0x00013648      0x18c ./Generated_Code/Cpu.o
                0x00013648                __init_hardware
 .text.Cpu_SetBASEPRI
                0x000137d4       0x18 ./Generated_Code/Cpu.o
                0x000137d4                Cpu_SetBASEPRI
 .text.PE_low_level_init
                0x000137ec      0x114 ./Generated_Code/Cpu.o
                0x000137ec                PE_low_level_init
 .text.GI2C1_SelectSlave
                0x00013900       0x34 ./Generated_Code/GI2C1.o
                0x00013900                GI2C1_SelectSlave
 .text.GI2C1_UnselectSlave
                0x00013934       0x10 ./Generated_Code/GI2C1.o
                0x00013934                GI2C1_UnselectSlave
 .text.GI2C1_ReadAddress
                0x00013944       0xb0 ./Generated_Code/GI2C1.o
                0x00013944                GI2C1_ReadAddress
 .text.CI2C1_OnMasterBlockSent
                0x000139f4       0x28 ./Generated_Code/GI2C1.o
                0x000139f4                CI2C1_OnMasterBlockSent
 .text.CI2C1_OnMasterBlockReceived
                0x00013a1c       0x28 ./Generated_Code/GI2C1.o
                0x00013a1c                CI2C1_OnMasterBlockReceived
 .text.GI2C1_Init
                0x00013a44       0x20 ./Generated_Code/GI2C1.o
                0x00013a44                GI2C1_Init
 .text.Rx1_Put  0x00013a64       0x74 ./Generated_Code/Rx1.o
                0x00013a64                Rx1_Put
 .text.Rx1_Init
                0x00013ad8       0x2c ./Generated_Code/Rx1.o
                0x00013ad8                Rx1_Init
 .text.SysTick_Init
                0x00013b04       0x2c ./Generated_Code/SysTick.o
                0x00013b04                SysTick_Init
 .text.TMOUT1_Init
                0x00013b30       0x3c ./Generated_Code/TMOUT1.o
                0x00013b30                TMOUT1_Init
 .text.TU1_Init
                0x00013b6c       0xa8 ./Generated_Code/TU1.o
                0x00013b6c                TU1_Init
 .text.TU1_Interrupt
                0x00013c14       0x6c ./Generated_Code/TU1.o
                0x00013c14                TU1_Interrupt
 .text.Tx1_Put  0x00013c80       0x74 ./Generated_Code/Tx1.o
                0x00013c80                Tx1_Put
 .text.Tx1_Get  0x00013cf4       0x74 ./Generated_Code/Tx1.o
                0x00013cf4                Tx1_Get
 .text.Tx1_NofElements
                0x00013d68       0x18 ./Generated_Code/Tx1.o
                0x00013d68                Tx1_NofElements
 .text.Tx1_Init
                0x00013d80       0x2c ./Generated_Code/Tx1.o
                0x00013d80                Tx1_Init
 .text.USB0_Init
                0x00013dac      0x19c ./Generated_Code/USB0.o
                0x00013dac                USB0_Init
 .text.USB1_usb_int_en
                0x00013f48       0x24 ./Generated_Code/USB1.o
                0x00013f48                USB1_usb_int_en
 .text.USB1_Init
                0x00013f6c       0x28 ./Generated_Code/USB1.o
                0x00013f6c                USB1_Init
 .text.WAIT1_Wait10Cycles
                0x00013f94        0x8 ./Generated_Code/WAIT1.o
                0x00013f94                WAIT1_Wait10Cycles
 .text.WAIT1_Wait100Cycles
                0x00013f9c       0x28 ./Generated_Code/WAIT1.o
                0x00013f9c                WAIT1_Wait100Cycles
 .text.WAIT1_WaitCycles
                0x00013fc4       0x34 ./Generated_Code/WAIT1.o
                0x00013fc4                WAIT1_WaitCycles
 .text.WAIT1_WaitLongCycles
                0x00013ff8       0x38 ./Generated_Code/WAIT1.o
                0x00013ff8                WAIT1_WaitLongCycles
 .text.WAIT1_Waitms
                0x00014030       0x2c ./Generated_Code/WAIT1.o
                0x00014030                WAIT1_Waitms
 .text.USB_Class_CDC_Service_Cic_Notify
                0x0001405c       0xfc ./Generated_Code/usb_cdc.o
                0x0001405c                USB_Class_CDC_Service_Cic_Notify
 .text.USB_Class_CDC_Service_Dic_Bulk_In
                0x00014158      0x12c ./Generated_Code/usb_cdc.o
                0x00014158                USB_Class_CDC_Service_Dic_Bulk_In
 .text.USB_Class_CDC_Service_Dic_Bulk_Out
                0x00014284       0x58 ./Generated_Code/usb_cdc.o
                0x00014284                USB_Class_CDC_Service_Dic_Bulk_Out
 .text.USB_Class_CDC_Event
                0x000142dc      0x164 ./Generated_Code/usb_cdc.o
                0x000142dc                USB_Class_CDC_Event
 .text.USB_Other_Requests
                0x00014440      0x1c4 ./Generated_Code/usb_cdc.o
 .text.USB_Class_CDC_Init
                0x00014604       0xfc ./Generated_Code/usb_cdc.o
                0x00014604                USB_Class_CDC_Init
 .text.USB_Class_CDC_Send_Data
                0x00014700      0x13c ./Generated_Code/usb_cdc.o
                0x00014700                USB_Class_CDC_Send_Data
 .text.USB_Class_CDC_Pstn_Init
                0x0001483c       0x28 ./Generated_Code/usb_cdc_pstn.o
                0x0001483c                USB_Class_CDC_Pstn_Init
 .text.USB_Class_CDC_PSTN_Get_Line_Coding
                0x00014864       0x3c ./Generated_Code/usb_cdc_pstn.o
                0x00014864                USB_Class_CDC_PSTN_Get_Line_Coding
 .text.USB_Class_CDC_PSTN_Set_Line_Coding
                0x000148a0       0x48 ./Generated_Code/usb_cdc_pstn.o
                0x000148a0                USB_Class_CDC_PSTN_Set_Line_Coding
 .text.USB_Class_CDC_PSTN_Set_Ctrl_Line_State
                0x000148e8       0xc0 ./Generated_Code/usb_cdc_pstn.o
                0x000148e8                USB_Class_CDC_PSTN_Set_Ctrl_Line_State
 .text.USB_Class_CDC_PSTN_Send_Break
                0x000149a8       0x30 ./Generated_Code/usb_cdc_pstn.o
                0x000149a8                USB_Class_CDC_PSTN_Send_Break
 .text.USB_Class_CDC_PSTN_Get_Comm_Feature
                0x000149d8       0x74 ./Generated_Code/usb_cdc_pstn.o
                0x000149d8                USB_Class_CDC_PSTN_Get_Comm_Feature
 .text.USB_Class_CDC_PSTN_Set_Comm_Feature
                0x00014a4c       0x74 ./Generated_Code/usb_cdc_pstn.o
                0x00014a4c                USB_Class_CDC_PSTN_Set_Comm_Feature
 .text.USB_Class_CDC_PSTN_Send_Serial_State
                0x00014ac0       0x3c ./Generated_Code/usb_cdc_pstn.o
                0x00014ac0                USB_Class_CDC_PSTN_Send_Serial_State
 .text.USB_Suspend_Service
                0x00014afc       0x40 ./Generated_Code/usb_class.o
                0x00014afc                USB_Suspend_Service
 .text.USB_Resume_Service
                0x00014b3c       0x50 ./Generated_Code/usb_class.o
                0x00014b3c                USB_Resume_Service
 .text.USB_Stall_Service
                0x00014b8c       0x34 ./Generated_Code/usb_class.o
                0x00014b8c                USB_Stall_Service
 .text.USB_Sof_Service
                0x00014bc0       0x40 ./Generated_Code/usb_class.o
                0x00014bc0                USB_Sof_Service
 .text.USB_Reset_Service
                0x00014c00       0xbc ./Generated_Code/usb_class.o
                0x00014c00                USB_Reset_Service
 .text.USB_Error_Service
                0x00014cbc       0x28 ./Generated_Code/usb_class.o
                0x00014cbc                USB_Error_Service
 .text.USB_Class_Init
                0x00014ce4       0xec ./Generated_Code/usb_class.o
                0x00014ce4                USB_Class_Init
 .text.USB_Class_Initiate_Resume
                0x00014dd0       0x70 ./Generated_Code/usb_class.o
                0x00014dd0                USB_Class_Initiate_Resume
 .text.USB_Class_Send_Data
                0x00014e40       0x48 ./Generated_Code/usb_class.o
                0x00014e40                USB_Class_Send_Data
 .text.USB_Class_Periodic_Task
                0x00014e88        0xc ./Generated_Code/usb_class.o
                0x00014e88                USB_Class_Periodic_Task
 .text.USB_Bus_Reset_Handler
                0x00014e94       0xc0 ./Generated_Code/usb_dci_kinetis.o
 .text.USB_DCI_Get_BDT_Index
                0x00014f54       0x44 ./Generated_Code/usb_dci_kinetis.o
 .text.USB_DCI_Validate_Param
                0x00014f98       0x5c ./Generated_Code/usb_dci_kinetis.o
 .text.USB_DCI_Prepare_Send_Data
                0x00014ff4       0x6c ./Generated_Code/usb_dci_kinetis.o
 .text.USB_DCI_Init
                0x00015060      0x160 ./Generated_Code/usb_dci_kinetis.o
                0x00015060                USB_DCI_Init
 .text.USB_DCI_Init_EndPoint
                0x000151c0      0x20c ./Generated_Code/usb_dci_kinetis.o
                0x000151c0                USB_DCI_Init_EndPoint
 .text._usb_device_cancel_transfer
                0x000153cc       0xa4 ./Generated_Code/usb_dci_kinetis.o
                0x000153cc                _usb_device_cancel_transfer
 .text.USB_DCI_Deinit_EndPoint
                0x00015470       0xb0 ./Generated_Code/usb_dci_kinetis.o
                0x00015470                USB_DCI_Deinit_EndPoint
 .text._usb_device_stall_endpoint
                0x00015520       0x7c ./Generated_Code/usb_dci_kinetis.o
                0x00015520                _usb_device_stall_endpoint
 .text._usb_device_unstall_endpoint
                0x0001559c       0xe4 ./Generated_Code/usb_dci_kinetis.o
                0x0001559c                _usb_device_unstall_endpoint
 .text._usb_device_clear_data0_endpoint
                0x00015680       0x60 ./Generated_Code/usb_dci_kinetis.o
                0x00015680                _usb_device_clear_data0_endpoint
 .text._usb_device_recv_data
                0x000156e0      0x138 ./Generated_Code/usb_dci_kinetis.o
                0x000156e0                _usb_device_recv_data
 .text._usb_device_send_data
                0x00015818       0xe0 ./Generated_Code/usb_dci_kinetis.o
                0x00015818                _usb_device_send_data
 .text._usb_device_set_address
                0x000158f8       0x30 ./Generated_Code/usb_dci_kinetis.o
                0x000158f8                _usb_device_set_address
 .text._usb_device_assert_resume
                0x00015928       0xb8 ./Generated_Code/usb_dci_kinetis.o
                0x00015928                _usb_device_assert_resume
 .text.USB_Bus_Token_Cpl_Handler
                0x000159e0      0x328 ./Generated_Code/usb_dci_kinetis.o
 .text.USB_ISR  0x00015d08      0x2a4 ./Generated_Code/usb_dci_kinetis.o
                0x00015d08                USB_ISR
 .text.Clear_Mem
                0x00015fac       0x24 ./Generated_Code/usb_dci_kinetis.o
                0x00015fac                Clear_Mem
 .text.USB_Desc_Get_Descriptor
                0x00015fd0       0xf4 ./Generated_Code/usb_descriptor.o
                0x00015fd0                USB_Desc_Get_Descriptor
 .text.USB_Desc_Get_Interface
                0x000160c4       0x38 ./Generated_Code/usb_descriptor.o
                0x000160c4                USB_Desc_Get_Interface
 .text.USB_Desc_Set_Interface
                0x000160fc       0x38 ./Generated_Code/usb_descriptor.o
                0x000160fc                USB_Desc_Set_Interface
 .text.USB_Desc_Valid_Configation
                0x00016134       0x44 ./Generated_Code/usb_descriptor.o
                0x00016134                USB_Desc_Valid_Configation
 .text.USB_Desc_Remote_Wakeup
                0x00016178       0x18 ./Generated_Code/usb_descriptor.o
                0x00016178                USB_Desc_Remote_Wakeup
 .text.USB_Desc_Get_Endpoints
                0x00016190       0x1c ./Generated_Code/usb_descriptor.o
                0x00016190                USB_Desc_Get_Endpoints
 .text.USB_Desc_Get_Line_Coding
                0x000161ac       0x3c ./Generated_Code/usb_descriptor.o
                0x000161ac                USB_Desc_Get_Line_Coding
 .text.USB_Desc_Set_Line_Coding
                0x000161e8       0x5c ./Generated_Code/usb_descriptor.o
                0x000161e8                USB_Desc_Set_Line_Coding
 .text.USB_Desc_Get_Abstract_State
                0x00016244       0x38 ./Generated_Code/usb_descriptor.o
                0x00016244                USB_Desc_Get_Abstract_State
 .text.USB_Desc_Get_Country_Setting
                0x0001627c       0x38 ./Generated_Code/usb_descriptor.o
                0x0001627c                USB_Desc_Get_Country_Setting
 .text.USB_Desc_Set_Abstract_State
                0x000162b4       0x58 ./Generated_Code/usb_descriptor.o
                0x000162b4                USB_Desc_Set_Abstract_State
 .text.USB_Desc_Set_Country_Setting
                0x0001630c       0x58 ./Generated_Code/usb_descriptor.o
                0x0001630c                USB_Desc_Set_Country_Setting
 .text.USB_Device_Init_Params
                0x00016364       0x60 ./Generated_Code/usb_driver.o
 .text._usb_device_init
                0x000163c4       0x48 ./Generated_Code/usb_driver.o
                0x000163c4                _usb_device_init
 .text._usb_device_init_endpoint
                0x0001640c       0x74 ./Generated_Code/usb_driver.o
                0x0001640c                _usb_device_init_endpoint
 .text._usb_device_deinit_endpoint
                0x00016480       0x6c ./Generated_Code/usb_driver.o
                0x00016480                _usb_device_deinit_endpoint
 .text._usb_device_get_status
                0x000164ec       0x68 ./Generated_Code/usb_driver.o
                0x000164ec                _usb_device_get_status
 .text._usb_device_set_status
                0x00016554       0xbc ./Generated_Code/usb_driver.o
                0x00016554                _usb_device_set_status
 .text._usb_device_register_service
                0x00016610       0x20 ./Generated_Code/usb_driver.o
                0x00016610                _usb_device_register_service
 .text.USB_Device_Call_Service
                0x00016630       0x3c ./Generated_Code/usb_driver.o
                0x00016630                USB_Device_Call_Service
 .text.USB_NULL_CALLBACK
                0x0001666c       0x14 ./Generated_Code/usb_driver.o
                0x0001666c                USB_NULL_CALLBACK
 .text.USB_Framework_Init
                0x00016680       0x44 ./Generated_Code/usb_framework.o
                0x00016680                USB_Framework_Init
 .text.USB_Control_Service
                0x000166c4      0x1dc ./Generated_Code/usb_framework.o
                0x000166c4                USB_Control_Service
 .text.USB_Control_Service_Handler
                0x000168a0       0x74 ./Generated_Code/usb_framework.o
 .text.USB_Strd_Req_Get_Status
                0x00016914      0x170 ./Generated_Code/usb_framework.o
 .text.USB_Strd_Req_Feature
                0x00016a84      0x174 ./Generated_Code/usb_framework.o
 .text.USB_Strd_Req_Set_Address
                0x00016bf8       0x3c ./Generated_Code/usb_framework.o
 .text.USB_Strd_Req_Assign_Address
                0x00016c34       0x44 ./Generated_Code/usb_framework.o
 .text.USB_Strd_Req_Get_Config
                0x00016c78       0x4c ./Generated_Code/usb_framework.o
 .text.USB_Strd_Req_Set_Config
                0x00016cc4       0x9c ./Generated_Code/usb_framework.o
 .text.USB_Strd_Req_Get_Interface
                0x00016d60       0x50 ./Generated_Code/usb_framework.o
 .text.USB_Strd_Req_Set_Interface
                0x00016db0       0x4c ./Generated_Code/usb_framework.o
 .text.USB_Strd_Req_Sync_Frame
                0x00016dfc       0x48 ./Generated_Code/usb_framework.o
 .text.USB_Strd_Req_Get_Descriptor
                0x00016e44       0x54 ./Generated_Code/usb_framework.o
 .text.Watchdog_Reset
                0x00016e98       0x20 ./Generated_Code/wdt_kinetis.o
                0x00016e98                Watchdog_Reset
 .text.exit     0x00016eb8       0x28 c:/program files (x86)/gnu tools arm embedded/4.8 2014q1/bin/../lib/gcc/arm-none-eabi/4.8.3/../../../../arm-none-eabi/lib/armv7e-m/fpu\libg_s.a(lib_a-exit.o)
                0x00016eb8                exit
 .text.__libc_init_array
                0x00016ee0       0x4c c:/program files (x86)/gnu tools arm embedded/4.8 2014q1/bin/../lib/gcc/arm-none-eabi/4.8.3/../../../../arm-none-eabi/lib/armv7e-m/fpu\libg_s.a(lib_a-init.o)
                0x00016ee0                __libc_init_array
 .text.memcpy   0x00016f2c       0x12 c:/program files (x86)/gnu tools arm embedded/4.8 2014q1/bin/../lib/gcc/arm-none-eabi/4.8.3/../../../../arm-none-eabi/lib/armv7e-m/fpu\libg_s.a(lib_a-memcpy-stub.o)
                0x00016f2c                memcpy
 .text.memset   0x00016f3e       0x10 c:/program files (x86)/gnu tools arm embedded/4.8 2014q1/bin/../lib/gcc/arm-none-eabi/4.8.3/../../../../arm-none-eabi/lib/armv7e-m/fpu\libg_s.a(lib_a-memset.o)
                0x00016f3e                memset
 *fill*         0x00016f4e        0x2 
 .text.sprintf  0x00016f50       0x48 c:/program files (x86)/gnu tools arm embedded/4.8 2014q1/bin/../lib/gcc/arm-none-eabi/4.8.3/../../../../arm-none-eabi/lib/armv7e-m/fpu\libg_s.a(lib_a-sprintf.o)
                0x00016f50                siprintf
                0x00016f50                sprintf
 .text.strlen   0x00016f98       0x10 c:/program files (x86)/gnu tools arm embedded/4.8 2014q1/bin/../lib/gcc/arm-none-eabi/4.8.3/../../../../arm-none-eabi/lib/armv7e-m/fpu\libg_s.a(lib_a-strlen.o)
                0x00016f98                strlen
 .text.__ssputs_r
                0x00016fa8       0xb8 c:/program files (x86)/gnu tools arm embedded/4.8 2014q1/bin/../lib/gcc/arm-none-eabi/4.8.3/../../../../arm-none-eabi/lib/armv7e-m/fpu\libg_s.a(lib_a-svfprintf.o)
                0x00016fa8                __ssputs_r
 .text._svfprintf_r
                0x00017060      0x1dc c:/program files (x86)/gnu tools arm embedded/4.8 2014q1/bin/../lib/gcc/arm-none-eabi/4.8.3/../../../../arm-none-eabi/lib/armv7e-m/fpu\libg_s.a(lib_a-svfprintf.o)
                0x00017060                _svfiprintf_r
                0x00017060                _svfprintf_r
 .text._printf_common
                0x0001723c       0xe4 c:/program files (x86)/gnu tools arm embedded/4.8 2014q1/bin/../lib/gcc/arm-none-eabi/4.8.3/../../../../arm-none-eabi/lib/armv7e-m/fpu\libg_s.a(lib_a-vfprintf_i.o)
                0x0001723c                _printf_common
 .text._printf_i
                0x00017320      0x228 c:/program files (x86)/gnu tools arm embedded/4.8 2014q1/bin/../lib/gcc/arm-none-eabi/4.8.3/../../../../arm-none-eabi/lib/armv7e-m/fpu\libg_s.a(lib_a-vfprintf_i.o)
                0x00017320                _printf_i
 .text.memchr   0x00017548       0x1e c:/program files (x86)/gnu tools arm embedded/4.8 2014q1/bin/../lib/gcc/arm-none-eabi/4.8.3/../../../../arm-none-eabi/lib/armv7e-m/fpu\libg_s.a(lib_a-memchr-stub.o)
                0x00017548                memchr
 .text.memmove  0x00017566       0x36 c:/program files (x86)/gnu tools arm embedded/4.8 2014q1/bin/../lib/gcc/arm-none-eabi/4.8.3/../../../../arm-none-eabi/lib/armv7e-m/fpu\libg_s.a(lib_a-memmove.o)
                0x00017566                memmove
 .text._free_r  0x0001759c       0x88 c:/program files (x86)/gnu tools arm embedded/4.8 2014q1/bin/../lib/gcc/arm-none-eabi/4.8.3/../../../../arm-none-eabi/lib/armv7e-m/fpu\libg_s.a(lib_a-nano-freer.o)
                0x0001759c                _free_r
 .text._malloc_r
                0x00017624       0xa8 c:/program files (x86)/gnu tools arm embedded/4.8 2014q1/bin/../lib/gcc/arm-none-eabi/4.8.3/../../../../arm-none-eabi/lib/armv7e-m/fpu\libg_s.a(lib_a-nano-mallocr.o)
                0x00017624                _malloc_r
 .text._realloc_r
                0x000176cc       0x4c c:/program files (x86)/gnu tools arm embedded/4.8 2014q1/bin/../lib/gcc/arm-none-eabi/4.8.3/../../../../arm-none-eabi/lib/armv7e-m/fpu\libg_s.a(lib_a-nano-reallocr.o)
                0x000176cc                _realloc_r
 .text._sbrk_r  0x00017718       0x20 c:/program files (x86)/gnu tools arm embedded/4.8 2014q1/bin/../lib/gcc/arm-none-eabi/4.8.3/../../../../arm-none-eabi/lib/armv7e-m/fpu\libg_s.a(lib_a-sbrkr.o)
                0x00017718                _sbrk_r
 .text._malloc_usable_size_r
                0x00017738       0x12 c:/program files (x86)/gnu tools arm embedded/4.8 2014q1/bin/../lib/gcc/arm-none-eabi/4.8.3/../../../../arm-none-eabi/lib/armv7e-m/fpu\libg_s.a(lib_a-nano-msizer.o)
                0x00017738                _malloc_usable_size_r
 *fill*         0x0001774a        0x2 
 .text._sbrk    0x0001774c       0x34 c:/program files (x86)/gnu tools arm embedded/4.8 2014q1/bin/../lib/gcc/arm-none-eabi/4.8.3/../../../../arm-none-eabi/lib/armv7e-m/fpu\libnosys.a(sbrk.o)
                0x0001774c                _sbrk
 .text._exit    0x00017780        0x4 c:/program files (x86)/gnu tools arm embedded/4.8 2014q1/bin/../lib/gcc/arm-none-eabi/4.8.3/../../../../arm-none-eabi/lib/armv7e-m/fpu\libnosys.a(_exit.o)
                0x00017780                _exit
 *(.rodata)
 .rodata        0x00017784       0x1c ./Sources/main.o
 .rodata        0x000177a0        0x8 ./Generated_Code/usb_dci_kinetis.o
 *(.rodata*)
 .rodata.g_pucOrbitronb16Data
                0x000177a8      0xcf4 ./Sources/grlib/font/fontorbitronb16.o
 .rodata.g_usFontOffsetOrbitronb16
                0x0001849c      0x1c0 ./Sources/grlib/font/fontorbitronb16.o
                0x0001849c                g_usFontOffsetOrbitronb16
 .rodata.g_sFontExOrbitronb16
                0x0001865c       0x10 ./Sources/grlib/font/fontorbitronb16.o
                0x0001865c                g_sFontExOrbitronb16
 .rodata.g_psDefaultCodePointMapTable
                0x0001866c       0x10 ./Sources/grlib/context.o
                0x0001866c                g_psDefaultCodePointMapTable
 .rodata.g_st7789s_display
                0x0001867c       0x24 ./Sources/grlib/st7789s.o
                0x0001867c                g_st7789s_display
 .rodata.g_sDisplay
                0x000186a0       0x28 ./Sources/grlib/st7789s.o
                0x000186a0                g_sDisplay
 .rodata.usb_desc_ep
                0x000186c8       0x10 ./Generated_Code/usb_descriptor.o
                0x000186c8                usb_desc_ep
 .rodata.g_std_desc_size
                0x000186d8       0x10 ./Generated_Code/usb_descriptor.o
                0x000186d8                g_std_desc_size
 .rodata.g_std_descriptors
                0x000186e8       0x20 ./Generated_Code/usb_descriptor.o
                0x000186e8                g_std_descriptors
 .rodata.g_string_desc_size
                0x00018708        0x4 ./Generated_Code/usb_descriptor.o
                0x00018708                g_string_desc_size
 .rodata.g_string_descriptors
                0x0001870c       0x10 ./Generated_Code/usb_descriptor.o
                0x0001870c                g_string_descriptors
 .rodata.g_languages
                0x0001871c       0x20 ./Generated_Code/usb_descriptor.o
                0x0001871c                g_languages
 .rodata.g_valid_config_values
                0x0001873c        0x4 ./Generated_Code/usb_descriptor.o
                0x0001873c                g_valid_config_values
 .rodata.g_usb_CB
                0x00018740       0x60 ./Generated_Code/usb_driver.o
 .rodata.g_validate_request
                0x000187a0       0x28 ./Generated_Code/usb_framework.o
                0x000187a0                g_validate_request
 .rodata.g_standard_request
                0x000187c8       0x34 ./Generated_Code/usb_framework.o
                0x000187c8                g_standard_request
 .rodata.str1.1
                0x000187fc        0x2 c:/program files (x86)/gnu tools arm embedded/4.8 2014q1/bin/../lib/gcc/arm-none-eabi/4.8.3/../../../../arm-none-eabi/lib/armv7e-m/fpu\libg_s.a(lib_a-impure.o)
 *fill*         0x000187fe        0x2 
 .rodata._global_impure_ptr
                0x00018800        0x4 c:/program files (x86)/gnu tools arm embedded/4.8 2014q1/bin/../lib/gcc/arm-none-eabi/4.8.3/../../../../arm-none-eabi/lib/armv7e-m/fpu\libg_s.a(lib_a-impure.o)
                0x00018800                _global_impure_ptr
 .rodata.str1.1
                0x00018804       0x11 c:/program files (x86)/gnu tools arm embedded/4.8 2014q1/bin/../lib/gcc/arm-none-eabi/4.8.3/../../../../arm-none-eabi/lib/armv7e-m/fpu\libg_s.a(lib_a-svfprintf.o)
 .rodata.str1.1
                0x00018815       0x22 c:/program files (x86)/gnu tools arm embedded/4.8 2014q1/bin/../lib/gcc/arm-none-eabi/4.8.3/../../../../arm-none-eabi/lib/armv7e-m/fpu\libg_s.a(lib_a-vfprintf_i.o)
 *(.glue_7)
 .glue_7        0x00000000        0x0 linker stubs
 *(.glue_7t)
 .glue_7t       0x00000000        0x0 linker stubs
 *(.eh_frame)
 *fill*         0x00018837        0x1 
 .eh_frame      0x00018838        0x0 c:/program files (x86)/gnu tools arm embedded/4.8 2014q1/bin/../lib/gcc/arm-none-eabi/4.8.3/armv7e-m/fpu/crtbegin.o
 *(.init)
 .init          0x00018838        0x4 c:/program files (x86)/gnu tools arm embedded/4.8 2014q1/bin/../lib/gcc/arm-none-eabi/4.8.3/armv7e-m/fpu/crti.o
                0x00018838                _init
 .init          0x0001883c        0x8 c:/program files (x86)/gnu tools arm embedded/4.8 2014q1/bin/../lib/gcc/arm-none-eabi/4.8.3/armv7e-m/fpu/crtn.o
 *(.fini)
 .fini          0x00018844        0x4 c:/program files (x86)/gnu tools arm embedded/4.8 2014q1/bin/../lib/gcc/arm-none-eabi/4.8.3/armv7e-m/fpu/crti.o
                0x00018844                _fini
 .fini          0x00018848        0x8 c:/program files (x86)/gnu tools arm embedded/4.8 2014q1/bin/../lib/gcc/arm-none-eabi/4.8.3/armv7e-m/fpu/crtn.o
                0x00018850                . = ALIGN (0x4)
                0x00018850                _etext = .

.vfp11_veneer   0x00018850        0x0
 .vfp11_veneer  0x00000000        0x0 linker stubs

.v4_bx          0x00018850        0x0
 .v4_bx         0x00000000        0x0 linker stubs

.iplt           0x00018850        0x0
 .iplt          0x00000000        0x0 c:/program files (x86)/gnu tools arm embedded/4.8 2014q1/bin/../lib/gcc/arm-none-eabi/4.8.3/armv7e-m/fpu/crtbegin.o

.ARM.extab
 *(.ARM.extab* .gnu.linkonce.armextab.*)

.ARM            0x00018850        0x8
                0x00018850                __exidx_start = .
 *(.ARM.exidx*)
 .ARM.exidx     0x00018850        0x8 c:/program files (x86)/gnu tools arm embedded/4.8 2014q1/bin/../lib/gcc/arm-none-eabi/4.8.3/../../../../arm-none-eabi/lib/armv7e-m/fpu/crt0.o
                0x00018858                __exidx_end = .

.rel.dyn        0x00018858        0x0
 .rel.iplt      0x00000000        0x0 c:/program files (x86)/gnu tools arm embedded/4.8 2014q1/bin/../lib/gcc/arm-none-eabi/4.8.3/armv7e-m/fpu/crtbegin.o

.ctors          0x00018858        0x0
                0x00018858                __CTOR_LIST__ = .
 *crtbegin.o(.ctors)
 *(EXCLUDE_FILE(*crtend.o) .ctors)
 *(SORT(.ctors.*))
 *(.ctors)
                0x00018858                __CTOR_END__ = .

.dtors          0x00018858        0x0
                0x00018858                __DTOR_LIST__ = .
 *crtbegin.o(.dtors)
 *(EXCLUDE_FILE(*crtend.o) .dtors)
 *(SORT(.dtors.*))
 *(.dtors)
                0x00018858                __DTOR_END__ = .

.preinit_array  0x00018858        0x0
                0x00018858                PROVIDE (__preinit_array_start, .)
 *(.preinit_array*)
                0x00018858                PROVIDE (__preinit_array_end, .)

.init_array     0x00018858        0x4
                0x00018858                PROVIDE (__init_array_start, .)
 *(SORT(.init_array.*))
 *(.init_array*)
 .init_array    0x00018858        0x4 c:/program files (x86)/gnu tools arm embedded/4.8 2014q1/bin/../lib/gcc/arm-none-eabi/4.8.3/armv7e-m/fpu/crtbegin.o
                0x0001885c                PROVIDE (__init_array_end, .)

.fini_array     0x0001885c        0x4
                0x0001885c                PROVIDE (__fini_array_start, .)
 *(SORT(.fini_array.*))
 *(.fini_array*)
 .fini_array    0x0001885c        0x4 c:/program files (x86)/gnu tools arm embedded/4.8 2014q1/bin/../lib/gcc/arm-none-eabi/4.8.3/armv7e-m/fpu/crtbegin.o
                0x00018860                PROVIDE (__fini_array_end, .)
                0x00018860                ___ROM_AT = .

.data           0x1fff0000      0x148 load address 0x00018860
                0x1fff0000                . = ALIGN (0x4)
                0x1fff0000                _sdata = .
 *(.data)
 *(.data*)
 .data.g_num    0x1fff0000        0x1 ./Sources/main.o
                0x1fff0000                g_num
 .data.g_poll   0x1fff0001        0x1 ./Sources/main.o
                0x1fff0001                g_poll
 *fill*         0x1fff0002        0x2 
 .data.g_serial_state_buf
                0x1fff0004        0xc ./Generated_Code/usb_cdc_pstn.o
 .data.g_trf_direction
                0x1fff0010        0x1 ./Generated_Code/usb_dci_kinetis.o
 *fill*         0x1fff0011        0x3 
 .data.g_device_descriptor
                0x1fff0014       0x14 ./Generated_Code/usb_descriptor.o
                0x1fff0014                g_device_descriptor
 .data.g_config_descriptor
                0x1fff0028       0x44 ./Generated_Code/usb_descriptor.o
                0x1fff0028                g_config_descriptor
 .data.USB_STR_0
                0x1fff006c        0x4 ./Generated_Code/usb_descriptor.o
                0x1fff006c                USB_STR_0
 .data.USB_STR_1
                0x1fff0070       0x20 ./Generated_Code/usb_descriptor.o
                0x1fff0070                USB_STR_1
 .data.USB_STR_2
                0x1fff0090       0x20 ./Generated_Code/usb_descriptor.o
                0x1fff0090                USB_STR_2
 .data.USB_STR_n
                0x1fff00b0       0x24 ./Generated_Code/usb_descriptor.o
                0x1fff00b0                USB_STR_n
 .data.g_line_coding
                0x1fff00d4       0x10 ./Generated_Code/usb_descriptor.o
 .data.impure_data
                0x1fff00e4       0x60 c:/program files (x86)/gnu tools arm embedded/4.8 2014q1/bin/../lib/gcc/arm-none-eabi/4.8.3/../../../../arm-none-eabi/lib/armv7e-m/fpu\libg_s.a(lib_a-impure.o)
 .data._impure_ptr
                0x1fff0144        0x4 c:/program files (x86)/gnu tools arm embedded/4.8 2014q1/bin/../lib/gcc/arm-none-eabi/4.8.3/../../../../arm-none-eabi/lib/armv7e-m/fpu\libg_s.a(lib_a-impure.o)
                0x1fff0144                _impure_ptr
                0x1fff0148                . = ALIGN (0x4)
                0x1fff0148                _edata = .
                0x00000148                ___data_size = (_edata - _sdata)
                0x000189a8                ___m_data_20000000_ROMStart = (___ROM_AT + SIZEOF (.data))

.jcr            0x1fff0148        0x0 load address 0x000189a8
 .jcr           0x1fff0148        0x0 c:/program files (x86)/gnu tools arm embedded/4.8 2014q1/bin/../lib/gcc/arm-none-eabi/4.8.3/armv7e-m/fpu/crtbegin.o

.igot.plt       0x1fff0148        0x0 load address 0x000189a8
 .igot.plt      0x00000000        0x0 c:/program files (x86)/gnu tools arm embedded/4.8 2014q1/bin/../lib/gcc/arm-none-eabi/4.8.3/armv7e-m/fpu/crtbegin.o

.m_data_20000000
                0x20000000        0x0 load address 0x000189a8
                0x20000000                . = ALIGN (0x4)
                0x20000000                ___m_data_20000000_RAMStart = .
 *(.m_data_20000000)
                0x20000000                ___m_data_20000000_RAMEnd = .
                0x20000000                . = ALIGN (0x4)
                0x00000000                ___m_data_20000000_ROMSize = (___m_data_20000000_RAMEnd - ___m_data_20000000_RAMStart)
                0x20000000                . = ALIGN (0x4)

.bss            0x1fff0200      0xe04 load address 0x00018c00
                0x1fff0200                __START_BSS = .
                0x1fff0200                PROVIDE (__bss_start__, __START_BSS)
 *(.bss)
 .bss           0x1fff0200       0x1c c:/program files (x86)/gnu tools arm embedded/4.8 2014q1/bin/../lib/gcc/arm-none-eabi/4.8.3/armv7e-m/fpu/crtbegin.o
 *(.bss*)
 .bss.g_psGrLibDefaults
                0x1fff021c        0x4 ./Sources/grlib/context.o
 .bss.g_lastNum
                0x1fff0220        0x1 ./Sources/main.o
                0x1fff0220                g_lastNum
 .bss.g_action  0x1fff0221        0x1 ./Sources/main.o
                0x1fff0221                g_action
 .bss.start_app
                0x1fff0222        0x1 ./Generated_Code/CDC1.o
 .bss.start_transactions
                0x1fff0223        0x1 ./Generated_Code/CDC1.o
 .bss.transactionOngoing
                0x1fff0224        0x1 ./Generated_Code/CDC1.o
 *fill*         0x1fff0225        0x3 
 .bss.txBuf.7718
                0x1fff0228       0x40 ./Generated_Code/CDC1.o
 .bss.DeviceDataPrv__DEFAULT_RTOS_ALLOC
                0x1fff0268       0x18 ./Generated_Code/CI2C1.o
 .bss.INT_I2C0__DEFAULT_RTOS_ISRPARAM
                0x1fff0280        0x4 ./Generated_Code/CI2C1.o
 .bss.SR_lock   0x1fff0284        0x1 ./Generated_Code/Cpu.o
                0x1fff0284                SR_lock
 *fill*         0x1fff0285        0x3 
 .bss.GI2C1_deviceData
                0x1fff0288        0x8 ./Generated_Code/GI2C1.o
 .bss.PE_LDD_DeviceDataList
                0x1fff0290        0x8 ./Generated_Code/PE_LDD.o
                0x1fff0290                PE_LDD_DeviceDataList
 .bss.Rx1_buffer
                0x1fff0298       0x40 ./Generated_Code/Rx1.o
 .bss.Rx1_inIdx
                0x1fff02d8        0x1 ./Generated_Code/Rx1.o
 .bss.Rx1_outIdx
                0x1fff02d9        0x1 ./Generated_Code/Rx1.o
 .bss.Rx1_inSize
                0x1fff02da        0x1 ./Generated_Code/Rx1.o
 *fill*         0x1fff02db        0x1 
 .bss.TMOUT1_Counters
                0x1fff02dc        0x4 ./Generated_Code/TMOUT1.o
 .bss.TMOUT1_FreeCounters
                0x1fff02e0        0x4 ./Generated_Code/TMOUT1.o
 .bss.DeviceDataPrv__DEFAULT_RTOS_ALLOC
                0x1fff02e4        0x8 ./Generated_Code/TU1.o
 .bss.INT_FTM1__DEFAULT_RTOS_ISRPARAM
                0x1fff02ec        0x4 ./Generated_Code/TU1.o
 .bss.Tx1_buffer
                0x1fff02f0       0x40 ./Generated_Code/Tx1.o
 .bss.Tx1_inIdx
                0x1fff0330        0x1 ./Generated_Code/Tx1.o
 .bss.Tx1_outIdx
                0x1fff0331        0x1 ./Generated_Code/Tx1.o
 .bss.Tx1_inSize
                0x1fff0332        0x1 ./Generated_Code/Tx1.o
 *fill*         0x1fff0333        0x1 
 .bss.g_cdc_class_callback
                0x1fff0334        0x4 ./Generated_Code/usb_cdc.o
 .bss.g_vendor_req_callback
                0x1fff0338        0x4 ./Generated_Code/usb_cdc.o
 .bss.g_cdc_ep  0x1fff033c       0x9c ./Generated_Code/usb_cdc.o
 .bss.g_pstn_callback
                0x1fff03d8        0x4 ./Generated_Code/usb_cdc_pstn.o
 .bss.g_dte_present
                0x1fff03dc        0x1 ./Generated_Code/usb_cdc_pstn.o
 .bss.g_dte_status
                0x1fff03dd        0x1 ./Generated_Code/usb_cdc_pstn.o
 .bss.g_break_duration
                0x1fff03de        0x2 ./Generated_Code/usb_cdc_pstn.o
 .bss.g_current_interface
                0x1fff03e0        0x1 ./Generated_Code/usb_cdc_pstn.o
 *fill*         0x1fff03e1        0x3 
 .bss.g_uart_bitmap
                0x1fff03e4        0x4 ./Generated_Code/usb_cdc_pstn.o
 .bss.g_class_callback
                0x1fff03e8        0x4 ./Generated_Code/usb_class.o
 .bss.g_device_state_before_suspend
                0x1fff03ec        0x1 ./Generated_Code/usb_class.o
 *fill*         0x1fff03ed        0x3 
 .bss.g_bdtmap  0x1fff03f0        0x4 ./Generated_Code/usb_dci_kinetis.o
                0x1fff03f0                g_bdtmap
 .bss.g_bdt_elem
                0x1fff03f4      0x240 ./Generated_Code/usb_dci_kinetis.o
 .bss.g_dci_controller_Id
                0x1fff0634        0x1 ./Generated_Code/usb_dci_kinetis.o
 *fill*         0x1fff0635        0x3 
 .bss.g_bdt_address
                0x1fff0638        0x4 ./Generated_Code/usb_dci_kinetis.o
 .bss.g_abstract_state
                0x1fff063c        0x4 ./Generated_Code/usb_descriptor.o
 .bss.g_country_code
                0x1fff0640        0x4 ./Generated_Code/usb_descriptor.o
 .bss.g_alternate_interface
                0x1fff0644        0x4 ./Generated_Code/usb_descriptor.o
 .bss.g_usb_component_status
                0x1fff0648        0x8 ./Generated_Code/usb_driver.o
 .bss.g_usb_ep_status
                0x1fff0650        0x8 ./Generated_Code/usb_driver.o
 .bss.g_EPn     0x1fff0658        0x1 ./Generated_Code/usb_driver.o
 .bss.g_EPn_max
                0x1fff0659        0x1 ./Generated_Code/usb_driver.o
 *fill*         0x1fff065a        0x2 
 .bss.g_setup_pkt
                0x1fff065c        0x8 ./Generated_Code/usb_framework.o
 .bss.g_std_framework_data
                0x1fff0664        0x2 ./Generated_Code/usb_framework.o
 .bss.g_assigned_address
                0x1fff0666        0x1 ./Generated_Code/usb_framework.o
 *fill*         0x1fff0667        0x1 
 .bss.g_framework_callback
                0x1fff0668        0x4 ./Generated_Code/usb_framework.o
 .bss.g_other_req_callback
                0x1fff066c        0x4 ./Generated_Code/usb_framework.o
 .bss.ext_req_to_host
                0x1fff0670       0x28 ./Generated_Code/usb_framework.o
 .bss.__malloc_sbrk_start
                0x1fff0698        0x4 c:/program files (x86)/gnu tools arm embedded/4.8 2014q1/bin/../lib/gcc/arm-none-eabi/4.8.3/../../../../arm-none-eabi/lib/armv7e-m/fpu\libg_s.a(lib_a-nano-mallocr.o)
                0x1fff0698                __malloc_sbrk_start
 .bss.__malloc_free_list
                0x1fff069c        0x4 c:/program files (x86)/gnu tools arm embedded/4.8 2014q1/bin/../lib/gcc/arm-none-eabi/4.8.3/../../../../arm-none-eabi/lib/armv7e-m/fpu\libg_s.a(lib_a-nano-mallocr.o)
                0x1fff069c                __malloc_free_list
 .bss.heap_end.4243
                0x1fff06a0        0x4 c:/program files (x86)/gnu tools arm embedded/4.8 2014q1/bin/../lib/gcc/arm-none-eabi/4.8.3/../../../../arm-none-eabi/lib/armv7e-m/fpu\libnosys.a(sbrk.o)
 *(COMMON)
 COMMON         0x1fff06a4       0x34 ./Sources/grlib/gfx.o
                0x1fff06a4                g_sContext
                0x1fff06d0                gfx_invalid_bounds
 COMMON         0x1fff06d8      0x418 ./Sources/main.o
                0x1fff06d8                g_context
                0x1fff06f0                i2c_tx_buffer
                0x1fff08f0                i2c_rx_buffer
 COMMON         0x1fff0af0        0x1 ./Generated_Code/Cpu.o
                0x1fff0af0                SR_reg
 *fill*         0x1fff0af1      0x10f 
 COMMON         0x1fff0c00      0x400 ./Generated_Code/usb_dci_kinetis.o
                0x1fff0c00                g_Mem
 COMMON         0x1fff1000        0x4 c:/program files (x86)/gnu tools arm embedded/4.8 2014q1/bin/../lib/gcc/arm-none-eabi/4.8.3/../../../../arm-none-eabi/lib/armv7e-m/fpu\libg_s.a(lib_a-reent.o)
                0x1fff1000                errno
                0x1fff1004                . = ALIGN (0x4)
                0x1fff1004                __END_BSS = .
                0x1fff1004                PROVIDE (__bss_end__, __END_BSS)
                0x000189a8                _romp_at = ((___ROM_AT + SIZEOF (.data)) + SIZEOF (.m_data_20000000))

.romp           0x1fff1004       0x24 load address 0x000189a8
                0x000189a8                __S_romp = _romp_at
                0x1fff1004        0x4 LONG 0x18860 ___ROM_AT
                0x1fff1008        0x4 LONG 0x1fff0000 _sdata
                0x1fff100c        0x4 LONG 0x148 ___data_size
                0x1fff1010        0x4 LONG 0x189a8 ___m_data_20000000_ROMStart
                0x1fff1014        0x4 LONG 0x20000000 ___m_data_20000000_RAMStart
                0x1fff1018        0x4 LONG 0x0 ___m_data_20000000_ROMSize
                0x1fff101c        0x4 LONG 0x0
                0x1fff1020        0x4 LONG 0x0
                0x1fff1024        0x4 LONG 0x0
                0x000ffff0                text_end = (ORIGIN (m_text) + 0xefbf0)
                0x000189cc                data_init_end = ((___m_data_20000000_ROMStart + SIZEOF (.m_data_20000000)) + SIZEOF (.romp))
                0x00000001                ASSERT ((data_init_end <= text_end), region m_text overflowed with text and data)

._user_heap_stack
                0x1fff1028     0x6000 load address 0x000189cc
                0x1fff1028                . = ALIGN (0x4)
                0x1fff1028                PROVIDE (end, .)
                0x1fff1028                PROVIDE (_end, .)
                0x1fff1028                PROVIDE (__end__, .)
                0x1fff1028                __heap_addr = .
                0x1fff1028                __HeapBase = .
                0x1fff5028                . = (. + __heap_size)
 *fill*         0x1fff1028     0x4000 
                0x1fff5028                __HeapLimit = .
                0x1fff7028                . = (. + __stack_size)
 *fill*         0x1fff5028     0x2000 
                0x1fff7028                . = ALIGN (0x4)

.ARM.attributes
                0x00000000       0x30
 *(.ARM.attributes)
 .ARM.attributes
                0x00000000       0x22 c:/program files (x86)/gnu tools arm embedded/4.8 2014q1/bin/../lib/gcc/arm-none-eabi/4.8.3/armv7e-m/fpu/crti.o
 .ARM.attributes
                0x00000022       0x34 c:/program files (x86)/gnu tools arm embedded/4.8 2014q1/bin/../lib/gcc/arm-none-eabi/4.8.3/armv7e-m/fpu/crtbegin.o
 .ARM.attributes
                0x00000056       0x20 c:/program files (x86)/gnu tools arm embedded/4.8 2014q1/bin/../lib/gcc/arm-none-eabi/4.8.3/../../../../arm-none-eabi/lib/armv7e-m/fpu/crt0.o
 .ARM.attributes
                0x00000076       0x39 ./Sources/grlib/font/fontorbitronb16.o
 .ARM.attributes
                0x000000af       0x39 ./Sources/grlib/charmap.o
 .ARM.attributes
                0x000000e8       0x39 ./Sources/grlib/circle.o
 .ARM.attributes
                0x00000121       0x39 ./Sources/grlib/context.o
 .ARM.attributes
                0x0000015a       0x39 ./Sources/grlib/gfx.o
 .ARM.attributes
                0x00000193       0x39 ./Sources/grlib/line.o
 .ARM.attributes
                0x000001cc       0x39 ./Sources/grlib/rectangle.o
 .ARM.attributes
                0x00000205       0x39 ./Sources/grlib/st7789s.o
 .ARM.attributes
                0x0000023e       0x39 ./Sources/grlib/string.o
 .ARM.attributes
                0x00000277       0x39 ./Sources/Events.o
 .ARM.attributes
                0x000002b0       0x39 ./Sources/main.o
 .ARM.attributes
                0x000002e9       0x39 ./Project_Settings/Startup_Code/startup.o
 .ARM.attributes
                0x00000322       0x39 ./Generated_Code/CDC1.o
 .ARM.attributes
                0x0000035b       0x39 ./Generated_Code/CI2C1.o
 .ARM.attributes
                0x00000394       0x39 ./Generated_Code/Cpu.o
 .ARM.attributes
                0x000003cd       0x39 ./Generated_Code/GI2C1.o
 .ARM.attributes
                0x00000406       0x39 ./Generated_Code/PE_LDD.o
 .ARM.attributes
                0x0000043f       0x39 ./Generated_Code/Rx1.o
 .ARM.attributes
                0x00000478       0x39 ./Generated_Code/SysTick.o
 .ARM.attributes
                0x000004b1       0x39 ./Generated_Code/TMOUT1.o
 .ARM.attributes
                0x000004ea       0x39 ./Generated_Code/TU1.o
 .ARM.attributes
                0x00000523       0x39 ./Generated_Code/Tx1.o
 .ARM.attributes
                0x0000055c       0x39 ./Generated_Code/USB0.o
 .ARM.attributes
                0x00000595       0x39 ./Generated_Code/USB1.o
 .ARM.attributes
                0x000005ce       0x39 ./Generated_Code/Vectors.o
 .ARM.attributes
                0x00000607       0x39 ./Generated_Code/WAIT1.o
 .ARM.attributes
                0x00000640       0x39 ./Generated_Code/usb_cdc.o
 .ARM.attributes
                0x00000679       0x39 ./Generated_Code/usb_cdc_pstn.o
 .ARM.attributes
                0x000006b2       0x39 ./Generated_Code/usb_class.o
 .ARM.attributes
                0x000006eb       0x39 ./Generated_Code/usb_dci_kinetis.o
 .ARM.attributes
                0x00000724       0x39 ./Generated_Code/usb_descriptor.o
 .ARM.attributes
                0x0000075d       0x39 ./Generated_Code/usb_driver.o
 .ARM.attributes
                0x00000796       0x39 ./Generated_Code/usb_framework.o
 .ARM.attributes
                0x000007cf       0x39 ./Generated_Code/wdt_kinetis.o
 .ARM.attributes
                0x00000808       0x34 c:/program files (x86)/gnu tools arm embedded/4.8 2014q1/bin/../lib/gcc/arm-none-eabi/4.8.3/../../../../arm-none-eabi/lib/armv7e-m/fpu\libg_s.a(lib_a-exit.o)
 .ARM.attributes
                0x0000083c       0x34 c:/program files (x86)/gnu tools arm embedded/4.8 2014q1/bin/../lib/gcc/arm-none-eabi/4.8.3/../../../../arm-none-eabi/lib/armv7e-m/fpu\libg_s.a(lib_a-impure.o)
 .ARM.attributes
                0x00000870       0x34 c:/program files (x86)/gnu tools arm embedded/4.8 2014q1/bin/../lib/gcc/arm-none-eabi/4.8.3/../../../../arm-none-eabi/lib/armv7e-m/fpu\libg_s.a(lib_a-init.o)
 .ARM.attributes
                0x000008a4       0x34 c:/program files (x86)/gnu tools arm embedded/4.8 2014q1/bin/../lib/gcc/arm-none-eabi/4.8.3/../../../../arm-none-eabi/lib/armv7e-m/fpu\libg_s.a(lib_a-memcpy-stub.o)
 .ARM.attributes
                0x000008d8       0x34 c:/program files (x86)/gnu tools arm embedded/4.8 2014q1/bin/../lib/gcc/arm-none-eabi/4.8.3/../../../../arm-none-eabi/lib/armv7e-m/fpu\libg_s.a(lib_a-memset.o)
 .ARM.attributes
                0x0000090c       0x34 c:/program files (x86)/gnu tools arm embedded/4.8 2014q1/bin/../lib/gcc/arm-none-eabi/4.8.3/../../../../arm-none-eabi/lib/armv7e-m/fpu\libg_s.a(lib_a-sprintf.o)
 .ARM.attributes
                0x00000940       0x34 c:/program files (x86)/gnu tools arm embedded/4.8 2014q1/bin/../lib/gcc/arm-none-eabi/4.8.3/../../../../arm-none-eabi/lib/armv7e-m/fpu\libg_s.a(lib_a-strlen.o)
 .ARM.attributes
                0x00000974       0x34 c:/program files (x86)/gnu tools arm embedded/4.8 2014q1/bin/../lib/gcc/arm-none-eabi/4.8.3/../../../../arm-none-eabi/lib/armv7e-m/fpu\libg_s.a(lib_a-svfprintf.o)
 .ARM.attributes
                0x000009a8       0x34 c:/program files (x86)/gnu tools arm embedded/4.8 2014q1/bin/../lib/gcc/arm-none-eabi/4.8.3/../../../../arm-none-eabi/lib/armv7e-m/fpu\libg_s.a(lib_a-vfprintf_i.o)
 .ARM.attributes
                0x000009dc       0x34 c:/program files (x86)/gnu tools arm embedded/4.8 2014q1/bin/../lib/gcc/arm-none-eabi/4.8.3/../../../../arm-none-eabi/lib/armv7e-m/fpu\libg_s.a(lib_a-memchr-stub.o)
 .ARM.attributes
                0x00000a10       0x34 c:/program files (x86)/gnu tools arm embedded/4.8 2014q1/bin/../lib/gcc/arm-none-eabi/4.8.3/../../../../arm-none-eabi/lib/armv7e-m/fpu\libg_s.a(lib_a-memmove.o)
 .ARM.attributes
                0x00000a44       0x34 c:/program files (x86)/gnu tools arm embedded/4.8 2014q1/bin/../lib/gcc/arm-none-eabi/4.8.3/../../../../arm-none-eabi/lib/armv7e-m/fpu\libg_s.a(lib_a-nano-freer.o)
 .ARM.attributes
                0x00000a78       0x34 c:/program files (x86)/gnu tools arm embedded/4.8 2014q1/bin/../lib/gcc/arm-none-eabi/4.8.3/../../../../arm-none-eabi/lib/armv7e-m/fpu\libg_s.a(lib_a-nano-mallocr.o)
 .ARM.attributes
                0x00000aac       0x34 c:/program files (x86)/gnu tools arm embedded/4.8 2014q1/bin/../lib/gcc/arm-none-eabi/4.8.3/../../../../arm-none-eabi/lib/armv7e-m/fpu\libg_s.a(lib_a-nano-reallocr.o)
 .ARM.attributes
                0x00000ae0       0x34 c:/program files (x86)/gnu tools arm embedded/4.8 2014q1/bin/../lib/gcc/arm-none-eabi/4.8.3/../../../../arm-none-eabi/lib/armv7e-m/fpu\libg_s.a(lib_a-sbrkr.o)
 .ARM.attributes
                0x00000b14       0x34 c:/program files (x86)/gnu tools arm embedded/4.8 2014q1/bin/../lib/gcc/arm-none-eabi/4.8.3/../../../../arm-none-eabi/lib/armv7e-m/fpu\libg_s.a(lib_a-nano-msizer.o)
 .ARM.attributes
                0x00000b48       0x34 c:/program files (x86)/gnu tools arm embedded/4.8 2014q1/bin/../lib/gcc/arm-none-eabi/4.8.3/../../../../arm-none-eabi/lib/armv7e-m/fpu\libg_s.a(lib_a-reent.o)
 .ARM.attributes
                0x00000b7c       0x34 c:/program files (x86)/gnu tools arm embedded/4.8 2014q1/bin/../lib/gcc/arm-none-eabi/4.8.3/../../../../arm-none-eabi/lib/armv7e-m/fpu\libnosys.a(sbrk.o)
 .ARM.attributes
                0x00000bb0       0x34 c:/program files (x86)/gnu tools arm embedded/4.8 2014q1/bin/../lib/gcc/arm-none-eabi/4.8.3/../../../../arm-none-eabi/lib/armv7e-m/fpu\libnosys.a(_exit.o)
 .ARM.attributes
                0x00000be4       0x22 c:/program files (x86)/gnu tools arm embedded/4.8 2014q1/bin/../lib/gcc/arm-none-eabi/4.8.3/armv7e-m/fpu/crtn.o
OUTPUT(4. USB.elf elf32-littlearm)

.debug_info     0x00000000     0xdf57
 .debug_info    0x00000000      0x195 ./Sources/grlib/font/fontorbitronb16.o
 .debug_info    0x00000195      0x9d1 ./Sources/grlib/charmap.o
 .debug_info    0x00000b66      0x75d ./Sources/grlib/circle.o
 .debug_info    0x000012c3      0x5d3 ./Sources/grlib/context.o
 .debug_info    0x00001896      0x9e1 ./Sources/grlib/gfx.o
 .debug_info    0x00002277      0x755 ./Sources/grlib/line.o
 .debug_info    0x000029cc      0x598 ./Sources/grlib/rectangle.o
 .debug_info    0x00002f64      0x989 ./Sources/grlib/st7789s.o
 .debug_info    0x000038ed     0x123e ./Sources/grlib/string.o
 .debug_info    0x00004b2b       0xd9 ./Sources/Events.o
 .debug_info    0x00004c04      0xfbc ./Sources/main.o
 .debug_info    0x00005bc0      0x3b0 ./Project_Settings/Startup_Code/startup.o
 .debug_info    0x00005f70      0x53c ./Generated_Code/CDC1.o
 .debug_info    0x000064ac      0x8f2 ./Generated_Code/CI2C1.o
 .debug_info    0x00006d9e     0x114c ./Generated_Code/Cpu.o
 .debug_info    0x00007eea      0x5bd ./Generated_Code/GI2C1.o
 .debug_info    0x000084a7      0x24d ./Generated_Code/PE_LDD.o
 .debug_info    0x000086f4      0x34b ./Generated_Code/Rx1.o
 .debug_info    0x00008a3f      0x105 ./Generated_Code/SysTick.o
 .debug_info    0x00008b44      0x2b2 ./Generated_Code/TMOUT1.o
 .debug_info    0x00008df6      0x642 ./Generated_Code/TU1.o
 .debug_info    0x00009438      0x34b ./Generated_Code/Tx1.o
 .debug_info    0x00009783      0x5f9 ./Generated_Code/USB0.o
 .debug_info    0x00009d7c      0x25e ./Generated_Code/USB1.o
 .debug_info    0x00009fda      0x116 ./Generated_Code/Vectors.o
 .debug_info    0x0000a0f0      0x14f ./Generated_Code/WAIT1.o
 .debug_info    0x0000a23f      0x794 ./Generated_Code/usb_cdc.o
 .debug_info    0x0000a9d3      0x529 ./Generated_Code/usb_cdc_pstn.o
 .debug_info    0x0000aefc      0x4d0 ./Generated_Code/usb_class.o
 .debug_info    0x0000b3cc     0x138d ./Generated_Code/usb_dci_kinetis.o
 .debug_info    0x0000c759      0x816 ./Generated_Code/usb_descriptor.o
 .debug_info    0x0000cf6f      0x54c ./Generated_Code/usb_driver.o
 .debug_info    0x0000d4bb      0x92f ./Generated_Code/usb_framework.o
 .debug_info    0x0000ddea      0x16d ./Generated_Code/wdt_kinetis.o

.debug_abbrev   0x00000000     0x2e85
 .debug_abbrev  0x00000000       0xb9 ./Sources/grlib/font/fontorbitronb16.o
 .debug_abbrev  0x000000b9       0xfd ./Sources/grlib/charmap.o
 .debug_abbrev  0x000001b6      0x172 ./Sources/grlib/circle.o
 .debug_abbrev  0x00000328      0x12a ./Sources/grlib/context.o
 .debug_abbrev  0x00000452      0x1b5 ./Sources/grlib/gfx.o
 .debug_abbrev  0x00000607      0x1c4 ./Sources/grlib/line.o
 .debug_abbrev  0x000007cb      0x167 ./Sources/grlib/rectangle.o
 .debug_abbrev  0x00000932      0x1cc ./Sources/grlib/st7789s.o
 .debug_abbrev  0x00000afe      0x201 ./Sources/grlib/string.o
 .debug_abbrev  0x00000cff       0x93 ./Sources/Events.o
 .debug_abbrev  0x00000d92      0x263 ./Sources/main.o
 .debug_abbrev  0x00000ff5      0x189 ./Project_Settings/Startup_Code/startup.o
 .debug_abbrev  0x0000117e      0x1ab ./Generated_Code/CDC1.o
 .debug_abbrev  0x00001329      0x1a5 ./Generated_Code/CI2C1.o
 .debug_abbrev  0x000014ce      0x185 ./Generated_Code/Cpu.o
 .debug_abbrev  0x00001653      0x1d5 ./Generated_Code/GI2C1.o
 .debug_abbrev  0x00001828      0x10d ./Generated_Code/PE_LDD.o
 .debug_abbrev  0x00001935      0x189 ./Generated_Code/Rx1.o
 .debug_abbrev  0x00001abe       0x9c ./Generated_Code/SysTick.o
 .debug_abbrev  0x00001b5a       0xaf ./Generated_Code/TMOUT1.o
 .debug_abbrev  0x00001c09      0x16a ./Generated_Code/TU1.o
 .debug_abbrev  0x00001d73      0x189 ./Generated_Code/Tx1.o
 .debug_abbrev  0x00001efc       0xe9 ./Generated_Code/USB0.o
 .debug_abbrev  0x00001fe5      0x10b ./Generated_Code/USB1.o
 .debug_abbrev  0x000020f0       0xa4 ./Generated_Code/Vectors.o
 .debug_abbrev  0x00002194       0xb1 ./Generated_Code/WAIT1.o
 .debug_abbrev  0x00002245      0x1ae ./Generated_Code/usb_cdc.o
 .debug_abbrev  0x000023f3      0x181 ./Generated_Code/usb_cdc_pstn.o
 .debug_abbrev  0x00002574      0x170 ./Generated_Code/usb_class.o
 .debug_abbrev  0x000026e4      0x2a7 ./Generated_Code/usb_dci_kinetis.o
 .debug_abbrev  0x0000298b      0x120 ./Generated_Code/usb_descriptor.o
 .debug_abbrev  0x00002aab      0x192 ./Generated_Code/usb_driver.o
 .debug_abbrev  0x00002c3d      0x1bb ./Generated_Code/usb_framework.o
 .debug_abbrev  0x00002df8       0x8d ./Generated_Code/wdt_kinetis.o

.debug_aranges  0x00000000      0xf30
 .debug_aranges
                0x00000000       0x18 ./Sources/grlib/font/fontorbitronb16.o
 .debug_aranges
                0x00000018       0xe0 ./Sources/grlib/charmap.o
 .debug_aranges
                0x000000f8       0x28 ./Sources/grlib/circle.o
 .debug_aranges
                0x00000120       0x30 ./Sources/grlib/context.o
 .debug_aranges
                0x00000150       0x90 ./Sources/grlib/gfx.o
 .debug_aranges
                0x000001e0       0x40 ./Sources/grlib/line.o
 .debug_aranges
                0x00000220       0x38 ./Sources/grlib/rectangle.o
 .debug_aranges
                0x00000258       0xb0 ./Sources/grlib/st7789s.o
 .debug_aranges
                0x00000308       0xc8 ./Sources/grlib/string.o
 .debug_aranges
                0x000003d0       0x28 ./Sources/Events.o
 .debug_aranges
                0x000003f8       0x68 ./Sources/main.o
 .debug_aranges
                0x00000460       0x50 ./Project_Settings/Startup_Code/startup.o
 .debug_aranges
                0x000004b0       0xa8 ./Generated_Code/CDC1.o
 .debug_aranges
                0x00000558       0x50 ./Generated_Code/CI2C1.o
 .debug_aranges
                0x000005a8      0x318 ./Generated_Code/Cpu.o
 .debug_aranges
                0x000008c0       0xa0 ./Generated_Code/GI2C1.o
 .debug_aranges
                0x00000960       0x30 ./Generated_Code/PE_LDD.o
 .debug_aranges
                0x00000990       0x68 ./Generated_Code/Rx1.o
 .debug_aranges
                0x000009f8       0x20 ./Generated_Code/SysTick.o
 .debug_aranges
                0x00000a18       0x50 ./Generated_Code/TMOUT1.o
 .debug_aranges
                0x00000a68       0x28 ./Generated_Code/TU1.o
 .debug_aranges
                0x00000a90       0x68 ./Generated_Code/Tx1.o
 .debug_aranges
                0x00000af8       0x20 ./Generated_Code/USB0.o
 .debug_aranges
                0x00000b18       0x38 ./Generated_Code/USB1.o
 .debug_aranges
                0x00000b50       0x18 ./Generated_Code/Vectors.o
 .debug_aranges
                0x00000b68       0x40 ./Generated_Code/WAIT1.o
 .debug_aranges
                0x00000ba8       0x58 ./Generated_Code/usb_cdc.o
 .debug_aranges
                0x00000c00       0x58 ./Generated_Code/usb_cdc_pstn.o
 .debug_aranges
                0x00000c58       0x70 ./Generated_Code/usb_class.o
 .debug_aranges
                0x00000cc8       0xc8 ./Generated_Code/usb_dci_kinetis.o
 .debug_aranges
                0x00000d90       0x80 ./Generated_Code/usb_descriptor.o
 .debug_aranges
                0x00000e10       0x70 ./Generated_Code/usb_driver.o
 .debug_aranges
                0x00000e80       0x90 ./Generated_Code/usb_framework.o
 .debug_aranges
                0x00000f10       0x20 ./Generated_Code/wdt_kinetis.o

.debug_macro    0x00000000    0x254fd
 .debug_macro   0x00000000      0x15b ./Sources/grlib/font/fontorbitronb16.o
 .debug_macro   0x0000015b      0x151 ./Sources/grlib/charmap.o
 .debug_macro   0x000002ac      0x701 ./Sources/grlib/charmap.o
 .debug_macro   0x000009ad      0x151 ./Sources/grlib/circle.o
 .debug_macro   0x00000afe      0x157 ./Sources/grlib/context.o
 .debug_macro   0x00000c55      0x18e ./Sources/grlib/gfx.o
 .debug_macro   0x00000de3       0x22 ./Sources/grlib/gfx.o
 .debug_macro   0x00000e05       0xbe ./Sources/grlib/gfx.o
 .debug_macro   0x00000ec3       0x46 ./Sources/grlib/gfx.o
 .debug_macro   0x00000f09      0x151 ./Sources/grlib/line.o
 .debug_macro   0x0000105a      0x15d ./Sources/grlib/rectangle.o
 .debug_macro   0x000011b7      0x1a3 ./Sources/grlib/st7789s.o
 .debug_macro   0x0000135a      0x1cc ./Sources/grlib/st7789s.o
 .debug_macro   0x00001526       0x4c ./Sources/grlib/st7789s.o
 .debug_macro   0x00001572      0x188 ./Sources/grlib/string.o
 .debug_macro   0x000016fa      0x24e ./Sources/Events.o
 .debug_macro   0x00001948     0x1760 ./Sources/Events.o
 .debug_macro   0x000030a8      0x14e ./Sources/Events.o
 .debug_macro   0x000031f6       0x6a ./Sources/Events.o
 .debug_macro   0x00003260     0xde57 ./Sources/Events.o
 .debug_macro   0x000110b7       0x9a ./Sources/Events.o
 .debug_macro   0x00011151       0x22 ./Sources/Events.o
 .debug_macro   0x00011173       0x22 ./Sources/Events.o
 .debug_macro   0x00011195       0x28 ./Sources/Events.o
 .debug_macro   0x000111bd       0x1c ./Sources/Events.o
 .debug_macro   0x000111d9       0x3d ./Sources/Events.o
 .debug_macro   0x00011216       0x51 ./Sources/Events.o
 .debug_macro   0x00011267       0x16 ./Sources/Events.o
 .debug_macro   0x0001127d      0x166 ./Sources/Events.o
 .debug_macro   0x000113e3      0x2a6 ./Sources/Events.o
 .debug_macro   0x00011689       0x10 ./Sources/Events.o
 .debug_macro   0x00011699       0x19 ./Sources/Events.o
 .debug_macro   0x000116b2       0x10 ./Sources/Events.o
 .debug_macro   0x000116c2       0x94 ./Sources/Events.o
 .debug_macro   0x00011756      0x6a0 ./Sources/Events.o
 .debug_macro   0x00011df6       0x51 ./Sources/Events.o
 .debug_macro   0x00011e47       0x23 ./Sources/Events.o
 .debug_macro   0x00011e6a       0x23 ./Sources/Events.o
 .debug_macro   0x00011e8d       0x74 ./Sources/Events.o
 .debug_macro   0x00011f01       0x12 ./Sources/Events.o
 .debug_macro   0x00011f13       0x58 ./Sources/Events.o
 .debug_macro   0x00011f6b      0x351 ./Sources/main.o
 .debug_macro   0x000122bc      0x1d2 ./Sources/main.o
 .debug_macro   0x0001248e      0x121 ./Project_Settings/Startup_Code/startup.o
 .debug_macro   0x000125af       0x4a ./Project_Settings/Startup_Code/startup.o
 .debug_macro   0x000125f9       0x10 ./Project_Settings/Startup_Code/startup.o
 .debug_macro   0x00012609      0x20f ./Project_Settings/Startup_Code/startup.o
 .debug_macro   0x00012818     0xde4b ./Project_Settings/Startup_Code/startup.o
 .debug_macro   0x00020663      0x287 ./Generated_Code/CDC1.o
 .debug_macro   0x000208ea       0xa0 ./Generated_Code/CDC1.o
 .debug_macro   0x0002098a       0x2e ./Generated_Code/CDC1.o
 .debug_macro   0x000209b8       0x1d ./Generated_Code/CDC1.o
 .debug_macro   0x000209d5       0x64 ./Generated_Code/CDC1.o
 .debug_macro   0x00020a39       0x10 ./Generated_Code/CDC1.o
 .debug_macro   0x00020a49       0x10 ./Generated_Code/CDC1.o
 .debug_macro   0x00020a59       0x10 ./Generated_Code/CDC1.o
 .debug_macro   0x00020a69       0x3a ./Generated_Code/CDC1.o
 .debug_macro   0x00020aa3      0x38c ./Generated_Code/CDC1.o
 .debug_macro   0x00020e2f       0x8e ./Generated_Code/CDC1.o
 .debug_macro   0x00020ebd      0x300 ./Generated_Code/CDC1.o
 .debug_macro   0x000211bd       0x22 ./Generated_Code/CDC1.o
 .debug_macro   0x000211df      0x165 ./Generated_Code/CDC1.o
 .debug_macro   0x00021344       0x16 ./Generated_Code/CDC1.o
 .debug_macro   0x0002135a      0x10d ./Generated_Code/CI2C1.o
 .debug_macro   0x00021467       0x37 ./Generated_Code/CI2C1.o
 .debug_macro   0x0002149e      0x4e4 ./Generated_Code/CI2C1.o
 .debug_macro   0x00021982      0x29c ./Generated_Code/CI2C1.o
 .debug_macro   0x00021c1e      0x24a ./Generated_Code/Cpu.o
 .debug_macro   0x00021e68       0x22 ./Generated_Code/Cpu.o
 .debug_macro   0x00021e8a       0xb8 ./Generated_Code/GI2C1.o
 .debug_macro   0x00021f42      0x1fe ./Generated_Code/PE_LDD.o
 .debug_macro   0x00022140       0xb5 ./Generated_Code/Rx1.o
 .debug_macro   0x000221f5       0x1d ./Generated_Code/Rx1.o
 .debug_macro   0x00022212       0x8f ./Generated_Code/SysTick.o
 .debug_macro   0x000222a1       0xa9 ./Generated_Code/TMOUT1.o
 .debug_macro   0x0002234a      0x248 ./Generated_Code/TU1.o
 .debug_macro   0x00022592       0xb5 ./Generated_Code/Tx1.o
 .debug_macro   0x00022647       0x97 ./Generated_Code/USB0.o
 .debug_macro   0x000226de      0x105 ./Generated_Code/USB1.o
 .debug_macro   0x000227e3      0x24c ./Generated_Code/Vectors.o
 .debug_macro   0x00022a2f       0x9a ./Generated_Code/WAIT1.o
 .debug_macro   0x00022ac9      0x121 ./Generated_Code/usb_cdc.o
 .debug_macro   0x00022bea       0x70 ./Generated_Code/usb_cdc.o
 .debug_macro   0x00022c5a     0x174e ./Generated_Code/usb_cdc.o
 .debug_macro   0x000243a8      0x121 ./Generated_Code/usb_cdc_pstn.o
 .debug_macro   0x000244c9      0x108 ./Generated_Code/usb_class.o
 .debug_macro   0x000245d1      0x306 ./Generated_Code/usb_class.o
 .debug_macro   0x000248d7       0x9a ./Generated_Code/usb_class.o
 .debug_macro   0x00024971      0x1ac ./Generated_Code/usb_dci_kinetis.o
 .debug_macro   0x00024b1d       0x69 ./Generated_Code/usb_dci_kinetis.o
 .debug_macro   0x00024b86      0x16a ./Generated_Code/usb_dci_kinetis.o
 .debug_macro   0x00024cf0       0x3a ./Generated_Code/usb_dci_kinetis.o
 .debug_macro   0x00024d2a       0x94 ./Generated_Code/usb_dci_kinetis.o
 .debug_macro   0x00024dbe       0xff ./Generated_Code/usb_descriptor.o
 .debug_macro   0x00024ebd       0xf3 ./Generated_Code/usb_driver.o
 .debug_macro   0x00024fb0       0x6f ./Generated_Code/usb_driver.o
 .debug_macro   0x0002501f      0x27c ./Generated_Code/usb_driver.o
 .debug_macro   0x0002529b      0x1ab ./Generated_Code/usb_framework.o
 .debug_macro   0x00025446       0xb7 ./Generated_Code/wdt_kinetis.o

.debug_line     0x00000000     0x9ccc
 .debug_line    0x00000000      0x2e7 ./Sources/grlib/font/fontorbitronb16.o
 .debug_line    0x000002e7      0x618 ./Sources/grlib/charmap.o
 .debug_line    0x000008ff      0x43e ./Sources/grlib/circle.o
 .debug_line    0x00000d3d      0x3a6 ./Sources/grlib/context.o
 .debug_line    0x000010e3      0x4c2 ./Sources/grlib/gfx.o
 .debug_line    0x000015a5      0x409 ./Sources/grlib/line.o
 .debug_line    0x000019ae      0x358 ./Sources/grlib/rectangle.o
 .debug_line    0x00001d06      0x5b5 ./Sources/grlib/st7789s.o
 .debug_line    0x000022bb      0x6f3 ./Sources/grlib/string.o
 .debug_line    0x000029ae      0x472 ./Sources/Events.o
 .debug_line    0x00002e20      0x6e4 ./Sources/main.o
 .debug_line    0x00003504      0x42a ./Project_Settings/Startup_Code/startup.o
 .debug_line    0x0000392e      0x660 ./Generated_Code/CDC1.o
 .debug_line    0x00003f8e      0x44e ./Generated_Code/CI2C1.o
 .debug_line    0x000043dc      0xc4e ./Generated_Code/Cpu.o
 .debug_line    0x0000502a      0x449 ./Generated_Code/GI2C1.o
 .debug_line    0x00005473      0x467 ./Generated_Code/PE_LDD.o
 .debug_line    0x000058da      0x366 ./Generated_Code/Rx1.o
 .debug_line    0x00005c40      0x266 ./Generated_Code/SysTick.o
 .debug_line    0x00005ea6      0x33c ./Generated_Code/TMOUT1.o
 .debug_line    0x000061e2      0x4bb ./Generated_Code/TU1.o
 .debug_line    0x0000669d      0x366 ./Generated_Code/Tx1.o
 .debug_line    0x00006a03      0x286 ./Generated_Code/USB0.o
 .debug_line    0x00006c89      0x315 ./Generated_Code/USB1.o
 .debug_line    0x00006f9e      0x537 ./Generated_Code/Vectors.o
 .debug_line    0x000074d5      0x2e2 ./Generated_Code/WAIT1.o
 .debug_line    0x000077b7      0x491 ./Generated_Code/usb_cdc.o
 .debug_line    0x00007c48      0x3b9 ./Generated_Code/usb_cdc_pstn.o
 .debug_line    0x00008001      0x400 ./Generated_Code/usb_class.o
 .debug_line    0x00008401      0x7ad ./Generated_Code/usb_dci_kinetis.o
 .debug_line    0x00008bae      0x45d ./Generated_Code/usb_descriptor.o
 .debug_line    0x0000900b      0x45a ./Generated_Code/usb_driver.o
 .debug_line    0x00009465      0x5d6 ./Generated_Code/usb_framework.o
 .debug_line    0x00009a3b      0x291 ./Generated_Code/wdt_kinetis.o

.debug_str      0x00000000    0x76380
 .debug_str     0x00000000     0x71a4 ./Sources/grlib/font/fontorbitronb16.o
                               0x73c2 (size before relaxing)
 .debug_str     0x000071a4      0x3b4 ./Sources/grlib/charmap.o
                               0x76d9 (size before relaxing)
 .debug_str     0x00007558      0x1df ./Sources/grlib/circle.o
                               0x7551 (size before relaxing)
 .debug_str     0x00007737       0xf2 ./Sources/grlib/context.o
                               0x7607 (size before relaxing)
 .debug_str     0x00007829      0x86a ./Sources/grlib/gfx.o
                               0x7dc6 (size before relaxing)
 .debug_str     0x00008093       0xa1 ./Sources/grlib/line.o
                               0x75bc (size before relaxing)
 .debug_str     0x00008134       0xc1 ./Sources/grlib/rectangle.o
                               0x75dc (size before relaxing)
 .debug_str     0x000081f5      0xd68 ./Sources/grlib/st7789s.o
                               0x8849 (size before relaxing)
 .debug_str     0x00008f5d      0x52c ./Sources/grlib/string.o
                               0x7aa1 (size before relaxing)
 .debug_str     0x00009489    0x5fa87 ./Sources/Events.o
                              0x63f42 (size before relaxing)
 .debug_str     0x00068f10      0x35c ./Sources/main.o
                              0x6856c (size before relaxing)
 .debug_str     0x0006926c      0x177 ./Project_Settings/Startup_Code/startup.o
                              0x529f6 (size before relaxing)
 .debug_str     0x000693e3     0x2d36 ./Generated_Code/CDC1.o
                              0x5dec6 (size before relaxing)
 .debug_str     0x0006c119     0x69b7 ./Generated_Code/CI2C1.o
                              0x5efa2 (size before relaxing)
 .debug_str     0x00072ad0      0x866 ./Generated_Code/Cpu.o
                              0x64953 (size before relaxing)
 .debug_str     0x00073336      0x24c ./Generated_Code/GI2C1.o
                              0x58255 (size before relaxing)
 .debug_str     0x00073582      0x17e ./Generated_Code/PE_LDD.o
                              0x640ab (size before relaxing)
 .debug_str     0x00073700      0x166 ./Generated_Code/Rx1.o
                              0x57d67 (size before relaxing)
 .debug_str     0x00073866       0x50 ./Generated_Code/SysTick.o
                              0x57967 (size before relaxing)
 .debug_str     0x000738b6       0xfc ./Generated_Code/TMOUT1.o
                              0x57d4c (size before relaxing)
 .debug_str     0x000739b2       0xd3 ./Generated_Code/TU1.o
                              0x6420e (size before relaxing)